---
source: crates/wolf_wir/tests/lower_corpus.rs
expression: out
---
decl @__wolf_rt_region_ambient_enter(ptr) -> ptr
decl @__wolf_rt_region_ambient_leave(ptr)
decl @build(i64) -> {i64, i64}
decl @score({i64, i64}) -> i64

fn @build(i64) -> {i64, i64} {
b0(%0: i64):
  %1 = iconst.i64 1
  %2 = iadd.chk %0, %1
  %3 = agg.make %0, %2
  ret %3
}

fn @score({i64, i64}) -> i64 {
b0(%0: {i64, i64}):
  %1 = agg.get %0, 0
  %2 = agg.get %0, 1
  %3 = imul.chk %1, %2
  ret %3
}

fn @main() -> i64 {
b0:
  %0 = iconst.i64 0
  %1: ptr, %2: mem.r0 = region.new
  %3 = call @__wolf_rt_region_ambient_enter(%1)
  %4 = iconst.i64 1
  %5 = iconst.i64 4
  jmp b1(%4, %0)
b1(%6: i64, %7: i64):
  %8 = icmp.slt %6, %5
  br %8, b2, b4
b2:
  %9 = call @build(%6)
  %10 = call @score(%9)
  %11 = iadd.chk %7, %10
  jmp b3
b3:
  %12 = iadd.chk %6, %4
  jmp b1(%12, %11)
b4:
  call @__wolf_rt_region_ambient_leave(%3)
  region.free %1, %2
  %13 = iconst.i64 20
  %14 = icmp.eq %7, %13
  br %14, b5, b6
b5:
  jmp b7(%0)
b6:
  jmp b7(%4)
b7(%15: i64):
  ret %15
}
