---
source: crates/wolf_lex/tests/corpus_snapshots.rs
expression: lexed.dump(&bytes)
---
    lead  InnerDocComment 0..22 "//! check: fail(E1002)"
    lead  Whitespace 22..23 "\n"
    lead  InnerDocComment 23..43 "//! phase: typecheck"
    lead  Whitespace 43..44 "\n"
    lead  InnerDocComment 44..129 "//! conforms: mem.tier0.excl.4, mem.…"
    lead  Whitespace 129..130 "\n"
    lead  InnerDocComment 130..133 "//!"
    lead  Whitespace 133..134 "\n"
    lead  InnerDocComment 134..205 "//! s192 (wolf-lang#487) — the `mut`…"
    lead  Whitespace 205..206 "\n"
    lead  InnerDocComment 206..276 "//! INSIDE its own argument. Through…"
    lead  Whitespace 276..277 "\n"
    lead  InnerDocComment 277..345 "//! and printed `4 7`; lupin 0.1.42 …"
    lead  Whitespace 345..347 "\n\n"
Kw(Fn) 347..349 "fn"
    trail Whitespace 349..350 " "
Ident 350..354 "main"
Punct(LParen) 354..355 "("
Punct(RParen) 355..356 ")"
    trail Whitespace 356..357 " "
Punct(Arrow) 357..359 "->"
    trail Whitespace 359..360 " "
Punct(Not) 360..361 "!"
Ident 361..364 "int"
    trail Whitespace 364..365 " "
Punct(LBrace) 365..366 "{"
    lead  Whitespace 366..371 "\n    "
Kw(Var) 371..374 "var"
    trail Whitespace 374..375 " "
Ident 375..377 "xs"
    trail Whitespace 377..378 " "
Punct(Eq) 378..379 "="
    trail Whitespace 379..380 " "
Punct(LBracket) 380..381 "["
Int 381..382 "1"
Punct(Comma) 382..383 ","
    trail Whitespace 383..384 " "
Int 384..385 "2"
Punct(RBracket) 385..386 "]"
Term 386..387 "\n"
    lead  Whitespace 387..391 "    "
Punct(LParen) 391..392 "("
Kw(Mut) 392..395 "mut"
    trail Whitespace 395..396 " "
Ident 396..398 "xs"
Punct(RParen) 398..399 ")"
Punct(Dot) 399..400 "."
Ident 400..404 "push"
Punct(LParen) 404..405 "("
Punct(LBrace) 405..406 "{"
    lead  Whitespace 406..415 "\n        "
Punct(LParen) 415..416 "("
Kw(Mut) 416..419 "mut"
    trail Whitespace 419..420 " "
Ident 420..422 "xs"
Punct(RParen) 422..423 ")"
Punct(Dot) 423..424 "."
Ident 424..428 "push"
Punct(LParen) 428..429 "("
Int 429..430 "7"
Punct(RParen) 430..431 ")"
    trail Whitespace 431..433 "  "
    trail LineComment 433..489 "// ERROR E1002: xs claimed inside it…"
Term 489..490 "\n"
    lead  Whitespace 490..498 "        "
Int 498..499 "5"
Term 499..500 "\n"
    lead  Whitespace 500..504 "    "
Punct(RBrace) 504..505 "}"
Punct(RParen) 505..506 ")"
Term 506..507 "\n"
    lead  Whitespace 507..511 "    "
Ident 511..516 "print"
Punct(LParen) 516..517 "("
StrBegin(Plain) 517..518 "\""
InterpOpen 518..519 "{"
Ident 519..521 "xs"
Punct(Dot) 521..522 "."
Ident 522..525 "len"
InterpClose 525..526 "}"
StrFragment 526..527 " "
InterpOpen 527..528 "{"
Ident 528..530 "xs"
Punct(LBracket) 530..531 "["
Int 531..532 "2"
Punct(RBracket) 532..533 "]"
InterpClose 533..534 "}"
StrEnd { dedent: 0 } 534..535 "\""
Punct(RParen) 535..536 ")"
Term 536..537 "\n"
    lead  Whitespace 537..541 "    "
Int 541..542 "0"
Term 542..543 "\n"
Punct(RBrace) 543..544 "}"
Term 544..545 "\n"
Eof 545..545 ""
