---
source: crates/wolf_lex/tests/corpus_snapshots.rs
expression: lexed.dump(&bytes)
---
    lead  InnerDocComment 0..118 "//! check: run(exit=0, stdout=\"got: …"
    lead  Whitespace 118..119 "\n"
    lead  InnerDocComment 119..133 "//! phase: run"
    lead  Whitespace 133..134 "\n"
    lead  InnerDocComment 134..171 "//! conforms: os.env.unset, err.unio…"
    lead  Whitespace 171..172 "\n"
    lead  InnerDocComment 172..175 "//!"
    lead  Whitespace 175..176 "\n"
    lead  InnerDocComment 176..244 "//! s225 (`[os.env.unset]`; wolf-lan…"
    lead  Whitespace 244..245 "\n"
    lead  InnerDocComment 245..316 "//! variable: `env_get` answers `mis…"
    lead  Whitespace 316..317 "\n"
    lead  InnerDocComment 317..381 "//! that is not there succeeds (POSI…"
    lead  Whitespace 381..382 "\n"
    lead  InnerDocComment 382..486 "//! `env_set` refuses (`=`, empty) a…"
    lead  Whitespace 486..487 "\n"
    lead  InnerDocComment 487..558 "//! machine runs it: the checked mac…"
    lead  Whitespace 558..559 "\n"
    lead  InnerDocComment 559..630 "//! native and release over the prog…"
    lead  Whitespace 630..631 "\n"
    lead  InnerDocComment 631..697 "//! no longer sees an unset variable…"
    lead  Whitespace 697..698 "\n"
    lead  InnerDocComment 698..770 "//! witness in `crates/wolf_driver/t…"
    lead  Whitespace 770..771 "\n"
    lead  InnerDocComment 771..840 "//! no longer lists it is pinned bes…"
    lead  Whitespace 840..841 "\n"
    lead  InnerDocComment 841..904 "//! runtime\'s own tests, not here: l…"
    lead  Whitespace 904..905 "\n"
    lead  InnerDocComment 905..976 "//! environment is hermetic, s40), s…"
    lead  Whitespace 976..977 "\n"
    lead  InnerDocComment 977..1015 "//! for a reason that is not this on…"
    lead  Whitespace 1015..1017 "\n\n"
Kw(Fn) 1017..1019 "fn"
    trail Whitespace 1019..1020 " "
Ident 1020..1024 "main"
Punct(LParen) 1024..1025 "("
Punct(RParen) 1025..1026 ")"
    trail Whitespace 1026..1027 " "
Punct(Arrow) 1027..1029 "->"
    trail Whitespace 1029..1030 " "
Punct(Not) 1030..1031 "!"
Ident 1031..1034 "int"
    trail Whitespace 1034..1035 " "
Punct(LBrace) 1035..1036 "{"
    lead  Whitespace 1036..1041 "\n    "
Ident 1041..1048 "env_set"
Punct(LParen) 1048..1049 "("
StrBegin(Plain) 1049..1050 "\""
StrFragment 1050..1063 "WOLF_S225_DEN"
StrEnd { dedent: 0 } 1063..1064 "\""
Punct(Comma) 1064..1065 ","
    trail Whitespace 1065..1066 " "
StrBegin(Plain) 1066..1067 "\""
StrFragment 1067..1071 "tarn"
StrEnd { dedent: 0 } 1071..1072 "\""
Punct(RParen) 1072..1073 ")"
Punct(Question) 1073..1074 "?"
Term 1074..1075 "\n"
    lead  Whitespace 1075..1079 "    "
Kw(Let) 1079..1082 "let"
    trail Whitespace 1082..1083 " "
Ident 1083..1084 "v"
    trail Whitespace 1084..1085 " "
Punct(Eq) 1085..1086 "="
    trail Whitespace 1086..1087 " "
Ident 1087..1094 "env_get"
Punct(LParen) 1094..1095 "("
StrBegin(Plain) 1095..1096 "\""
StrFragment 1096..1109 "WOLF_S225_DEN"
StrEnd { dedent: 0 } 1109..1110 "\""
Punct(RParen) 1110..1111 ")"
Punct(Question) 1111..1112 "?"
Term 1112..1113 "\n"
    lead  Whitespace 1113..1117 "    "
Ident 1117..1122 "print"
Punct(LParen) 1122..1123 "("
StrBegin(Plain) 1123..1124 "\""
StrFragment 1124..1129 "got: "
InterpOpen 1129..1130 "{"
Ident 1130..1131 "v"
InterpClose 1131..1132 "}"
StrEnd { dedent: 0 } 1132..1133 "\""
Punct(RParen) 1133..1134 ")"
Term 1134..1135 "\n"
    lead  Whitespace 1135..1139 "    "
Ident 1139..1148 "env_unset"
Punct(LParen) 1148..1149 "("
StrBegin(Plain) 1149..1150 "\""
StrFragment 1150..1163 "WOLF_S225_DEN"
StrEnd { dedent: 0 } 1163..1164 "\""
Punct(RParen) 1164..1165 ")"
Punct(Question) 1165..1166 "?"
Term 1166..1167 "\n"
    lead  Whitespace 1167..1171 "    "
Kw(Let) 1171..1174 "let"
    trail Whitespace 1174..1175 " "
Ident 1175..1179 "gone"
    trail Whitespace 1179..1180 " "
Punct(Eq) 1180..1181 "="
    trail Whitespace 1181..1182 " "
Ident 1182..1189 "env_get"
Punct(LParen) 1189..1190 "("
StrBegin(Plain) 1190..1191 "\""
StrFragment 1191..1204 "WOLF_S225_DEN"
StrEnd { dedent: 0 } 1204..1205 "\""
Punct(RParen) 1205..1206 ")"
    trail Whitespace 1206..1207 " "
Kw(Else) 1207..1211 "else"
    trail Whitespace 1211..1212 " "
Punct(Pipe) 1212..1213 "|"
Underscore 1213..1214 "_"
Punct(Pipe) 1214..1215 "|"
    trail Whitespace 1215..1216 " "
StrBegin(Plain) 1216..1217 "\""
StrFragment 1217..1226 "<missing>"
StrEnd { dedent: 0 } 1226..1227 "\""
Term 1227..1228 "\n"
    lead  Whitespace 1228..1232 "    "
Ident 1232..1237 "print"
Punct(LParen) 1237..1238 "("
StrBegin(Plain) 1238..1239 "\""
StrFragment 1239..1246 "after: "
InterpOpen 1246..1247 "{"
Ident 1247..1251 "gone"
InterpClose 1251..1252 "}"
StrEnd { dedent: 0 } 1252..1253 "\""
Punct(RParen) 1253..1254 ")"
Term 1254..1255 "\n"
    lead  Whitespace 1255..1259 "    "
Ident 1259..1268 "env_unset"
Punct(LParen) 1268..1269 "("
StrBegin(Plain) 1269..1270 "\""
StrFragment 1270..1289 "WOLF_S225_NEVER_SET"
StrEnd { dedent: 0 } 1289..1290 "\""
Punct(RParen) 1290..1291 ")"
Punct(Question) 1291..1292 "?"
Term 1292..1293 "\n"
    lead  Whitespace 1293..1297 "    "
Ident 1297..1302 "print"
Punct(LParen) 1302..1303 "("
StrBegin(Plain) 1303..1304 "\""
StrFragment 1304..1314 "absent: ok"
StrEnd { dedent: 0 } 1314..1315 "\""
Punct(RParen) 1315..1316 ")"
Term 1316..1317 "\n"
    lead  Whitespace 1317..1321 "    "
Ident 1321..1330 "env_unset"
Punct(LParen) 1330..1331 "("
StrBegin(Plain) 1331..1332 "\""
StrEnd { dedent: 0 } 1332..1333 "\""
Punct(RParen) 1333..1334 ")"
    trail Whitespace 1334..1335 " "
Kw(Else) 1335..1339 "else"
    trail Whitespace 1339..1340 " "
Punct(Pipe) 1340..1341 "|"
Underscore 1341..1342 "_"
Punct(Pipe) 1342..1343 "|"
    trail Whitespace 1343..1344 " "
Ident 1344..1349 "print"
Punct(LParen) 1349..1350 "("
StrBegin(Plain) 1350..1351 "\""
StrFragment 1351..1365 "empty: invalid"
StrEnd { dedent: 0 } 1365..1366 "\""
Punct(RParen) 1366..1367 ")"
Term 1367..1368 "\n"
    lead  Whitespace 1368..1372 "    "
Ident 1372..1381 "env_unset"
Punct(LParen) 1381..1382 "("
StrBegin(Plain) 1382..1383 "\""
StrFragment 1383..1386 "A=B"
StrEnd { dedent: 0 } 1386..1387 "\""
Punct(RParen) 1387..1388 ")"
    trail Whitespace 1388..1389 " "
Kw(Else) 1389..1393 "else"
    trail Whitespace 1393..1394 " "
Punct(Pipe) 1394..1395 "|"
Underscore 1395..1396 "_"
Punct(Pipe) 1396..1397 "|"
    trail Whitespace 1397..1398 " "
Ident 1398..1403 "print"
Punct(LParen) 1403..1404 "("
StrBegin(Plain) 1404..1405 "\""
StrFragment 1405..1420 "equals: invalid"
StrEnd { dedent: 0 } 1420..1421 "\""
Punct(RParen) 1421..1422 ")"
Term 1422..1423 "\n"
    lead  Whitespace 1423..1427 "    "
Ident 1427..1434 "env_set"
Punct(LParen) 1434..1435 "("
StrBegin(Plain) 1435..1436 "\""
StrFragment 1436..1449 "WOLF_S225_DEN"
StrEnd { dedent: 0 } 1449..1450 "\""
Punct(Comma) 1450..1451 ","
    trail Whitespace 1451..1452 " "
StrBegin(Plain) 1452..1453 "\""
StrFragment 1453..1457 "fell"
StrEnd { dedent: 0 } 1457..1458 "\""
Punct(RParen) 1458..1459 ")"
Punct(Question) 1459..1460 "?"
Term 1460..1461 "\n"
    lead  Whitespace 1461..1465 "    "
Kw(Let) 1465..1468 "let"
    trail Whitespace 1468..1469 " "
Ident 1469..1473 "back"
    trail Whitespace 1473..1474 " "
Punct(Eq) 1474..1475 "="
    trail Whitespace 1475..1476 " "
Ident 1476..1483 "env_get"
Punct(LParen) 1483..1484 "("
StrBegin(Plain) 1484..1485 "\""
StrFragment 1485..1498 "WOLF_S225_DEN"
StrEnd { dedent: 0 } 1498..1499 "\""
Punct(RParen) 1499..1500 ")"
Punct(Question) 1500..1501 "?"
Term 1501..1502 "\n"
    lead  Whitespace 1502..1506 "    "
Ident 1506..1511 "print"
Punct(LParen) 1511..1512 "("
StrBegin(Plain) 1512..1513 "\""
StrFragment 1513..1520 "again: "
InterpOpen 1520..1521 "{"
Ident 1521..1525 "back"
InterpClose 1525..1526 "}"
StrEnd { dedent: 0 } 1526..1527 "\""
Punct(RParen) 1527..1528 ")"
Term 1528..1529 "\n"
    lead  Whitespace 1529..1533 "    "
Int 1533..1534 "0"
Term 1534..1535 "\n"
Punct(RBrace) 1535..1536 "}"
Term 1536..1537 "\n"
Eof 1537..1537 ""
