---
source: crates/wolf_lex/tests/corpus_snapshots.rs
expression: lexed.dump(&bytes)
---
    lead  InnerDocComment 0..44 "//! check: run(exit=0, stdout=\"run f…"
    lead  Whitespace 44..45 "\n"
    lead  InnerDocComment 45..59 "//! phase: run"
    lead  Whitespace 59..60 "\n"
    lead  InnerDocComment 60..146 "//! conforms: type.unit.context, typ…"
    lead  Whitespace 146..147 "\n"
    lead  InnerDocComment 147..163 "//! warns: W0601"
    lead  Whitespace 163..164 "\n"
    lead  InnerDocComment 164..167 "//!"
    lead  Whitespace 167..168 "\n"
    lead  InnerDocComment 168..239 "//! s208 (ruling #34 = A, wolf-lang#…"
    lead  Whitespace 239..240 "\n"
    lead  InnerDocComment 240..313 "//! the fallible tail: a closure che…"
    lead  Whitespace 313..314 "\n"
    lead  InnerDocComment 314..380 "//! whose body ends in an else-less …"
    lead  Whitespace 380..381 "\n"
    lead  InnerDocComment 381..449 "//! context there as in a fn, so the…"
    lead  Whitespace 449..450 "\n"
    lead  InnerDocComment 450..518 "//! `f(true)?` in `run` has nothing …"
    lead  Whitespace 518..519 "\n"
    lead  InnerDocComment 519..590 "//! release and lupin let the raise …"
    lead  Whitespace 590..591 "\n"
    lead  InnerDocComment 591..653 "//! checked machine does not execute…"
    lead  Whitespace 653..655 "\n\n"
Kw(Fn) 655..657 "fn"
    trail Whitespace 657..658 " "
Ident 658..662 "boom"
Punct(LParen) 662..663 "("
Punct(RParen) 663..664 ")"
    trail Whitespace 664..665 " "
Punct(Arrow) 665..667 "->"
    trail Whitespace 667..668 " "
Punct(LParen) 668..669 "("
Punct(RParen) 669..670 ")"
    trail Whitespace 670..671 " "
Punct(Not) 671..672 "!"
    trail Whitespace 672..673 " "
Punct(LBrace) 673..674 "{"
Ident 674..677 "bad"
Punct(RBrace) 677..678 "}"
    trail Whitespace 678..679 " "
Punct(LBrace) 679..680 "{"
    lead  Whitespace 680..685 "\n    "
Kw(Return) 685..691 "return"
    trail Whitespace 691..692 " "
Ident 692..695 "bad"
Term 695..696 "\n"
Punct(RBrace) 696..697 "}"
Term 697..698 "\n"
    lead  Whitespace 698..699 "\n"
Kw(Fn) 699..701 "fn"
    trail Whitespace 701..702 " "
Ident 702..705 "run"
Punct(LParen) 705..706 "("
Ident 706..707 "f"
Punct(Colon) 707..708 ":"
    trail Whitespace 708..709 " "
Kw(Fn) 709..711 "fn"
Punct(LParen) 711..712 "("
Ident 712..716 "bool"
Punct(RParen) 716..717 ")"
    trail Whitespace 717..718 " "
Punct(Arrow) 718..720 "->"
    trail Whitespace 720..721 " "
Punct(LParen) 721..722 "("
Punct(RParen) 722..723 ")"
    trail Whitespace 723..724 " "
Punct(Not) 724..725 "!"
    trail Whitespace 725..726 " "
Punct(LBrace) 726..727 "{"
Ident 727..730 "bad"
Punct(RBrace) 730..731 "}"
Punct(RParen) 731..732 ")"
    trail Whitespace 732..733 " "
Punct(Arrow) 733..735 "->"
    trail Whitespace 735..736 " "
Punct(LParen) 736..737 "("
Punct(RParen) 737..738 ")"
    trail Whitespace 738..739 " "
Punct(Not) 739..740 "!"
    trail Whitespace 740..741 " "
Punct(LBrace) 741..742 "{"
Ident 742..745 "bad"
Punct(RBrace) 745..746 "}"
    trail Whitespace 746..747 " "
Punct(LBrace) 747..748 "{"
    lead  Whitespace 748..753 "\n    "
Ident 753..754 "f"
Punct(LParen) 754..755 "("
Kw(True) 755..759 "true"
Punct(RParen) 759..760 ")"
Punct(Question) 760..761 "?"
Term 761..762 "\n"
Punct(RBrace) 762..763 "}"
Term 763..764 "\n"
    lead  Whitespace 764..765 "\n"
Kw(Fn) 765..767 "fn"
    trail Whitespace 767..768 " "
Ident 768..772 "main"
Punct(LParen) 772..773 "("
Punct(RParen) 773..774 ")"
    trail Whitespace 774..775 " "
Punct(Arrow) 775..777 "->"
    trail Whitespace 777..778 " "
Punct(Not) 778..779 "!"
Ident 779..782 "int"
    trail Whitespace 782..783 " "
Punct(LBrace) 783..784 "{"
    lead  Whitespace 784..789 "\n    "
Kw(Var) 789..792 "var"
    trail Whitespace 792..793 " "
Ident 793..799 "raised"
    trail Whitespace 799..800 " "
Punct(Eq) 800..801 "="
    trail Whitespace 801..802 " "
Kw(False) 802..807 "false"
Term 807..808 "\n"
    lead  Whitespace 808..812 "    "
Ident 812..815 "run"
Punct(LParen) 815..816 "("
Kw(Fn) 816..818 "fn"
Punct(LParen) 818..819 "("
Ident 819..820 "c"
Punct(Colon) 820..821 ":"
    trail Whitespace 821..822 " "
Ident 822..826 "bool"
Punct(RParen) 826..827 ")"
    trail Whitespace 827..828 " "
Punct(LBrace) 828..829 "{"
    trail Whitespace 829..830 " "
Kw(If) 830..832 "if"
    trail Whitespace 832..833 " "
Ident 833..834 "c"
    trail Whitespace 834..835 " "
Punct(LBrace) 835..836 "{"
    trail Whitespace 836..837 " "
Ident 837..841 "boom"
Punct(LParen) 841..842 "("
Punct(RParen) 842..843 ")"
    trail Whitespace 843..844 " "
Punct(RBrace) 844..845 "}"
    trail Whitespace 845..846 " "
Punct(RBrace) 846..847 "}"
Punct(RParen) 847..848 ")"
    trail Whitespace 848..849 " "
Kw(Else) 849..853 "else"
    trail Whitespace 853..854 " "
Punct(Pipe) 854..855 "|"
Underscore 855..856 "_"
Punct(Pipe) 856..857 "|"
    trail Whitespace 857..858 " "
Punct(LBrace) 858..859 "{"
    trail Whitespace 859..860 " "
Ident 860..866 "raised"
    trail Whitespace 866..867 " "
Punct(Eq) 867..868 "="
    trail Whitespace 868..869 " "
Kw(True) 869..873 "true"
    trail Whitespace 873..874 " "
Punct(RBrace) 874..875 "}"
Term 875..876 "\n"
    lead  Whitespace 876..880 "    "
Ident 880..885 "print"
Punct(LParen) 885..886 "("
StrBegin(Plain) 886..887 "\""
StrFragment 887..891 "run "
InterpOpen 891..892 "{"
Ident 892..898 "raised"
InterpClose 898..899 "}"
StrEnd { dedent: 0 } 899..900 "\""
Punct(RParen) 900..901 ")"
Term 901..902 "\n"
    lead  Whitespace 902..906 "    "
Int 906..907 "0"
Term 907..908 "\n"
Punct(RBrace) 908..909 "}"
Term 909..910 "\n"
Eof 910..910 ""
