---
source: crates/wolf_lex/tests/corpus_snapshots.rs
expression: lexed.dump(&bytes)
---
    lead  InnerDocComment 0..16 "//! member: true"
    lead  Whitespace 16..17 "\n"
    lead  InnerDocComment 17..20 "//!"
    lead  Whitespace 20..21 "\n"
    lead  InnerDocComment 21..85 "//! A FIXTURE std root for the corpu…"
    lead  Whitespace 85..86 "\n"
    lead  InnerDocComment 86..151 "//! (s166, `[type.method.root]`): th…"
    lead  Whitespace 151..152 "\n"
    lead  InnerDocComment 152..224 "//! `[type.comb.set]`, written out s…"
    lead  Whitespace 224..225 "\n"
    lead  InnerDocComment 225..299 "//! module to resolve to. Not wolf-s…"
    lead  Whitespace 299..300 "\n"
    lead  InnerDocComment 300..347 "//! the real ones, and nothing here …"
    lead  Whitespace 347..349 "\n\n"
Kw(Pub) 349..352 "pub"
    trail Whitespace 352..353 " "
Kw(Fn) 353..355 "fn"
    trail Whitespace 355..356 " "
Ident 356..364 "is_blank"
Punct(LParen) 364..365 "("
Ident 365..366 "s"
Punct(Colon) 366..367 ":"
    trail Whitespace 367..368 " "
Ident 368..371 "str"
Punct(RParen) 371..372 ")"
    trail Whitespace 372..373 " "
Punct(Arrow) 373..375 "->"
    trail Whitespace 375..376 " "
Ident 376..380 "bool"
    trail Whitespace 380..381 " "
Punct(LBrace) 381..382 "{"
    lead  Whitespace 382..387 "\n    "
Ident 387..388 "s"
Punct(Dot) 388..389 "."
Ident 389..393 "trim"
Punct(LParen) 393..394 "("
Punct(RParen) 394..395 ")"
Punct(Dot) 395..396 "."
Ident 396..404 "is_empty"
Punct(LParen) 404..405 "("
Punct(RParen) 405..406 ")"
Term 406..407 "\n"
Punct(RBrace) 407..408 "}"
Term 408..409 "\n"
Eof 409..409 ""
