---
source: crates/wolf_lex/tests/corpus_snapshots.rs
expression: lexed.dump(&bytes)
---
    lead  InnerDocComment 0..22 "//! check: run(exit=0)"
    lead  Whitespace 22..23 "\n"
    lead  InnerDocComment 23..37 "//! phase: run"
    lead  Whitespace 37..38 "\n"
    lead  InnerDocComment 38..126 "//! conforms: task.scope, task.chann…"
    lead  Whitespace 126..127 "\n"
    lead  InnerDocComment 127..130 "//!"
    lead  Whitespace 130..131 "\n"
    lead  InnerDocComment 131..202 "//! Concurrency surface (D13–D16): s…"
    lead  Whitespace 202..203 "\n"
    lead  InnerDocComment 203..271 "//! `select` with timeout arms, proc…"
    lead  Whitespace 271..272 "\n"
    lead  InnerDocComment 272..337 "//! `monitor`, region `move` through…"
    lead  Whitespace 337..338 "\n"
    lead  InnerDocComment 338..399 "//! multi-acquire (deadlock-free by …"
    lead  Whitespace 399..400 "\n"
    lead  InnerDocComment 400..474 "//! NOTE: exact API names ride the s…"
    lead  Whitespace 474..475 "\n"
    lead  InnerDocComment 475..532 "//! same commit as spec surface chan…"
    lead  Whitespace 532..533 "\n"
    lead  InnerDocComment 533..603 "//! Self-contained since 2026-08-10 …"
    lead  Whitespace 603..604 "\n"
    lead  InnerDocComment 604..646 "//! the file calls is defined in the…"
    lead  Whitespace 646..648 "\n\n"
Kw(Fn) 648..650 "fn"
    trail Whitespace 650..651 " "
Ident 651..662 "build_batch"
Punct(LParen) 662..663 "("
Punct(RParen) 663..664 ")"
    trail Whitespace 664..665 " "
Punct(Arrow) 665..667 "->"
    trail Whitespace 667..668 " "
Ident 668..672 "List"
Punct(LBracket) 672..673 "["
Ident 673..676 "int"
Punct(RBracket) 676..677 "]"
    trail Whitespace 677..678 " "
Punct(LBrace) 678..679 "{"
    lead  Whitespace 679..684 "\n    "
Kw(Var) 684..687 "var"
    trail Whitespace 687..688 " "
Ident 688..690 "xs"
    trail Whitespace 690..691 " "
Punct(Eq) 691..692 "="
    trail Whitespace 692..693 " "
Ident 693..697 "List"
Punct(LBracket) 697..698 "["
Ident 698..701 "int"
Punct(RBracket) 701..702 "]"
Punct(LParen) 702..703 "("
Punct(RParen) 703..704 ")"
Term 704..705 "\n"
    lead  Whitespace 705..709 "    "
Kw(For) 709..712 "for"
    trail Whitespace 712..713 " "
Ident 713..714 "i"
    trail Whitespace 714..715 " "
Kw(In) 715..717 "in"
    trail Whitespace 717..718 " "
Int 718..719 "0"
Punct(DotDot) 719..721 ".."
Int 721..722 "4"
    trail Whitespace 722..723 " "
Punct(LBrace) 723..724 "{"
    trail Whitespace 724..725 " "
Punct(LParen) 725..726 "("
Kw(Mut) 726..729 "mut"
    trail Whitespace 729..730 " "
Ident 730..732 "xs"
Punct(RParen) 732..733 ")"
Punct(Dot) 733..734 "."
Ident 734..738 "push"
Punct(LParen) 738..739 "("
Ident 739..740 "i"
    trail Whitespace 740..741 " "
Punct(Star) 741..742 "*"
    trail Whitespace 742..743 " "
Ident 743..744 "i"
Punct(RParen) 744..745 ")"
    trail Whitespace 745..746 " "
Punct(RBrace) 746..747 "}"
Term 747..748 "\n"
    lead  Whitespace 748..752 "    "
Ident 752..754 "xs"
Term 754..755 "\n"
Punct(RBrace) 755..756 "}"
Term 756..757 "\n"
    lead  Whitespace 757..758 "\n"
Kw(Fn) 758..760 "fn"
    trail Whitespace 760..761 " "
Ident 761..767 "worker"
Punct(LParen) 767..768 "("
Punct(RParen) 768..769 ")"
    trail Whitespace 769..770 " "
Punct(Arrow) 770..772 "->"
    trail Whitespace 772..773 " "
Ident 773..776 "int"
    trail Whitespace 776..777 " "
Punct(LBrace) 777..778 "{"
    lead  Whitespace 778..783 "\n    "
Int 783..784 "0"
    trail Whitespace 784..820 "                                    "
    trail LineComment 820..857 "// exits normal(0): is_normal() hold…"
Term 857..858 "\n"
Punct(RBrace) 858..859 "}"
Term 859..860 "\n"
    lead  Whitespace 860..861 "\n"
Kw(Fn) 861..863 "fn"
    trail Whitespace 863..864 " "
Ident 864..868 "main"
Punct(LParen) 868..869 "("
Punct(RParen) 869..870 ")"
    trail Whitespace 870..871 " "
Punct(Arrow) 871..873 "->"
    trail Whitespace 873..874 " "
Punct(Not) 874..875 "!"
Ident 875..878 "int"
    trail Whitespace 878..879 " "
Punct(LBrace) 879..880 "{"
    lead  Whitespace 880..885 "\n    "
Kw(Var) 885..888 "var"
    trail Whitespace 888..889 " "
Ident 889..892 "sum"
    trail Whitespace 892..893 " "
Punct(Eq) 893..894 "="
    trail Whitespace 894..895 " "
Int 895..896 "0"
Term 896..897 "\n"
    lead  Whitespace 897..901 "    "
Kw(Scope) 901..906 "scope"
    trail Whitespace 906..907 " "
Ident 907..908 "s"
    trail Whitespace 908..909 " "
Punct(LBrace) 909..910 "{"
    trail Whitespace 910..938 "                            "
    trail LineComment 938..968 "// D16: no global spawn exists"
    lead  Whitespace 968..977 "\n        "
Kw(Let) 977..980 "let"
    trail Whitespace 980..981 " "
Ident 981..983 "ch"
    trail Whitespace 983..984 " "
Punct(Eq) 984..985 "="
    trail Whitespace 985..986 " "
Ident 986..993 "channel"
Punct(LBracket) 993..994 "["
Ident 994..997 "int"
Punct(RBracket) 997..998 "]"
Punct(LParen) 998..999 "("
Int 999..1000 "4"
Punct(RParen) 1000..1001 ")"
Term 1001..1002 "\n"
    lead  Whitespace 1002..1010 "        "
Ident 1010..1011 "s"
Punct(Dot) 1011..1012 "."
Kw(Spawn) 1012..1017 "spawn"
Punct(LParen) 1017..1018 "("
Kw(Fn) 1018..1020 "fn"
Punct(LParen) 1020..1021 "("
Punct(RParen) 1021..1022 ")"
    trail Whitespace 1022..1023 " "
Punct(LBrace) 1023..1024 "{"
    lead  Whitespace 1024..1037 "\n            "
Kw(For) 1037..1040 "for"
    trail Whitespace 1040..1041 " "
Ident 1041..1042 "i"
    trail Whitespace 1042..1043 " "
Kw(In) 1043..1045 "in"
    trail Whitespace 1045..1046 " "
Int 1046..1047 "1"
Punct(DotDotEq) 1047..1050 "..="
Int 1050..1052 "10"
    trail Whitespace 1052..1053 " "
Punct(LBrace) 1053..1054 "{"
    trail Whitespace 1054..1055 " "
Ident 1055..1057 "ch"
Punct(Dot) 1057..1058 "."
Ident 1058..1062 "send"
Punct(LParen) 1062..1063 "("
Ident 1063..1064 "i"
Punct(RParen) 1064..1065 ")"
Punct(Question) 1065..1066 "?"
    trail Whitespace 1066..1067 " "
Punct(RBrace) 1067..1068 "}"
Term 1068..1069 "\n"
    lead  Whitespace 1069..1081 "            "
Ident 1081..1083 "ch"
Punct(Dot) 1083..1084 "."
Ident 1084..1089 "close"
Punct(LParen) 1089..1090 "("
Punct(RParen) 1090..1091 ")"
Term 1091..1092 "\n"
    lead  Whitespace 1092..1100 "        "
Punct(RBrace) 1100..1101 "}"
Punct(RParen) 1101..1102 ")"
Term 1102..1103 "\n"
    lead  Whitespace 1103..1111 "        "
Kw(For) 1111..1114 "for"
    trail Whitespace 1114..1115 " "
Ident 1115..1116 "v"
    trail Whitespace 1116..1117 " "
Kw(In) 1117..1119 "in"
    trail Whitespace 1119..1120 " "
Ident 1120..1122 "ch"
    trail Whitespace 1122..1123 " "
Punct(LBrace) 1123..1124 "{"
    trail Whitespace 1124..1125 " "
Ident 1125..1128 "sum"
    trail Whitespace 1128..1129 " "
Punct(PlusEq) 1129..1131 "+="
    trail Whitespace 1131..1132 " "
Ident 1132..1133 "v"
    trail Whitespace 1133..1134 " "
Punct(RBrace) 1134..1135 "}"
Term 1135..1136 "\n"
    lead  Whitespace 1136..1140 "    "
Punct(RBrace) 1140..1141 "}"
    trail Whitespace 1141..1177 "                                    "
    trail LineComment 1177..1209 "// scope exit joins all children"
Term 1209..1210 "\n"
    lead  Whitespace 1210..1215 "\n    "
    lead  LineComment 1215..1280 "// region transfer: the whole graph …"
    lead  Whitespace 1280..1285 "\n    "
Kw(Let) 1285..1288 "let"
    trail Whitespace 1288..1289 " "
Ident 1289..1296 "results"
    trail Whitespace 1296..1297 " "
Punct(Eq) 1297..1298 "="
    trail Whitespace 1298..1299 " "
Ident 1299..1306 "channel"
Punct(LBracket) 1306..1307 "["
Kw(Region) 1307..1313 "region"
Punct(RBracket) 1313..1314 "]"
Punct(LParen) 1314..1315 "("
Int 1315..1316 "2"
Punct(RParen) 1316..1317 ")"
Term 1317..1318 "\n"
    lead  Whitespace 1318..1322 "    "
Kw(Scope) 1322..1327 "scope"
    trail Whitespace 1327..1328 " "
Ident 1328..1330 "s2"
    trail Whitespace 1330..1331 " "
Punct(LBrace) 1331..1332 "{"
    lead  Whitespace 1332..1341 "\n        "
Ident 1341..1343 "s2"
Punct(Dot) 1343..1344 "."
Kw(Spawn) 1344..1349 "spawn"
Punct(LParen) 1349..1350 "("
Kw(Fn) 1350..1352 "fn"
Punct(LParen) 1352..1353 "("
Punct(RParen) 1353..1354 ")"
    trail Whitespace 1354..1355 " "
Punct(LBrace) 1355..1356 "{"
    lead  Whitespace 1356..1369 "\n            "
Kw(Let) 1369..1372 "let"
    trail Whitespace 1372..1373 " "
Ident 1373..1374 "r"
    trail Whitespace 1374..1375 " "
Punct(Eq) 1375..1376 "="
    trail Whitespace 1376..1377 " "
Kw(Region) 1377..1383 "region"
Punct(LParen) 1383..1384 "("
Punct(RParen) 1384..1385 ")"
Term 1385..1386 "\n"
    lead  Whitespace 1386..1398 "            "
Kw(Let) 1398..1401 "let"
    trail Whitespace 1401..1402 " "
Ident 1402..1406 "data"
    trail Whitespace 1406..1407 " "
Punct(Eq) 1407..1408 "="
    trail Whitespace 1408..1409 " "
Kw(In) 1409..1411 "in"
    trail Whitespace 1411..1412 " "
Ident 1412..1413 "r"
    trail Whitespace 1413..1414 " "
Punct(LBrace) 1414..1415 "{"
    trail Whitespace 1415..1416 " "
Ident 1416..1427 "build_batch"
Punct(LParen) 1427..1428 "("
Punct(RParen) 1428..1429 ")"
    trail Whitespace 1429..1430 " "
Punct(RBrace) 1430..1431 "}"
Term 1431..1432 "\n"
    lead  Whitespace 1432..1444 "            "
Ident 1444..1451 "results"
Punct(Dot) 1451..1452 "."
Ident 1452..1456 "send"
Punct(LParen) 1456..1457 "("
Kw(Move) 1457..1461 "move"
    trail Whitespace 1461..1462 " "
Ident 1462..1463 "r"
Punct(RParen) 1463..1464 ")"
    trail Whitespace 1464..1473 "         "
    trail LineComment 1473..1510 "// sender\'s later use = compile erro…"
Term 1510..1511 "\n"
    lead  Whitespace 1511..1519 "        "
Punct(RBrace) 1519..1520 "}"
Punct(RParen) 1520..1521 ")"
Term 1521..1522 "\n"
    lead  Whitespace 1522..1530 "        "
Kw(Let) 1530..1533 "let"
    trail Whitespace 1533..1534 " "
Ident 1534..1537 "got"
    trail Whitespace 1537..1538 " "
Punct(Eq) 1538..1539 "="
    trail Whitespace 1539..1540 " "
Ident 1540..1547 "results"
Punct(Dot) 1547..1548 "."
Ident 1548..1552 "recv"
Punct(LParen) 1552..1553 "("
Punct(RParen) 1553..1554 ")"
Punct(Question) 1554..1555 "?"
Term 1555..1556 "\n"
    lead  Whitespace 1556..1560 "    "
Punct(RBrace) 1560..1561 "}"
Term 1561..1562 "\n"
    lead  Whitespace 1562..1567 "\n    "
    lead  LineComment 1567..1631 "// procs: failure domains; monitorin…"
    lead  Whitespace 1631..1636 "\n    "
Kw(Let) 1636..1639 "let"
    trail Whitespace 1639..1640 " "
Ident 1640..1641 "w"
    trail Whitespace 1641..1642 " "
Punct(Eq) 1642..1643 "="
    trail Whitespace 1643..1644 " "
Kw(Spawn) 1644..1649 "spawn"
    trail Whitespace 1649..1650 " "
Kw(Proc) 1650..1654 "proc"
    trail Whitespace 1654..1655 " "
Ident 1655..1661 "worker"
Punct(LParen) 1661..1662 "("
Punct(RParen) 1662..1663 ")"
    trail Whitespace 1663..1673 "          "
    trail LineComment 1673..1708 "// under the root supervisor, named"
Term 1708..1709 "\n"
    lead  Whitespace 1709..1713 "    "
Kw(Let) 1713..1716 "let"
    trail Whitespace 1716..1717 " "
Ident 1717..1718 "m"
    trail Whitespace 1718..1719 " "
Punct(Eq) 1719..1720 "="
    trail Whitespace 1720..1721 " "
Ident 1721..1722 "w"
Punct(Dot) 1722..1723 "."
Ident 1723..1730 "monitor"
Punct(LParen) 1730..1731 "("
Punct(RParen) 1731..1732 ")"
    trail Whitespace 1732..1750 "                  "
    trail LineComment 1750..1779 "// delivers the exit *reason*"
Term 1779..1780 "\n"
    lead  Whitespace 1780..1784 "    "
Kw(Select) 1784..1790 "select"
    trail Whitespace 1790..1791 " "
Punct(LBrace) 1791..1792 "{"
    lead  Whitespace 1792..1801 "\n        "
Ident 1801..1805 "exit"
Punct(LParen) 1805..1806 "("
Ident 1806..1812 "reason"
Punct(RParen) 1812..1813 ")"
    trail Whitespace 1813..1814 " "
Ident 1814..1818 "from"
    trail Whitespace 1818..1819 " "
Ident 1819..1820 "m"
    trail Whitespace 1820..1821 " "
Punct(FatArrow) 1821..1823 "=>"
    trail Whitespace 1823..1824 " "
Punct(LBrace) 1824..1825 "{"
    trail Whitespace 1825..1826 " "
Kw(If) 1826..1828 "if"
    trail Whitespace 1828..1829 " "
Punct(Not) 1829..1830 "!"
Ident 1830..1836 "reason"
Punct(Dot) 1836..1837 "."
Ident 1837..1846 "is_normal"
Punct(LParen) 1846..1847 "("
Punct(RParen) 1847..1848 ")"
    trail Whitespace 1848..1849 " "
Punct(LBrace) 1849..1850 "{"
    trail Whitespace 1850..1851 " "
Kw(Return) 1851..1857 "return"
    trail Whitespace 1857..1858 " "
Int 1858..1859 "1"
    trail Whitespace 1859..1860 " "
Punct(RBrace) 1860..1861 "}"
    trail Whitespace 1861..1862 " "
Punct(RBrace) 1862..1863 "}"
Punct(Comma) 1863..1864 ","
    lead  Whitespace 1864..1873 "\n        "
Ident 1873..1880 "timeout"
Punct(LParen) 1880..1881 "("
Int 1881..1882 "1"
Punct(Dot) 1882..1883 "."
Ident 1883..1884 "s"
Punct(RParen) 1884..1885 ")"
    trail Whitespace 1885..1886 " "
Punct(FatArrow) 1886..1888 "=>"
    trail Whitespace 1888..1889 " "
Punct(LBrace) 1889..1890 "{"
    trail Whitespace 1890..1891 " "
Kw(Return) 1891..1897 "return"
    trail Whitespace 1897..1898 " "
Int 1898..1899 "1"
    trail Whitespace 1899..1900 " "
Punct(RBrace) 1900..1901 "}"
Punct(Comma) 1901..1902 ","
    trail Whitespace 1902..1907 "     "
    trail LineComment 1907..1957 "// member access on int literal: [gr…"
    lead  Whitespace 1957..1962 "\n    "
Punct(RBrace) 1962..1963 "}"
Term 1963..1964 "\n"
    lead  Whitespace 1964..1969 "\n    "
    lead  LineComment 1969..2036 "// shared-mutable requires a sync wr…"
    lead  Whitespace 2036..2041 "\n    "
Kw(Let) 2041..2044 "let"
    trail Whitespace 2044..2045 " "
Ident 2045..2046 "a"
    trail Whitespace 2046..2047 " "
Punct(Eq) 2047..2048 "="
    trail Whitespace 2048..2049 " "
Ident 2049..2054 "Mutex"
Punct(LParen) 2054..2055 "("
Int 2055..2056 "0"
Punct(RParen) 2056..2057 ")"
Term 2057..2058 "\n"
    lead  Whitespace 2058..2062 "    "
Kw(Let) 2062..2065 "let"
    trail Whitespace 2065..2066 " "
Ident 2066..2067 "b"
    trail Whitespace 2067..2068 " "
Punct(Eq) 2068..2069 "="
    trail Whitespace 2069..2070 " "
Ident 2070..2075 "Mutex"
Punct(LParen) 2075..2076 "("
Int 2076..2077 "0"
Punct(RParen) 2077..2078 ")"
Term 2078..2079 "\n"
    lead  Whitespace 2079..2083 "    "
Kw(When) 2083..2087 "when"
    trail Whitespace 2087..2088 " "
Punct(LParen) 2088..2089 "("
Ident 2089..2090 "a"
Punct(Comma) 2090..2091 ","
    trail Whitespace 2091..2092 " "
Ident 2092..2093 "b"
Punct(RParen) 2093..2094 ")"
    trail Whitespace 2094..2095 " "
Punct(LBrace) 2095..2096 "{"
    trail Whitespace 2096..2120 "                        "
    trail LineComment 2120..2157 "// BoC-style: no lock-order deadlock…"
    lead  Whitespace 2157..2166 "\n        "
Ident 2166..2167 "a"
    trail Whitespace 2167..2168 " "
Punct(PlusEq) 2168..2170 "+="
    trail Whitespace 2170..2171 " "
Int 2171..2172 "1"
Term 2172..2173 "\n"
    lead  Whitespace 2173..2181 "        "
Ident 2181..2182 "b"
    trail Whitespace 2182..2183 " "
Punct(PlusEq) 2183..2185 "+="
    trail Whitespace 2185..2186 " "
Ident 2186..2189 "sum"
Term 2189..2190 "\n"
    lead  Whitespace 2190..2194 "    "
Punct(RBrace) 2194..2195 "}"
Term 2195..2196 "\n"
    lead  Whitespace 2196..2200 "    "
Kw(If) 2200..2202 "if"
    trail Whitespace 2202..2203 " "
Ident 2203..2206 "sum"
    trail Whitespace 2206..2207 " "
Punct(EqEq) 2207..2209 "=="
    trail Whitespace 2209..2210 " "
Int 2210..2212 "55"
    trail Whitespace 2212..2213 " "
Punct(LBrace) 2213..2214 "{"
    trail Whitespace 2214..2215 " "
Int 2215..2216 "0"
    trail Whitespace 2216..2217 " "
Punct(RBrace) 2217..2218 "}"
    trail Whitespace 2218..2219 " "
Kw(Else) 2219..2223 "else"
    trail Whitespace 2223..2224 " "
Punct(LBrace) 2224..2225 "{"
    trail Whitespace 2225..2226 " "
Int 2226..2227 "1"
    trail Whitespace 2227..2228 " "
Punct(RBrace) 2228..2229 "}"
Term 2229..2230 "\n"
Punct(RBrace) 2230..2231 "}"
Term 2231..2232 "\n"
Eof 2232..2232 ""
