---
source: crates/wolf_lex/tests/corpus_snapshots.rs
expression: lexed.dump(&bytes)
---
    lead  InnerDocComment 0..49 "//! check: run(exit=0, stdout=\"fell …"
    lead  Whitespace 49..50 "\n"
    lead  InnerDocComment 50..64 "//! phase: run"
    lead  Whitespace 64..65 "\n"
    lead  InnerDocComment 65..109 "//! conforms: gram.amb.else, type.in…"
    lead  Whitespace 109..110 "\n"
    lead  InnerDocComment 110..182 "//! `else` after a complete expressi…"
    lead  Whitespace 182..183 "\n"
    lead  InnerDocComment 183..252 "//! Pinned at resolve until s143 (wo…"
    lead  Whitespace 252..253 "\n"
    lead  InnerDocComment 253..320 "//! the third fallback was \"string i…"
    lead  Whitespace 320..321 "\n"
    lead  InnerDocComment 321..375 "//! value\"; a caught row renders as …"
    lead  Whitespace 375..376 "\n"
    lead  InnerDocComment 376..445 "//! (`[type.interp.row]`), so the fi…"
    lead  Whitespace 445..446 "\n"
    lead  InnerDocComment 446..514 "//! `to_int`\'s `parse` (`[mem.str.pa…"
    lead  Whitespace 514..515 "\n"
    lead  InnerDocComment 515..568 "//! it `NotAnInt` — the mirror is th…"
    lead  Whitespace 568..570 "\n\n"
Kw(Fn) 570..572 "fn"
    trail Whitespace 572..573 " "
Ident 573..578 "parse"
Punct(LParen) 578..579 "("
Ident 579..580 "s"
Punct(Colon) 580..581 ":"
    trail Whitespace 581..582 " "
Ident 582..585 "str"
Punct(RParen) 585..586 ")"
    trail Whitespace 586..587 " "
Punct(Arrow) 587..589 "->"
    trail Whitespace 589..590 " "
Punct(Not) 590..591 "!"
Ident 591..594 "int"
    trail Whitespace 594..595 " "
Punct(LBrace) 595..596 "{"
    trail Whitespace 596..597 " "
Ident 597..598 "s"
Punct(Dot) 598..599 "."
Ident 599..605 "to_int"
Punct(LParen) 605..606 "("
Punct(RParen) 606..607 ")"
    trail Whitespace 607..608 " "
Punct(RBrace) 608..609 "}"
Term 609..610 "\n"
    lead  Whitespace 610..611 "\n"
Kw(Fn) 611..613 "fn"
    trail Whitespace 613..614 " "
Ident 614..618 "main"
Punct(LParen) 618..619 "("
Punct(RParen) 619..620 ")"
    trail Whitespace 620..621 " "
Punct(Arrow) 621..623 "->"
    trail Whitespace 623..624 " "
Punct(Not) 624..625 "!"
Ident 625..628 "int"
    trail Whitespace 628..629 " "
Punct(LBrace) 629..630 "{"
    lead  Whitespace 630..635 "\n    "
Kw(Let) 635..638 "let"
    trail Whitespace 638..639 " "
Ident 639..640 "a"
    trail Whitespace 640..641 " "
Punct(Eq) 641..642 "="
    trail Whitespace 642..643 " "
Ident 643..648 "parse"
Punct(LParen) 648..649 "("
StrBegin(Plain) 649..650 "\""
StrFragment 650..651 "7"
StrEnd { dedent: 0 } 651..652 "\""
Punct(RParen) 652..653 ")"
    trail Whitespace 653..654 " "
Kw(Else) 654..658 "else"
    trail Whitespace 658..659 " "
Int 659..660 "0"
Term 660..661 "\n"
    lead  Whitespace 661..665 "    "
Kw(Let) 665..668 "let"
    trail Whitespace 668..669 " "
Ident 669..670 "b"
    trail Whitespace 670..671 " "
Punct(Eq) 671..672 "="
    trail Whitespace 672..673 " "
Ident 673..678 "parse"
Punct(LParen) 678..679 "("
StrBegin(Plain) 679..680 "\""
StrFragment 680..681 "x"
StrEnd { dedent: 0 } 681..682 "\""
Punct(RParen) 682..683 ")"
    trail Whitespace 683..684 " "
Kw(Else) 684..688 "else"
    trail Whitespace 688..689 " "
Int 689..690 "0"
Term 690..691 "\n"
    lead  Whitespace 691..695 "    "
Kw(Let) 695..698 "let"
    trail Whitespace 698..699 " "
Ident 699..700 "c"
    trail Whitespace 700..701 " "
Punct(Eq) 701..702 "="
    trail Whitespace 702..703 " "
Ident 703..708 "parse"
Punct(LParen) 708..709 "("
StrBegin(Plain) 709..710 "\""
StrFragment 710..711 "x"
StrEnd { dedent: 0 } 711..712 "\""
Punct(RParen) 712..713 ")"
    trail Whitespace 713..714 " "
Kw(Else) 714..718 "else"
    trail Whitespace 718..719 " "
Punct(Pipe) 719..720 "|"
Ident 720..723 "err"
Punct(Pipe) 723..724 "|"
    trail Whitespace 724..725 " "
Punct(LBrace) 725..726 "{"
    trail Whitespace 726..727 " "
Ident 727..732 "print"
Punct(LParen) 732..733 "("
StrBegin(Plain) 733..734 "\""
StrFragment 734..745 "fell back: "
InterpOpen 745..746 "{"
Ident 746..749 "err"
InterpClose 749..750 "}"
StrEnd { dedent: 0 } 750..751 "\""
Punct(RParen) 751..752 ")"
Term 752..753 ";"
    trail Whitespace 753..754 " "
Int 754..755 "1"
    trail Whitespace 755..756 " "
Punct(RBrace) 756..757 "}"
Term 757..758 "\n"
    lead  Whitespace 758..762 "    "
Kw(If) 762..764 "if"
    trail Whitespace 764..765 " "
Ident 765..766 "a"
    trail Whitespace 766..767 " "
Punct(EqEq) 767..769 "=="
    trail Whitespace 769..770 " "
Int 770..771 "7"
    trail Whitespace 771..772 " "
Punct(AmpAmp) 772..774 "&&"
    trail Whitespace 774..775 " "
Ident 775..776 "b"
    trail Whitespace 776..777 " "
Punct(EqEq) 777..779 "=="
    trail Whitespace 779..780 " "
Int 780..781 "0"
    trail Whitespace 781..782 " "
Punct(AmpAmp) 782..784 "&&"
    trail Whitespace 784..785 " "
Ident 785..786 "c"
    trail Whitespace 786..787 " "
Punct(EqEq) 787..789 "=="
    trail Whitespace 789..790 " "
Int 790..791 "1"
    trail Whitespace 791..792 " "
Punct(LBrace) 792..793 "{"
    trail Whitespace 793..794 " "
Int 794..795 "0"
    trail Whitespace 795..796 " "
Punct(RBrace) 796..797 "}"
    trail Whitespace 797..798 " "
Kw(Else) 798..802 "else"
    trail Whitespace 802..803 " "
Punct(LBrace) 803..804 "{"
    trail Whitespace 804..805 " "
Int 805..806 "1"
    trail Whitespace 806..807 " "
Punct(RBrace) 807..808 "}"
Term 808..809 "\n"
Punct(RBrace) 809..810 "}"
Term 810..811 "\n"
Eof 811..811 ""
