---
source: crates/wolf_lex/tests/corpus_snapshots.rs
expression: lexed.dump(&bytes)
---
    lead  InnerDocComment 0..35 "//! check: run(exit=0, stdout=\"14\")"
    lead  Whitespace 35..36 "\n"
    lead  InnerDocComment 36..50 "//! phase: run"
    lead  Whitespace 50..51 "\n"
    lead  InnerDocComment 51..100 "//! conforms: str.views, err.union, …"
    lead  Whitespace 100..101 "\n"
    lead  InnerDocComment 101..104 "//!"
    lead  Whitespace 104..105 "\n"
    lead  InnerDocComment 105..177 "//! The book\'s P2 shape (wolf-book c…"
    lead  Whitespace 177..178 "\n"
    lead  InnerDocComment 178..247 "//! stack as a `List[int]` (push, po…"
    lead  Whitespace 247..248 "\n"
    lead  InnerDocComment 248..314 "//! `else`), tokens from `words()`, …"
    lead  Whitespace 314..315 "\n"
    lead  InnerDocComment 315..384 "//! view, malformed input as a row p…"
    lead  Whitespace 384..385 "\n"
    lead  InnerDocComment 385..455 "//! native List push/pop, `bytes()`,…"
    lead  Whitespace 455..456 "\n"
    lead  InnerDocComment 456..528 "//! over the eu ABI — \"gate: an exec…"
    lead  Whitespace 528..530 "\n\n"
Kw(Fn) 530..532 "fn"
    trail Whitespace 532..533 " "
Ident 533..542 "parse_int"
Punct(LParen) 542..543 "("
Ident 543..546 "tok"
Punct(Colon) 546..547 ":"
    trail Whitespace 547..548 " "
Ident 548..551 "str"
Punct(RParen) 551..552 ")"
    trail Whitespace 552..553 " "
Punct(Arrow) 553..555 "->"
    trail Whitespace 555..556 " "
Ident 556..559 "int"
    trail Whitespace 559..560 " "
Punct(Not) 560..561 "!"
    trail Whitespace 561..562 " "
Punct(LBrace) 562..563 "{"
Ident 563..566 "bad"
Punct(RBrace) 566..567 "}"
    trail Whitespace 567..568 " "
Punct(LBrace) 568..569 "{"
    lead  Whitespace 569..574 "\n    "
Kw(Var) 574..577 "var"
    trail Whitespace 577..578 " "
Ident 578..579 "n"
    trail Whitespace 579..580 " "
Punct(Eq) 580..581 "="
    trail Whitespace 581..582 " "
Int 582..583 "0"
Term 583..584 "\n"
    lead  Whitespace 584..588 "    "
Kw(For) 588..591 "for"
    trail Whitespace 591..592 " "
Ident 592..593 "b"
    trail Whitespace 593..594 " "
Kw(In) 594..596 "in"
    trail Whitespace 596..597 " "
Ident 597..600 "tok"
Punct(Dot) 600..601 "."
Ident 601..606 "bytes"
Punct(LParen) 606..607 "("
Punct(RParen) 607..608 ")"
    trail Whitespace 608..609 " "
Punct(LBrace) 609..610 "{"
    lead  Whitespace 610..619 "\n        "
Kw(If) 619..621 "if"
    trail Whitespace 621..622 " "
Ident 622..623 "b"
    trail Whitespace 623..624 " "
Punct(Lt) 624..625 "<"
    trail Whitespace 625..626 " "
Int 626..628 "48"
    trail Whitespace 628..629 " "
Punct(LBrace) 629..630 "{"
    lead  Whitespace 630..643 "\n            "
Kw(Return) 643..649 "return"
    trail Whitespace 649..650 " "
Ident 650..653 "bad"
Term 653..654 "\n"
    lead  Whitespace 654..662 "        "
Punct(RBrace) 662..663 "}"
Term 663..664 "\n"
    lead  Whitespace 664..672 "        "
Kw(If) 672..674 "if"
    trail Whitespace 674..675 " "
Ident 675..676 "b"
    trail Whitespace 676..677 " "
Punct(Gt) 677..678 ">"
    trail Whitespace 678..679 " "
Int 679..681 "57"
    trail Whitespace 681..682 " "
Punct(LBrace) 682..683 "{"
    lead  Whitespace 683..696 "\n            "
Kw(Return) 696..702 "return"
    trail Whitespace 702..703 " "
Ident 703..706 "bad"
Term 706..707 "\n"
    lead  Whitespace 707..715 "        "
Punct(RBrace) 715..716 "}"
Term 716..717 "\n"
    lead  Whitespace 717..725 "        "
Ident 725..726 "n"
    trail Whitespace 726..727 " "
Punct(Eq) 727..728 "="
    trail Whitespace 728..729 " "
Ident 729..730 "n"
    trail Whitespace 730..731 " "
Punct(Star) 731..732 "*"
    trail Whitespace 732..733 " "
Int 733..735 "10"
    trail Whitespace 735..736 " "
Punct(Plus) 736..737 "+"
    trail Whitespace 737..738 " "
Punct(LParen) 738..739 "("
Ident 739..740 "b"
    trail Whitespace 740..741 " "
Punct(Minus) 741..742 "-"
    trail Whitespace 742..743 " "
Int 743..745 "48"
Punct(RParen) 745..746 ")"
Term 746..747 "\n"
    lead  Whitespace 747..751 "    "
Punct(RBrace) 751..752 "}"
Term 752..753 "\n"
    lead  Whitespace 753..757 "    "
Ident 757..758 "n"
Term 758..759 "\n"
Punct(RBrace) 759..760 "}"
Term 760..761 "\n"
    lead  Whitespace 761..762 "\n"
Kw(Fn) 762..764 "fn"
    trail Whitespace 764..765 " "
Ident 765..769 "eval"
Punct(LParen) 769..770 "("
Ident 770..773 "src"
Punct(Colon) 773..774 ":"
    trail Whitespace 774..775 " "
Ident 775..778 "str"
Punct(RParen) 778..779 ")"
    trail Whitespace 779..780 " "
Punct(Arrow) 780..782 "->"
    trail Whitespace 782..783 " "
Ident 783..786 "int"
    trail Whitespace 786..787 " "
Punct(Not) 787..788 "!"
    trail Whitespace 788..789 " "
Punct(LBrace) 789..790 "{"
Ident 790..793 "bad"
Punct(Comma) 793..794 ","
    trail Whitespace 794..795 " "
Ident 795..800 "empty"
Punct(RBrace) 800..801 "}"
    trail Whitespace 801..802 " "
Punct(LBrace) 802..803 "{"
    lead  Whitespace 803..808 "\n    "
Kw(Var) 808..811 "var"
    trail Whitespace 811..812 " "
Ident 812..817 "stack"
    trail Whitespace 817..818 " "
Punct(Eq) 818..819 "="
    trail Whitespace 819..820 " "
Ident 820..824 "List"
Punct(LBracket) 824..825 "["
Ident 825..828 "int"
Punct(RBracket) 828..829 "]"
Punct(LParen) 829..830 "("
Punct(RParen) 830..831 ")"
Term 831..832 "\n"
    lead  Whitespace 832..836 "    "
Kw(For) 836..839 "for"
    trail Whitespace 839..840 " "
Ident 840..843 "tok"
    trail Whitespace 843..844 " "
Kw(In) 844..846 "in"
    trail Whitespace 846..847 " "
Ident 847..850 "src"
Punct(Dot) 850..851 "."
Ident 851..856 "words"
Punct(LParen) 856..857 "("
Punct(RParen) 857..858 ")"
    trail Whitespace 858..859 " "
Punct(LBrace) 859..860 "{"
    lead  Whitespace 860..869 "\n        "
Kw(If) 869..871 "if"
    trail Whitespace 871..872 " "
Ident 872..875 "tok"
    trail Whitespace 875..876 " "
Punct(EqEq) 876..878 "=="
    trail Whitespace 878..879 " "
StrBegin(Plain) 879..880 "\""
StrFragment 880..881 "+"
StrEnd { dedent: 0 } 881..882 "\""
    trail Whitespace 882..883 " "
Punct(PipePipe) 883..885 "||"
    trail Whitespace 885..886 " "
Ident 886..889 "tok"
    trail Whitespace 889..890 " "
Punct(EqEq) 890..892 "=="
    trail Whitespace 892..893 " "
StrBegin(Plain) 893..894 "\""
StrFragment 894..895 "-"
StrEnd { dedent: 0 } 895..896 "\""
    trail Whitespace 896..897 " "
Punct(PipePipe) 897..899 "||"
    trail Whitespace 899..900 " "
Ident 900..903 "tok"
    trail Whitespace 903..904 " "
Punct(EqEq) 904..906 "=="
    trail Whitespace 906..907 " "
StrBegin(Plain) 907..908 "\""
StrFragment 908..909 "*"
StrEnd { dedent: 0 } 909..910 "\""
    trail Whitespace 910..911 " "
Punct(LBrace) 911..912 "{"
    lead  Whitespace 912..925 "\n            "
Kw(Let) 925..928 "let"
    trail Whitespace 928..929 " "
Ident 929..930 "b"
    trail Whitespace 930..931 " "
Punct(Eq) 931..932 "="
    trail Whitespace 932..933 " "
Punct(LParen) 933..934 "("
Kw(Mut) 934..937 "mut"
    trail Whitespace 937..938 " "
Ident 938..943 "stack"
Punct(RParen) 943..944 ")"
Punct(Dot) 944..945 "."
Ident 945..948 "pop"
Punct(LParen) 948..949 "("
Punct(RParen) 949..950 ")"
    trail Whitespace 950..951 " "
Kw(Else) 951..955 "else"
    trail Whitespace 955..956 " "
Punct(LBrace) 956..957 "{"
    lead  Whitespace 957..974 "\n                "
Kw(Return) 974..980 "return"
    trail Whitespace 980..981 " "
Ident 981..986 "empty"
Term 986..987 "\n"
    lead  Whitespace 987..999 "            "
Punct(RBrace) 999..1000 "}"
Term 1000..1001 "\n"
    lead  Whitespace 1001..1013 "            "
Kw(Let) 1013..1016 "let"
    trail Whitespace 1016..1017 " "
Ident 1017..1018 "a"
    trail Whitespace 1018..1019 " "
Punct(Eq) 1019..1020 "="
    trail Whitespace 1020..1021 " "
Punct(LParen) 1021..1022 "("
Kw(Mut) 1022..1025 "mut"
    trail Whitespace 1025..1026 " "
Ident 1026..1031 "stack"
Punct(RParen) 1031..1032 ")"
Punct(Dot) 1032..1033 "."
Ident 1033..1036 "pop"
Punct(LParen) 1036..1037 "("
Punct(RParen) 1037..1038 ")"
    trail Whitespace 1038..1039 " "
Kw(Else) 1039..1043 "else"
    trail Whitespace 1043..1044 " "
Punct(LBrace) 1044..1045 "{"
    lead  Whitespace 1045..1062 "\n                "
Kw(Return) 1062..1068 "return"
    trail Whitespace 1068..1069 " "
Ident 1069..1074 "empty"
Term 1074..1075 "\n"
    lead  Whitespace 1075..1087 "            "
Punct(RBrace) 1087..1088 "}"
Term 1088..1089 "\n"
    lead  Whitespace 1089..1101 "            "
Kw(Let) 1101..1104 "let"
    trail Whitespace 1104..1105 " "
Ident 1105..1106 "r"
    trail Whitespace 1106..1107 " "
Punct(Eq) 1107..1108 "="
    trail Whitespace 1108..1109 " "
Kw(If) 1109..1111 "if"
    trail Whitespace 1111..1112 " "
Ident 1112..1115 "tok"
    trail Whitespace 1115..1116 " "
Punct(EqEq) 1116..1118 "=="
    trail Whitespace 1118..1119 " "
StrBegin(Plain) 1119..1120 "\""
StrFragment 1120..1121 "+"
StrEnd { dedent: 0 } 1121..1122 "\""
    trail Whitespace 1122..1123 " "
Punct(LBrace) 1123..1124 "{"
    lead  Whitespace 1124..1141 "\n                "
Ident 1141..1142 "a"
    trail Whitespace 1142..1143 " "
Punct(Plus) 1143..1144 "+"
    trail Whitespace 1144..1145 " "
Ident 1145..1146 "b"
Term 1146..1147 "\n"
    lead  Whitespace 1147..1159 "            "
Punct(RBrace) 1159..1160 "}"
    trail Whitespace 1160..1161 " "
Kw(Else) 1161..1165 "else"
    trail Whitespace 1165..1166 " "
Kw(If) 1166..1168 "if"
    trail Whitespace 1168..1169 " "
Ident 1169..1172 "tok"
    trail Whitespace 1172..1173 " "
Punct(EqEq) 1173..1175 "=="
    trail Whitespace 1175..1176 " "
StrBegin(Plain) 1176..1177 "\""
StrFragment 1177..1178 "-"
StrEnd { dedent: 0 } 1178..1179 "\""
    trail Whitespace 1179..1180 " "
Punct(LBrace) 1180..1181 "{"
    lead  Whitespace 1181..1198 "\n                "
Ident 1198..1199 "a"
    trail Whitespace 1199..1200 " "
Punct(Minus) 1200..1201 "-"
    trail Whitespace 1201..1202 " "
Ident 1202..1203 "b"
Term 1203..1204 "\n"
    lead  Whitespace 1204..1216 "            "
Punct(RBrace) 1216..1217 "}"
    trail Whitespace 1217..1218 " "
Kw(Else) 1218..1222 "else"
    trail Whitespace 1222..1223 " "
Punct(LBrace) 1223..1224 "{"
    lead  Whitespace 1224..1241 "\n                "
Ident 1241..1242 "a"
    trail Whitespace 1242..1243 " "
Punct(Star) 1243..1244 "*"
    trail Whitespace 1244..1245 " "
Ident 1245..1246 "b"
Term 1246..1247 "\n"
    lead  Whitespace 1247..1259 "            "
Punct(RBrace) 1259..1260 "}"
Term 1260..1261 "\n"
    lead  Whitespace 1261..1273 "            "
Punct(LParen) 1273..1274 "("
Kw(Mut) 1274..1277 "mut"
    trail Whitespace 1277..1278 " "
Ident 1278..1283 "stack"
Punct(RParen) 1283..1284 ")"
Punct(Dot) 1284..1285 "."
Ident 1285..1289 "push"
Punct(LParen) 1289..1290 "("
Ident 1290..1291 "r"
Punct(RParen) 1291..1292 ")"
Term 1292..1293 "\n"
    lead  Whitespace 1293..1301 "        "
Punct(RBrace) 1301..1302 "}"
    trail Whitespace 1302..1303 " "
Kw(Else) 1303..1307 "else"
    trail Whitespace 1307..1308 " "
Punct(LBrace) 1308..1309 "{"
    lead  Whitespace 1309..1322 "\n            "
Punct(LParen) 1322..1323 "("
Kw(Mut) 1323..1326 "mut"
    trail Whitespace 1326..1327 " "
Ident 1327..1332 "stack"
Punct(RParen) 1332..1333 ")"
Punct(Dot) 1333..1334 "."
Ident 1334..1338 "push"
Punct(LParen) 1338..1339 "("
Ident 1339..1348 "parse_int"
Punct(LParen) 1348..1349 "("
Ident 1349..1352 "tok"
Punct(RParen) 1352..1353 ")"
Punct(Question) 1353..1354 "?"
Punct(RParen) 1354..1355 ")"
Term 1355..1356 "\n"
    lead  Whitespace 1356..1364 "        "
Punct(RBrace) 1364..1365 "}"
Term 1365..1366 "\n"
    lead  Whitespace 1366..1370 "    "
Punct(RBrace) 1370..1371 "}"
Term 1371..1372 "\n"
    lead  Whitespace 1372..1376 "    "
Kw(Let) 1376..1379 "let"
    trail Whitespace 1379..1380 " "
Ident 1380..1383 "out"
    trail Whitespace 1383..1384 " "
Punct(Eq) 1384..1385 "="
    trail Whitespace 1385..1386 " "
Punct(LParen) 1386..1387 "("
Kw(Mut) 1387..1390 "mut"
    trail Whitespace 1390..1391 " "
Ident 1391..1396 "stack"
Punct(RParen) 1396..1397 ")"
Punct(Dot) 1397..1398 "."
Ident 1398..1401 "pop"
Punct(LParen) 1401..1402 "("
Punct(RParen) 1402..1403 ")"
    trail Whitespace 1403..1404 " "
Kw(Else) 1404..1408 "else"
    trail Whitespace 1408..1409 " "
Punct(LBrace) 1409..1410 "{"
    lead  Whitespace 1410..1419 "\n        "
Kw(Return) 1419..1425 "return"
    trail Whitespace 1425..1426 " "
Ident 1426..1431 "empty"
Term 1431..1432 "\n"
    lead  Whitespace 1432..1436 "    "
Punct(RBrace) 1436..1437 "}"
Term 1437..1438 "\n"
    lead  Whitespace 1438..1442 "    "
Ident 1442..1445 "out"
Term 1445..1446 "\n"
Punct(RBrace) 1446..1447 "}"
Term 1447..1448 "\n"
    lead  Whitespace 1448..1449 "\n"
Kw(Fn) 1449..1451 "fn"
    trail Whitespace 1451..1452 " "
Ident 1452..1456 "main"
Punct(LParen) 1456..1457 "("
Punct(RParen) 1457..1458 ")"
    trail Whitespace 1458..1459 " "
Punct(Arrow) 1459..1461 "->"
    trail Whitespace 1461..1462 " "
Punct(Not) 1462..1463 "!"
Ident 1463..1466 "int"
    trail Whitespace 1466..1467 " "
Punct(LBrace) 1467..1468 "{"
    lead  Whitespace 1468..1473 "\n    "
Kw(Let) 1473..1476 "let"
    trail Whitespace 1476..1477 " "
Ident 1477..1478 "r"
    trail Whitespace 1478..1479 " "
Punct(Eq) 1479..1480 "="
    trail Whitespace 1480..1481 " "
Ident 1481..1485 "eval"
Punct(LParen) 1485..1486 "("
StrBegin(Plain) 1486..1487 "\""
StrFragment 1487..1496 "3 4 + 2 *"
StrEnd { dedent: 0 } 1496..1497 "\""
Punct(RParen) 1497..1498 ")"
Punct(Question) 1498..1499 "?"
Term 1499..1500 "\n"
    lead  Whitespace 1500..1504 "    "
Ident 1504..1509 "print"
Punct(LParen) 1509..1510 "("
StrBegin(Plain) 1510..1511 "\""
InterpOpen 1511..1512 "{"
Ident 1512..1513 "r"
InterpClose 1513..1514 "}"
StrEnd { dedent: 0 } 1514..1515 "\""
Punct(RParen) 1515..1516 ")"
Term 1516..1517 "\n"
    lead  Whitespace 1517..1521 "    "
Int 1521..1522 "0"
Term 1522..1523 "\n"
Punct(RBrace) 1523..1524 "}"
Term 1524..1525 "\n"
Eof 1525..1525 ""
