---
source: crates/wolf_lex/tests/corpus_snapshots.rs
expression: lexed.dump(&bytes)
---
    lead  InnerDocComment 0..22 "//! check: fail(E0808)"
    lead  Whitespace 22..23 "\n"
    lead  InnerDocComment 23..41 "//! phase: resolve"
    lead  Whitespace 41..42 "\n"
    lead  InnerDocComment 42..72 "//! conforms: ty.pattern.shape"
    lead  Whitespace 72..73 "\n"
    lead  InnerDocComment 73..89 "//! warns: E0802"
    lead  Whitespace 89..90 "\n"
    lead  InnerDocComment 90..93 "//!"
    lead  Whitespace 93..94 "\n"
    lead  InnerDocComment 94..163 "//! A pattern mirrors the value\'s sh…"
    lead  Whitespace 163..164 "\n"
    lead  InnerDocComment 164..208 "//! of a plain integer can never be …"
    lead  Whitespace 208..210 "\n\n"
Kw(Fn) 210..212 "fn"
    trail Whitespace 212..213 " "
Ident 213..217 "main"
Punct(LParen) 217..218 "("
Punct(RParen) 218..219 ")"
    trail Whitespace 219..220 " "
Punct(Arrow) 220..222 "->"
    trail Whitespace 222..223 " "
Punct(Not) 223..224 "!"
Ident 224..227 "int"
    trail Whitespace 227..228 " "
Punct(LBrace) 228..229 "{"
    lead  Whitespace 229..234 "\n    "
Kw(Let) 234..237 "let"
    trail Whitespace 237..238 " "
Ident 238..239 "n"
    trail Whitespace 239..240 " "
Punct(Eq) 240..241 "="
    trail Whitespace 241..242 " "
Int 242..243 "3"
Term 243..244 "\n"
    lead  Whitespace 244..248 "    "
Kw(Let) 248..251 "let"
    trail Whitespace 251..252 " "
Ident 252..253 "v"
    trail Whitespace 253..254 " "
Punct(Eq) 254..255 "="
    trail Whitespace 255..256 " "
Kw(Match) 256..261 "match"
    trail Whitespace 261..262 " "
Ident 262..263 "n"
    trail Whitespace 263..264 " "
Punct(LBrace) 264..265 "{"
    lead  Whitespace 265..274 "\n        "
Ident 274..276 "Io"
Punct(LParen) 276..277 "("
Ident 277..278 "x"
Punct(RParen) 278..279 ")"
    trail Whitespace 279..280 " "
Punct(FatArrow) 280..282 "=>"
    trail Whitespace 282..283 " "
Ident 283..284 "x"
Punct(Comma) 284..285 ","
    lead  Whitespace 285..294 "\n        "
Underscore 294..295 "_"
    trail Whitespace 295..296 " "
Punct(FatArrow) 296..298 "=>"
    trail Whitespace 298..299 " "
Int 299..300 "0"
Punct(Comma) 300..301 ","
    lead  Whitespace 301..306 "\n    "
Punct(RBrace) 306..307 "}"
Term 307..308 "\n"
    lead  Whitespace 308..312 "    "
Ident 312..313 "v"
Term 313..314 "\n"
Punct(RBrace) 314..315 "}"
Term 315..316 "\n"
Eof 316..316 ""
