---
source: crates/wolf_lex/tests/corpus_snapshots.rs
expression: lexed.dump(&bytes)
---
    lead  InnerDocComment 0..22 "//! check: fail(E0409)"
    lead  Whitespace 22..23 "\n"
    lead  InnerDocComment 23..41 "//! phase: resolve"
    lead  Whitespace 41..42 "\n"
    lead  InnerDocComment 42..68 "//! conforms: type.int.not"
    lead  Whitespace 68..69 "\n"
    lead  InnerDocComment 69..72 "//!"
    lead  Whitespace 72..73 "\n"
    lead  InnerDocComment 73..144 "//! s213 (wolf-lang#575, ruling owed…"
    lead  Whitespace 144..145 "\n"
    lead  InnerDocComment 145..215 "//! types (`[type.int.not]`); a floa…"
    lead  Whitespace 215..216 "\n"
    lead  InnerDocComment 216..277 "//! language, so `!f` stays E0409, w…"
    lead  Whitespace 277..279 "\n\n"
Kw(Fn) 279..281 "fn"
    trail Whitespace 281..282 " "
Ident 282..286 "main"
Punct(LParen) 286..287 "("
Punct(RParen) 287..288 ")"
    trail Whitespace 288..289 " "
Punct(LBrace) 289..290 "{"
    lead  Whitespace 290..295 "\n    "
Kw(Let) 295..298 "let"
    trail Whitespace 298..299 " "
Ident 299..300 "f"
    trail Whitespace 300..301 " "
Punct(Eq) 301..302 "="
    trail Whitespace 302..303 " "
Float 303..306 "1.5"
Term 306..307 "\n"
    lead  Whitespace 307..311 "    "
Ident 311..316 "print"
Punct(LParen) 316..317 "("
StrBegin(Plain) 317..318 "\""
InterpOpen 318..319 "{"
Punct(Not) 319..320 "!"
Ident 320..321 "f"
InterpClose 321..322 "}"
StrEnd { dedent: 0 } 322..323 "\""
Punct(RParen) 323..324 ")"
Term 324..325 "\n"
Punct(RBrace) 325..326 "}"
Term 326..327 "\n"
Eof 327..327 ""
