---
source: crates/wolf_lex/tests/corpus_snapshots.rs
expression: lexed.dump(&bytes)
---
    lead  InnerDocComment 0..52 "//! check: run(exit=0, stdout=\"2 3\\n…"
    lead  Whitespace 52..53 "\n"
    lead  InnerDocComment 53..67 "//! phase: run"
    lead  Whitespace 67..68 "\n"
    lead  InnerDocComment 68..113 "//! conforms: mem.list.pop, type.int…"
    lead  Whitespace 113..114 "\n"
    lead  InnerDocComment 114..187 "//! `[mem.list.pop]` (wolf-lang#274)…"
    lead  Whitespace 187..188 "\n"
    lead  InnerDocComment 188..254 "//! the `none` row. `pop` on an empt…"
    lead  Whitespace 254..255 "\n"
    lead  InnerDocComment 255..326 "//! `none` — never a `bounds` trap (…"
    lead  Whitespace 326..327 "\n"
    lead  InnerDocComment 327..396 "//! and `pop` takes none); `get` out…"
    lead  Whitespace 396..397 "\n"
    lead  InnerDocComment 397..465 "//! on an empty list answer the same…"
    lead  Whitespace 465..466 "\n"
    lead  InnerDocComment 466..529 "//! hole as its row (`[type.interp.u…"
    lead  Whitespace 529..530 "\n"
    lead  InnerDocComment 530..593 "//! `bounds` at the empty `pop`; the…"
    lead  Whitespace 593..595 "\n\n"
Kw(Fn) 595..597 "fn"
    trail Whitespace 597..598 " "
Ident 598..602 "main"
Punct(LParen) 602..603 "("
Punct(RParen) 603..604 ")"
    trail Whitespace 604..605 " "
Punct(Arrow) 605..607 "->"
    trail Whitespace 607..608 " "
Punct(Not) 608..609 "!"
Ident 609..612 "int"
    trail Whitespace 612..613 " "
Punct(LBrace) 613..614 "{"
    lead  Whitespace 614..619 "\n    "
Kw(Var) 619..622 "var"
    trail Whitespace 622..623 " "
Ident 623..625 "xs"
    trail Whitespace 625..626 " "
Punct(Eq) 626..627 "="
    trail Whitespace 627..628 " "
Ident 628..632 "List"
Punct(LBracket) 632..633 "["
Ident 633..636 "int"
Punct(RBracket) 636..637 "]"
Punct(LParen) 637..638 "("
Punct(RParen) 638..639 ")"
Term 639..640 "\n"
    lead  Whitespace 640..644 "    "
Punct(LParen) 644..645 "("
Kw(Mut) 645..648 "mut"
    trail Whitespace 648..649 " "
Ident 649..651 "xs"
Punct(RParen) 651..652 ")"
Punct(Dot) 652..653 "."
Ident 653..657 "push"
Punct(LParen) 657..658 "("
Int 658..659 "3"
Punct(RParen) 659..660 ")"
Term 660..661 "\n"
    lead  Whitespace 661..665 "    "
Punct(LParen) 665..666 "("
Kw(Mut) 666..669 "mut"
    trail Whitespace 669..670 " "
Ident 670..672 "xs"
Punct(RParen) 672..673 ")"
Punct(Dot) 673..674 "."
Ident 674..678 "push"
Punct(LParen) 678..679 "("
Int 679..680 "2"
Punct(RParen) 680..681 ")"
Term 681..682 "\n"
    lead  Whitespace 682..686 "    "
Kw(Let) 686..689 "let"
    trail Whitespace 689..690 " "
Ident 690..694 "last"
    trail Whitespace 694..695 " "
Punct(Eq) 695..696 "="
    trail Whitespace 696..697 " "
Punct(LParen) 697..698 "("
Kw(Mut) 698..701 "mut"
    trail Whitespace 701..702 " "
Ident 702..704 "xs"
Punct(RParen) 704..705 ")"
Punct(Dot) 705..706 "."
Ident 706..709 "pop"
Punct(LParen) 709..710 "("
Punct(RParen) 710..711 ")"
    trail Whitespace 711..712 " "
Kw(Else) 712..716 "else"
    trail Whitespace 716..717 " "
Int 717..718 "0"
Term 718..719 "\n"
    lead  Whitespace 719..723 "    "
Kw(Let) 723..726 "let"
    trail Whitespace 726..727 " "
Ident 727..732 "first"
    trail Whitespace 732..733 " "
Punct(Eq) 733..734 "="
    trail Whitespace 734..735 " "
Punct(LParen) 735..736 "("
Kw(Mut) 736..739 "mut"
    trail Whitespace 739..740 " "
Ident 740..742 "xs"
Punct(RParen) 742..743 ")"
Punct(Dot) 743..744 "."
Ident 744..747 "pop"
Punct(LParen) 747..748 "("
Punct(RParen) 748..749 ")"
    trail Whitespace 749..750 " "
Kw(Else) 750..754 "else"
    trail Whitespace 754..755 " "
Int 755..756 "0"
Term 756..757 "\n"
    lead  Whitespace 757..761 "    "
Ident 761..766 "print"
Punct(LParen) 766..767 "("
StrBegin(Plain) 767..768 "\""
InterpOpen 768..769 "{"
Ident 769..773 "last"
InterpClose 773..774 "}"
StrFragment 774..775 " "
InterpOpen 775..776 "{"
Ident 776..781 "first"
InterpClose 781..782 "}"
StrEnd { dedent: 0 } 782..783 "\""
Punct(RParen) 783..784 ")"
Term 784..785 "\n"
    lead  Whitespace 785..789 "    "
Kw(Let) 789..792 "let"
    trail Whitespace 792..793 " "
Ident 793..798 "empty"
    trail Whitespace 798..799 " "
Punct(Eq) 799..800 "="
    trail Whitespace 800..801 " "
Punct(LParen) 801..802 "("
Kw(Mut) 802..805 "mut"
    trail Whitespace 805..806 " "
Ident 806..808 "xs"
Punct(RParen) 808..809 ")"
Punct(Dot) 809..810 "."
Ident 810..813 "pop"
Punct(LParen) 813..814 "("
Punct(RParen) 814..815 ")"
Term 815..816 "\n"
    lead  Whitespace 816..820 "    "
Ident 820..825 "print"
Punct(LParen) 825..826 "("
StrBegin(Plain) 826..827 "\""
InterpOpen 827..828 "{"
Ident 828..833 "empty"
InterpClose 833..834 "}"
StrEnd { dedent: 0 } 834..835 "\""
Punct(RParen) 835..836 ")"
Term 836..837 "\n"
    lead  Whitespace 837..841 "    "
Kw(Let) 841..844 "let"
    trail Whitespace 844..845 " "
Ident 845..846 "d"
    trail Whitespace 846..847 " "
Punct(Eq) 847..848 "="
    trail Whitespace 848..849 " "
Punct(LParen) 849..850 "("
Kw(Mut) 850..853 "mut"
    trail Whitespace 853..854 " "
Ident 854..856 "xs"
Punct(RParen) 856..857 ")"
Punct(Dot) 857..858 "."
Ident 858..861 "pop"
Punct(LParen) 861..862 "("
Punct(RParen) 862..863 ")"
    trail Whitespace 863..864 " "
Kw(Else) 864..868 "else"
    trail Whitespace 868..869 " "
Int 869..870 "7"
Term 870..871 "\n"
    lead  Whitespace 871..875 "    "
Kw(Let) 875..878 "let"
    trail Whitespace 878..879 " "
Ident 879..880 "g"
    trail Whitespace 880..881 " "
Punct(Eq) 881..882 "="
    trail Whitespace 882..883 " "
Ident 883..885 "xs"
Punct(Dot) 885..886 "."
Ident 886..889 "get"
Punct(LParen) 889..890 "("
Int 890..891 "0"
Punct(RParen) 891..892 ")"
    trail Whitespace 892..893 " "
Kw(Else) 893..897 "else"
    trail Whitespace 897..898 " "
Int 898..899 "8"
Term 899..900 "\n"
    lead  Whitespace 900..904 "    "
Kw(Let) 904..907 "let"
    trail Whitespace 907..908 " "
Ident 908..909 "f"
    trail Whitespace 909..910 " "
Punct(Eq) 910..911 "="
    trail Whitespace 911..912 " "
Ident 912..914 "xs"
Punct(Dot) 914..915 "."
Ident 915..920 "first"
Punct(LParen) 920..921 "("
Punct(RParen) 921..922 ")"
    trail Whitespace 922..923 " "
Kw(Else) 923..927 "else"
    trail Whitespace 927..928 " "
Int 928..929 "9"
Term 929..930 "\n"
    lead  Whitespace 930..934 "    "
Kw(Let) 934..937 "let"
    trail Whitespace 937..938 " "
Ident 938..939 "l"
    trail Whitespace 939..940 " "
Punct(Eq) 940..941 "="
    trail Whitespace 941..942 " "
Ident 942..944 "xs"
Punct(Dot) 944..945 "."
Ident 945..949 "last"
Punct(LParen) 949..950 "("
Punct(RParen) 950..951 ")"
    trail Whitespace 951..952 " "
Kw(Else) 952..956 "else"
    trail Whitespace 956..957 " "
Int 957..959 "10"
Term 959..960 "\n"
    lead  Whitespace 960..964 "    "
Ident 964..969 "print"
Punct(LParen) 969..970 "("
StrBegin(Plain) 970..971 "\""
InterpOpen 971..972 "{"
Ident 972..973 "d"
InterpClose 973..974 "}"
StrFragment 974..975 " "
InterpOpen 975..976 "{"
Ident 976..977 "g"
InterpClose 977..978 "}"
StrFragment 978..979 " "
InterpOpen 979..980 "{"
Ident 980..981 "f"
InterpClose 981..982 "}"
StrFragment 982..983 " "
InterpOpen 983..984 "{"
Ident 984..985 "l"
InterpClose 985..986 "}"
StrEnd { dedent: 0 } 986..987 "\""
Punct(RParen) 987..988 ")"
Term 988..989 "\n"
    lead  Whitespace 989..993 "    "
Kw(If) 993..995 "if"
    trail Whitespace 995..996 " "
Ident 996..997 "d"
    trail Whitespace 997..998 " "
Punct(EqEq) 998..1000 "=="
    trail Whitespace 1000..1001 " "
Int 1001..1002 "7"
    trail Whitespace 1002..1003 " "
Punct(AmpAmp) 1003..1005 "&&"
    trail Whitespace 1005..1006 " "
Ident 1006..1007 "g"
    trail Whitespace 1007..1008 " "
Punct(EqEq) 1008..1010 "=="
    trail Whitespace 1010..1011 " "
Int 1011..1012 "8"
    trail Whitespace 1012..1013 " "
Punct(AmpAmp) 1013..1015 "&&"
    trail Whitespace 1015..1016 " "
Ident 1016..1017 "f"
    trail Whitespace 1017..1018 " "
Punct(EqEq) 1018..1020 "=="
    trail Whitespace 1020..1021 " "
Int 1021..1022 "9"
    trail Whitespace 1022..1023 " "
Punct(AmpAmp) 1023..1025 "&&"
    trail Whitespace 1025..1026 " "
Ident 1026..1027 "l"
    trail Whitespace 1027..1028 " "
Punct(EqEq) 1028..1030 "=="
    trail Whitespace 1030..1031 " "
Int 1031..1033 "10"
    trail Whitespace 1033..1034 " "
Punct(LBrace) 1034..1035 "{"
    trail Whitespace 1035..1036 " "
Int 1036..1037 "0"
    trail Whitespace 1037..1038 " "
Punct(RBrace) 1038..1039 "}"
    trail Whitespace 1039..1040 " "
Kw(Else) 1040..1044 "else"
    trail Whitespace 1044..1045 " "
Punct(LBrace) 1045..1046 "{"
    trail Whitespace 1046..1047 " "
Int 1047..1048 "1"
    trail Whitespace 1048..1049 " "
Punct(RBrace) 1049..1050 "}"
Term 1050..1051 "\n"
Punct(RBrace) 1051..1052 "}"
Term 1052..1053 "\n"
Eof 1053..1053 ""
