---
source: crates/wolf_lex/tests/corpus_snapshots.rs
assertion_line: 41
expression: lexed.dump(&bytes)
---
    lead  InnerDocComment 0..22 "//! check: fail(E1004)"
    lead  Whitespace 22..23 "\n"
    lead  InnerDocComment 23..43 "//! phase: typecheck"
    lead  Whitespace 43..44 "\n"
    lead  InnerDocComment 44..94 "//! conforms: mem.region.edge, mem.r…"
    lead  Whitespace 94..95 "\n"
    lead  InnerDocComment 95..162 "//! The one annotation Cyclone\'s mea…"
    lead  Whitespace 162..163 "\n"
    lead  InnerDocComment 163..227 "//! KLOC): storing one parameter\'s d…"
    lead  Whitespace 227..228 "\n"
    lead  InnerDocComment 228..298 "//! region. Parameter regions are fr…"
    lead  Whitespace 298..299 "\n"
    lead  InnerDocComment 299..363 "//! that independence is the zero-an…"
    lead  Whitespace 363..364 "\n"
    lead  InnerDocComment 364..434 "//! equality surface exists yet, so …"
    lead  Whitespace 434..435 "\n"
    lead  InnerDocComment 435..501 "//! Dynamically the call below ties …"
    lead  Whitespace 501..502 "\n"
    lead  InnerDocComment 502..557 "//! region container: a region-fault…"
    lead  Whitespace 557..559 "\n\n"
Kw(Struct) 559..565 "struct"
    trail Whitespace 565..566 " "
Ident 566..570 "Item"
    trail Whitespace 570..571 " "
Punct(LBrace) 571..572 "{"
    trail Whitespace 572..573 " "
Ident 573..578 "value"
Punct(Colon) 578..579 ":"
    trail Whitespace 579..580 " "
Ident 580..583 "int"
    trail Whitespace 583..584 " "
Punct(RBrace) 584..585 "}"
Term 585..586 "\n"
    lead  Whitespace 586..587 "\n"
Kw(Struct) 587..593 "struct"
    trail Whitespace 593..594 " "
Ident 594..600 "Holder"
    trail Whitespace 600..601 " "
Punct(LBrace) 601..602 "{"
    trail Whitespace 602..603 " "
Ident 603..607 "item"
Punct(Colon) 607..608 ":"
    trail Whitespace 608..609 " "
Ident 609..613 "Item"
    trail Whitespace 613..614 " "
Punct(RBrace) 614..615 "}"
Term 615..616 "\n"
    lead  Whitespace 616..617 "\n"
Kw(Fn) 617..619 "fn"
    trail Whitespace 619..620 " "
Ident 620..625 "stash"
Punct(LParen) 625..626 "("
Kw(Mut) 626..629 "mut"
    trail Whitespace 629..630 " "
Ident 630..636 "holder"
Punct(Colon) 636..637 ":"
    trail Whitespace 637..638 " "
Ident 638..644 "Holder"
Punct(Comma) 644..645 ","
    trail Whitespace 645..646 " "
Kw(Take) 646..650 "take"
    trail Whitespace 650..651 " "
Ident 651..655 "item"
Punct(Colon) 655..656 ":"
    trail Whitespace 656..657 " "
Ident 657..661 "Item"
Punct(RParen) 661..662 ")"
    trail Whitespace 662..663 " "
Punct(LBrace) 663..664 "{"
    lead  Whitespace 664..669 "\n    "
Ident 669..675 "holder"
Punct(Dot) 675..676 "."
Ident 676..680 "item"
    trail Whitespace 680..681 " "
Punct(Eq) 681..682 "="
    trail Whitespace 682..683 " "
Ident 683..687 "item"
    trail Whitespace 687..700 "             "
    trail LineComment 700..735 "// ERROR E1004: independent regions"
Term 735..736 "\n"
Punct(RBrace) 736..737 "}"
Term 737..738 "\n"
    lead  Whitespace 738..739 "\n"
Kw(Fn) 739..741 "fn"
    trail Whitespace 741..742 " "
Ident 742..746 "main"
Punct(LParen) 746..747 "("
Punct(RParen) 747..748 ")"
    trail Whitespace 748..749 " "
Punct(Arrow) 749..751 "->"
    trail Whitespace 751..752 " "
Punct(Not) 752..753 "!"
Ident 753..756 "int"
    trail Whitespace 756..757 " "
Punct(LBrace) 757..758 "{"
    lead  Whitespace 758..763 "\n    "
Kw(Var) 763..766 "var"
    trail Whitespace 766..767 " "
Ident 767..768 "h"
    trail Whitespace 768..769 " "
Punct(Eq) 769..770 "="
    trail Whitespace 770..771 " "
Ident 771..777 "Holder"
    trail Whitespace 777..778 " "
Punct(LBrace) 778..779 "{"
    trail Whitespace 779..780 " "
Ident 780..784 "item"
Punct(Colon) 784..785 ":"
    trail Whitespace 785..786 " "
Ident 786..790 "Item"
    trail Whitespace 790..791 " "
Punct(LBrace) 791..792 "{"
    trail Whitespace 792..793 " "
Ident 793..798 "value"
Punct(Colon) 798..799 ":"
    trail Whitespace 799..800 " "
Int 800..801 "1"
    trail Whitespace 801..802 " "
Punct(RBrace) 802..803 "}"
    trail Whitespace 803..804 " "
Punct(RBrace) 804..805 "}"
Term 805..806 "\n"
    lead  Whitespace 806..810 "    "
Kw(Region) 810..816 "region"
    trail Whitespace 816..817 " "
Ident 817..820 "tmp"
    trail Whitespace 820..821 " "
Punct(LBrace) 821..822 "{"
    lead  Whitespace 822..831 "\n        "
Kw(Let) 831..834 "let"
    trail Whitespace 834..835 " "
Ident 835..836 "i"
    trail Whitespace 836..837 " "
Punct(Eq) 837..838 "="
    trail Whitespace 838..839 " "
Ident 839..843 "Item"
    trail Whitespace 843..844 " "
Punct(LBrace) 844..845 "{"
    trail Whitespace 845..846 " "
Ident 846..851 "value"
Punct(Colon) 851..852 ":"
    trail Whitespace 852..853 " "
Int 853..854 "2"
    trail Whitespace 854..855 " "
Punct(RBrace) 855..856 "}"
Term 856..857 "\n"
    lead  Whitespace 857..865 "        "
Ident 865..870 "stash"
Punct(LParen) 870..871 "("
Kw(Mut) 871..874 "mut"
    trail Whitespace 874..875 " "
Ident 875..876 "h"
Punct(Comma) 876..877 ","
    trail Whitespace 877..878 " "
Kw(Take) 878..882 "take"
    trail Whitespace 882..883 " "
Ident 883..884 "i"
Punct(RParen) 884..885 ")"
Term 885..886 "\n"
    lead  Whitespace 886..890 "    "
Punct(RBrace) 890..891 "}"
Term 891..892 "\n"
    lead  Whitespace 892..896 "    "
Kw(If) 896..898 "if"
    trail Whitespace 898..899 " "
Ident 899..900 "h"
Punct(Dot) 900..901 "."
Ident 901..905 "item"
Punct(Dot) 905..906 "."
Ident 906..911 "value"
    trail Whitespace 911..912 " "
Punct(EqEq) 912..914 "=="
    trail Whitespace 914..915 " "
Int 915..916 "2"
    trail Whitespace 916..917 " "
Punct(LBrace) 917..918 "{"
    trail Whitespace 918..919 " "
Int 919..920 "0"
    trail Whitespace 920..921 " "
Punct(RBrace) 921..922 "}"
    trail Whitespace 922..923 " "
Kw(Else) 923..927 "else"
    trail Whitespace 927..928 " "
Punct(LBrace) 928..929 "{"
    trail Whitespace 929..930 " "
Int 930..931 "1"
    trail Whitespace 931..932 " "
Punct(RBrace) 932..933 "}"
Term 933..934 "\n"
Punct(RBrace) 934..935 "}"
Term 935..936 "\n"
Eof 936..936 ""
