---
source: crates/wolf_lex/tests/corpus_snapshots.rs
expression: lexed.dump(&bytes)
---
    lead  InnerDocComment 0..35 "//! check: run(exit=trap(div-zero))"
    lead  Whitespace 35..36 "\n"
    lead  InnerDocComment 36..56 "//! phase: typecheck"
    lead  Whitespace 56..57 "\n"
    lead  InnerDocComment 57..85 "//! conforms: mem.ub.defined"
    lead  Whitespace 85..86 "\n"
    lead  InnerDocComment 86..158 "//! Division by zero is a determinis…"
    lead  Whitespace 158..159 "\n"
    lead  InnerDocComment 159..221 "//! recovery is range-based check el…"
    lead  Whitespace 221..223 "\n\n"
Kw(Fn) 223..225 "fn"
    trail Whitespace 225..226 " "
Ident 226..230 "main"
Punct(LParen) 230..231 "("
Punct(RParen) 231..232 ")"
    trail Whitespace 232..233 " "
Punct(Arrow) 233..235 "->"
    trail Whitespace 235..236 " "
Punct(Not) 236..237 "!"
Ident 237..240 "int"
    trail Whitespace 240..241 " "
Punct(LBrace) 241..242 "{"
    lead  Whitespace 242..247 "\n    "
Kw(Var) 247..250 "var"
    trail Whitespace 250..251 " "
Ident 251..252 "d"
    trail Whitespace 252..253 " "
Punct(Eq) 253..254 "="
    trail Whitespace 254..255 " "
Int 255..256 "0"
Term 256..257 "\n"
    lead  Whitespace 257..261 "    "
Kw(Let) 261..264 "let"
    trail Whitespace 264..265 " "
Ident 265..266 "x"
    trail Whitespace 266..267 " "
Punct(Eq) 267..268 "="
    trail Whitespace 268..269 " "
Int 269..271 "10"
    trail Whitespace 271..272 " "
Punct(Slash) 272..273 "/"
    trail Whitespace 273..274 " "
Ident 274..275 "d"
    trail Whitespace 275..292 "                 "
    trail LineComment 292..308 "// TRAP div-zero"
Term 308..309 "\n"
    lead  Whitespace 309..313 "    "
Ident 313..314 "x"
Term 314..315 "\n"
Punct(RBrace) 315..316 "}"
Term 316..317 "\n"
Eof 317..317 ""
