---
source: crates/wolf_lex/tests/corpus_snapshots.rs
expression: lexed.dump(&bytes)
---
    lead  InnerDocComment 0..29 "//! check: run(exit=trap(ub))"
    lead  Whitespace 29..30 "\n"
    lead  InnerDocComment 30..44 "//! phase: wir"
    lead  Whitespace 44..45 "\n"
    lead  InnerDocComment 45..87 "//! conforms: conc.mm.atomic.raw.5, …"
    lead  Whitespace 87..88 "\n"
    lead  InnerDocComment 88..91 "//!"
    lead  Whitespace 91..92 "\n"
    lead  InnerDocComment 92..163 "//! kw11 (K5 = A): on an allocation …"
    lead  Whitespace 163..164 "\n"
    lead  InnerDocComment 164..237 "//! the pointee\'s width (`[conc.mm.a…"
    lead  Whitespace 237..238 "\n"
    lead  InnerDocComment 238..310 "//! is row P1 for it as it is for `p…"
    lead  Whitespace 310..311 "\n"
    lead  InnerDocComment 311..379 "//! with x-ub-row P1. The compiled t…"
    lead  Whitespace 379..380 "\n"
    lead  InnerDocComment 380..446 "//! undefined, so `wir` is the deepe…"
    lead  Whitespace 446..448 "\n\n"
Kw(Import) 448..454 "import"
    trail Whitespace 454..455 " "
Ident 455..456 "c"
    trail Whitespace 456..457 " "
StrBegin(Plain) 457..458 "\""
StrFragment 458..466 "stdlib.h"
StrEnd { dedent: 0 } 466..467 "\""
Term 467..468 "\n"
    lead  Whitespace 468..469 "\n"
Kw(Fn) 469..471 "fn"
    trail Whitespace 471..472 " "
Ident 472..476 "main"
Punct(LParen) 476..477 "("
Punct(RParen) 477..478 ")"
    trail Whitespace 478..479 " "
Punct(Arrow) 479..481 "->"
    trail Whitespace 481..482 " "
Ident 482..485 "int"
    trail Whitespace 485..486 " "
Punct(LBrace) 486..487 "{"
    lead  Whitespace 487..492 "\n    "
    lead  LineComment 492..560 "// # Safety: DELIBERATELY UNSOUND — …"
    lead  Whitespace 560..565 "\n    "
Kw(Unsafe) 565..571 "unsafe"
    trail Whitespace 571..572 " "
Punct(LBrace) 572..573 "{"
    lead  Whitespace 573..582 "\n        "
Kw(Let) 582..585 "let"
    trail Whitespace 585..586 " "
Ident 586..587 "p"
    trail Whitespace 587..588 " "
Punct(Eq) 588..589 "="
    trail Whitespace 589..590 " "
Ident 590..591 "c"
Punct(Dot) 591..592 "."
Ident 592..598 "calloc"
Punct(LParen) 598..599 "("
Int 599..600 "1"
Punct(Comma) 600..601 ","
    trail Whitespace 601..602 " "
Int 602..603 "8"
Punct(RParen) 603..604 ")"
    trail Whitespace 604..605 " "
Kw(As) 605..607 "as"
    trail Whitespace 607..608 " "
Punct(Star) 608..609 "*"
Ident 609..612 "u32"
Term 612..613 "\n"
    lead  Whitespace 613..621 "        "
Ident 621..622 "c"
Punct(Dot) 622..623 "."
Ident 623..627 "free"
Punct(LParen) 627..628 "("
Ident 628..629 "p"
    trail Whitespace 629..630 " "
Kw(As) 630..632 "as"
    trail Whitespace 632..633 " "
Punct(Star) 633..634 "*"
Ident 634..636 "u8"
Punct(RParen) 636..637 ")"
Term 637..638 "\n"
    lead  Whitespace 638..646 "        "
Kw(Let) 646..649 "let"
    trail Whitespace 649..650 " "
Ident 650..651 "v"
    trail Whitespace 651..652 " "
Punct(Eq) 652..653 "="
    trail Whitespace 653..654 " "
Ident 654..655 "p"
Punct(Dot) 655..656 "."
Ident 656..667 "atomic_load"
Punct(LParen) 667..668 "("
Ident 668..673 "Order"
Punct(Dot) 673..674 "."
Ident 674..681 "acquire"
Punct(RParen) 681..682 ")"
    trail Whitespace 682..684 "  "
    trail LineComment 684..717 "// UB P1: the allocation is freed"
Term 717..718 "\n"
    lead  Whitespace 718..726 "        "
Ident 726..727 "v"
    trail Whitespace 727..728 " "
Kw(As) 728..730 "as"
    trail Whitespace 730..731 " "
Ident 731..734 "int"
Term 734..735 "\n"
    lead  Whitespace 735..739 "    "
Punct(RBrace) 739..740 "}"
Term 740..741 "\n"
Punct(RBrace) 741..742 "}"
Term 742..743 "\n"
Eof 743..743 ""
