---
source: crates/wolf_lex/tests/corpus_snapshots.rs
expression: lexed.dump(&bytes)
---
    lead  InnerDocComment 0..22 "//! check: fail(E1102)"
    lead  Whitespace 22..23 "\n"
    lead  InnerDocComment 23..39 "//! phase: parse"
    lead  Whitespace 39..40 "\n"
    lead  InnerDocComment 40..68 "//! conforms: conc.chan.type"
    lead  Whitespace 68..69 "\n"
    lead  InnerDocComment 69..140 "//! Channel payloads must be Copy, i…"
    lead  Whitespace 140..141 "\n"
    lead  InnerDocComment 141..210 "//! A bare region-interior value (Li…"
    lead  Whitespace 210..211 "\n"
    lead  InnerDocComment 211..230 "//! region instead."
    lead  Whitespace 230..232 "\n\n"
Kw(Fn) 232..234 "fn"
    trail Whitespace 234..235 " "
Ident 235..239 "main"
Punct(LParen) 239..240 "("
Punct(RParen) 240..241 ")"
    trail Whitespace 241..242 " "
Punct(Arrow) 242..244 "->"
    trail Whitespace 244..245 " "
Punct(Not) 245..246 "!"
Ident 246..249 "int"
    trail Whitespace 249..250 " "
Punct(LBrace) 250..251 "{"
    lead  Whitespace 251..256 "\n    "
Kw(Let) 256..259 "let"
    trail Whitespace 259..260 " "
Ident 260..262 "ch"
    trail Whitespace 262..263 " "
Punct(Eq) 263..264 "="
    trail Whitespace 264..265 " "
Ident 265..272 "channel"
Punct(LBracket) 272..273 "["
Ident 273..277 "List"
Punct(LBracket) 277..278 "["
Ident 278..281 "int"
Punct(RBracket) 281..282 "]"
Punct(RBracket) 282..283 "]"
Punct(LParen) 283..284 "("
Int 284..285 "1"
Punct(RParen) 285..286 ")"
    trail Whitespace 286..289 "   "
    trail LineComment 289..325 "// ERROR E1102: List is not sendable"
Term 325..326 "\n"
    lead  Whitespace 326..330 "    "
Int 330..331 "0"
Term 331..332 "\n"
Punct(RBrace) 332..333 "}"
Term 333..334 "\n"
Eof 334..334 ""
