---
source: crates/wolf_lex/tests/corpus_snapshots.rs
expression: lexed.dump(&bytes)
---
    lead  InnerDocComment 0..46 "//! check: run(exit=0, stdout=\"3\\n34…"
    lead  Whitespace 46..47 "\n"
    lead  InnerDocComment 47..61 "//! phase: run"
    lead  Whitespace 61..62 "\n"
    lead  InnerDocComment 62..105 "//! conforms: gram.expr.list, type.l…"
    lead  Whitespace 105..106 "\n"
    lead  InnerDocComment 106..109 "//!"
    lead  Whitespace 109..110 "\n"
    lead  InnerDocComment 110..174 "//! s158 (#154) — the ruling\'s own s…"
    lead  Whitespace 174..175 "\n"
    lead  InnerDocComment 175..233 "//! position. The element type unifi…"
    lead  Whitespace 233..234 "\n"
    lead  InnerDocComment 234..301 "//! ([type.list.lit.elem]); the valu…"
    lead  Whitespace 301..302 "\n"
    lead  InnerDocComment 302..372 "//! ambient region, the same one `Li…"
    lead  Whitespace 372..373 "\n"
    lead  InnerDocComment 373..439 "//! builds ([type.list.lit.value]). …"
    lead  Whitespace 439..440 "\n"
    lead  InnerDocComment 440..484 "//! wolf-interp\'s mirror carries the…"
    lead  Whitespace 484..486 "\n\n"
Kw(Fn) 486..488 "fn"
    trail Whitespace 488..489 " "
Ident 489..493 "main"
Punct(LParen) 493..494 "("
Punct(RParen) 494..495 ")"
    trail Whitespace 495..496 " "
Punct(Arrow) 496..498 "->"
    trail Whitespace 498..499 " "
Punct(Not) 499..500 "!"
Ident 500..503 "int"
    trail Whitespace 503..504 " "
Punct(LBrace) 504..505 "{"
    lead  Whitespace 505..510 "\n    "
Kw(Let) 510..513 "let"
    trail Whitespace 513..514 " "
Ident 514..519 "cents"
    trail Whitespace 519..520 " "
Punct(Eq) 520..521 "="
    trail Whitespace 521..522 " "
Punct(LBracket) 522..523 "["
Int 523..526 "340"
Punct(Comma) 526..527 ","
    trail Whitespace 527..528 " "
Int 528..531 "275"
Punct(Comma) 531..532 ","
    trail Whitespace 532..533 " "
Int 533..536 "100"
Punct(RBracket) 536..537 "]"
Term 537..538 "\n"
    lead  Whitespace 538..542 "    "
Ident 542..547 "print"
Punct(LParen) 547..548 "("
StrBegin(Plain) 548..549 "\""
InterpOpen 549..550 "{"
Ident 550..555 "cents"
Punct(Dot) 555..556 "."
Ident 556..559 "len"
InterpClose 559..560 "}"
StrEnd { dedent: 0 } 560..561 "\""
Punct(RParen) 561..562 ")"
Term 562..563 "\n"
    lead  Whitespace 563..567 "    "
Ident 567..572 "print"
Punct(LParen) 572..573 "("
StrBegin(Plain) 573..574 "\""
InterpOpen 574..575 "{"
Ident 575..580 "cents"
Punct(LBracket) 580..581 "["
Int 581..582 "0"
Punct(RBracket) 582..583 "]"
InterpClose 583..584 "}"
StrEnd { dedent: 0 } 584..585 "\""
Punct(RParen) 585..586 ")"
Term 586..587 "\n"
    lead  Whitespace 587..591 "    "
Ident 591..596 "print"
Punct(LParen) 596..597 "("
StrBegin(Plain) 597..598 "\""
InterpOpen 598..599 "{"
Ident 599..604 "cents"
Punct(LBracket) 604..605 "["
Int 605..606 "2"
Punct(RBracket) 606..607 "]"
InterpClose 607..608 "}"
StrEnd { dedent: 0 } 608..609 "\""
Punct(RParen) 609..610 ")"
Term 610..611 "\n"
    lead  Whitespace 611..615 "    "
Int 615..616 "0"
Term 616..617 "\n"
Punct(RBrace) 617..618 "}"
Term 618..619 "\n"
Eof 619..619 ""
