---
source: crates/wolf_lex/tests/corpus_snapshots.rs
expression: lexed.dump(&bytes)
---
    lead  InnerDocComment 0..45 "//! check: run(exit=0, stdout=\"A-B-B…"
    lead  Whitespace 45..46 "\n"
    lead  InnerDocComment 46..60 "//! phase: run"
    lead  Whitespace 60..61 "\n"
    lead  InnerDocComment 61..112 "//! conforms: comptime.fn, comptime.…"
    lead  Whitespace 112..113 "\n"
    lead  InnerDocComment 113..116 "//!"
    lead  Whitespace 116..117 "\n"
    lead  InnerDocComment 117..185 "//! The fold reaches the lane (s71, …"
    lead  Whitespace 185..186 "\n"
    lead  InnerDocComment 186..251 "//! holding `comptime fn`s builds an…"
    lead  Whitespace 251..252 "\n"
    lead  InnerDocComment 252..322 "//! arrives in the executing lane as…"
    lead  Whitespace 322..323 "\n"
    lead  InnerDocComment 323..389 "//! str built with comptime interpol…"
    lead  Whitespace 389..390 "\n"
    lead  InnerDocComment 390..459 "//! primitive) behind an `else` hand…"
    lead  Whitespace 459..460 "\n"
    lead  InnerDocComment 460..476 "//! same walker."
    lead  Whitespace 476..478 "\n\n"
Kw(Comptime) 478..486 "comptime"
    trail Whitespace 486..487 " "
Kw(Fn) 487..489 "fn"
    trail Whitespace 489..490 " "
Ident 490..496 "expand"
Punct(LParen) 496..497 "("
Ident 497..502 "axiom"
Punct(Colon) 502..503 ":"
    trail Whitespace 503..504 " "
Ident 504..507 "str"
Punct(Comma) 507..508 ","
    trail Whitespace 508..509 " "
Ident 509..514 "steps"
Punct(Colon) 514..515 ":"
    trail Whitespace 515..516 " "
Ident 516..519 "int"
Punct(RParen) 519..520 ")"
    trail Whitespace 520..521 " "
Punct(Arrow) 521..523 "->"
    trail Whitespace 523..524 " "
Ident 524..527 "str"
    trail Whitespace 527..528 " "
Punct(LBrace) 528..529 "{"
    lead  Whitespace 529..534 "\n    "
Kw(Var) 534..537 "var"
    trail Whitespace 537..538 " "
Ident 538..541 "cur"
    trail Whitespace 541..542 " "
Punct(Eq) 542..543 "="
    trail Whitespace 543..544 " "
Ident 544..549 "axiom"
Term 549..550 "\n"
    lead  Whitespace 550..554 "    "
Kw(Var) 554..557 "var"
    trail Whitespace 557..558 " "
Ident 558..562 "step"
    trail Whitespace 562..563 " "
Punct(Eq) 563..564 "="
    trail Whitespace 564..565 " "
Int 565..566 "0"
Term 566..567 "\n"
    lead  Whitespace 567..571 "    "
Kw(While) 571..576 "while"
    trail Whitespace 576..577 " "
Ident 577..581 "step"
    trail Whitespace 581..582 " "
Punct(Lt) 582..583 "<"
    trail Whitespace 583..584 " "
Ident 584..589 "steps"
    trail Whitespace 589..590 " "
Punct(LBrace) 590..591 "{"
    lead  Whitespace 591..600 "\n        "
Kw(Var) 600..603 "var"
    trail Whitespace 603..604 " "
Ident 604..608 "next"
    trail Whitespace 608..609 " "
Punct(Eq) 609..610 "="
    trail Whitespace 610..611 " "
StrBegin(Plain) 611..612 "\""
StrEnd { dedent: 0 } 612..613 "\""
Term 613..614 "\n"
    lead  Whitespace 614..622 "        "
Kw(Var) 622..625 "var"
    trail Whitespace 625..626 " "
Ident 626..627 "i"
    trail Whitespace 627..628 " "
Punct(Eq) 628..629 "="
    trail Whitespace 629..630 " "
Int 630..631 "0"
Term 631..632 "\n"
    lead  Whitespace 632..640 "        "
Kw(While) 640..645 "while"
    trail Whitespace 645..646 " "
Ident 646..647 "i"
    trail Whitespace 647..648 " "
Punct(Lt) 648..649 "<"
    trail Whitespace 649..650 " "
Ident 650..653 "cur"
Punct(Dot) 653..654 "."
Ident 654..657 "len"
    trail Whitespace 657..658 " "
Punct(LBrace) 658..659 "{"
    lead  Whitespace 659..672 "\n            "
Kw(Let) 672..675 "let"
    trail Whitespace 675..676 " "
Ident 676..678 "ch"
    trail Whitespace 678..679 " "
Punct(Eq) 679..680 "="
    trail Whitespace 680..681 " "
Ident 681..684 "cur"
Punct(Dot) 684..685 "."
Ident 685..688 "get"
Punct(LParen) 688..689 "("
Ident 689..690 "i"
Punct(DotDot) 690..692 ".."
Ident 692..693 "i"
    trail Whitespace 693..694 " "
Punct(Plus) 694..695 "+"
    trail Whitespace 695..696 " "
Int 696..697 "1"
Punct(RParen) 697..698 ")"
    trail Whitespace 698..699 " "
Kw(Else) 699..703 "else"
    trail Whitespace 703..704 " "
Punct(Pipe) 704..705 "|"
Underscore 705..706 "_"
Punct(Pipe) 706..707 "|"
    trail Whitespace 707..708 " "
Punct(LBrace) 708..709 "{"
    trail Whitespace 709..710 " "
StrBegin(Plain) 710..711 "\""
StrEnd { dedent: 0 } 711..712 "\""
    trail Whitespace 712..713 " "
Punct(RBrace) 713..714 "}"
Term 714..715 "\n"
    lead  Whitespace 715..727 "            "
Kw(If) 727..729 "if"
    trail Whitespace 729..730 " "
Ident 730..732 "ch"
    trail Whitespace 732..733 " "
Punct(EqEq) 733..735 "=="
    trail Whitespace 735..736 " "
StrBegin(Plain) 736..737 "\""
StrFragment 737..738 "A"
StrEnd { dedent: 0 } 738..739 "\""
    trail Whitespace 739..740 " "
Punct(LBrace) 740..741 "{"
    lead  Whitespace 741..758 "\n                "
Ident 758..762 "next"
    trail Whitespace 762..763 " "
Punct(Eq) 763..764 "="
    trail Whitespace 764..765 " "
StrBegin(Plain) 765..766 "\""
InterpOpen 766..767 "{"
Ident 767..771 "next"
InterpClose 771..772 "}"
StrFragment 772..775 "A-B"
StrEnd { dedent: 0 } 775..776 "\""
Term 776..777 "\n"
    lead  Whitespace 777..789 "            "
Punct(RBrace) 789..790 "}"
    trail Whitespace 790..791 " "
Kw(Else) 791..795 "else"
    trail Whitespace 795..796 " "
Punct(LBrace) 796..797 "{"
    lead  Whitespace 797..814 "\n                "
Ident 814..818 "next"
    trail Whitespace 818..819 " "
Punct(Eq) 819..820 "="
    trail Whitespace 820..821 " "
StrBegin(Plain) 821..822 "\""
InterpOpen 822..823 "{"
Ident 823..827 "next"
InterpClose 827..828 "}"
InterpOpen 828..829 "{"
Ident 829..831 "ch"
InterpClose 831..832 "}"
StrEnd { dedent: 0 } 832..833 "\""
Term 833..834 "\n"
    lead  Whitespace 834..846 "            "
Punct(RBrace) 846..847 "}"
Term 847..848 "\n"
    lead  Whitespace 848..860 "            "
Ident 860..861 "i"
    trail Whitespace 861..862 " "
Punct(PlusEq) 862..864 "+="
    trail Whitespace 864..865 " "
Int 865..866 "1"
Term 866..867 "\n"
    lead  Whitespace 867..875 "        "
Punct(RBrace) 875..876 "}"
Term 876..877 "\n"
    lead  Whitespace 877..885 "        "
Ident 885..888 "cur"
    trail Whitespace 888..889 " "
Punct(Eq) 889..890 "="
    trail Whitespace 890..891 " "
Ident 891..895 "next"
Term 895..896 "\n"
    lead  Whitespace 896..904 "        "
Ident 904..908 "step"
    trail Whitespace 908..909 " "
Punct(PlusEq) 909..911 "+="
    trail Whitespace 911..912 " "
Int 912..913 "1"
Term 913..914 "\n"
    lead  Whitespace 914..918 "    "
Punct(RBrace) 918..919 "}"
Term 919..920 "\n"
    lead  Whitespace 920..924 "    "
Ident 924..927 "cur"
Term 927..928 "\n"
Punct(RBrace) 928..929 "}"
Term 929..930 "\n"
    lead  Whitespace 930..931 "\n"
Kw(Comptime) 931..939 "comptime"
    trail Whitespace 939..940 " "
Kw(Fn) 940..942 "fn"
    trail Whitespace 942..943 " "
Ident 943..949 "len_of"
Punct(LParen) 949..950 "("
Ident 950..951 "s"
Punct(Colon) 951..952 ":"
    trail Whitespace 952..953 " "
Ident 953..956 "str"
Punct(RParen) 956..957 ")"
    trail Whitespace 957..958 " "
Punct(Arrow) 958..960 "->"
    trail Whitespace 960..961 " "
Ident 961..964 "int"
    trail Whitespace 964..965 " "
Punct(LBrace) 965..966 "{"
    lead  Whitespace 966..971 "\n    "
Ident 971..972 "s"
Punct(Dot) 972..973 "."
Ident 973..976 "len"
Term 976..977 "\n"
Punct(RBrace) 977..978 "}"
Term 978..979 "\n"
    lead  Whitespace 979..980 "\n"
Kw(Fn) 980..982 "fn"
    trail Whitespace 982..983 " "
Ident 983..987 "main"
Punct(LParen) 987..988 "("
Punct(RParen) 988..989 ")"
    trail Whitespace 989..990 " "
Punct(Arrow) 990..992 "->"
    trail Whitespace 992..993 " "
Punct(Not) 993..994 "!"
Ident 994..997 "int"
    trail Whitespace 997..998 " "
Punct(LBrace) 998..999 "{"
    lead  Whitespace 999..1004 "\n    "
Kw(Const) 1004..1009 "const"
    trail Whitespace 1009..1010 " "
Ident 1010..1015 "CURVE"
    trail Whitespace 1015..1016 " "
Punct(Eq) 1016..1017 "="
    trail Whitespace 1017..1018 " "
Ident 1018..1024 "expand"
Punct(LParen) 1024..1025 "("
StrBegin(Plain) 1025..1026 "\""
StrFragment 1026..1027 "A"
StrEnd { dedent: 0 } 1027..1028 "\""
Punct(Comma) 1028..1029 ","
    trail Whitespace 1029..1030 " "
Int 1030..1031 "2"
Punct(RParen) 1031..1032 ")"
Term 1032..1033 "\n"
    lead  Whitespace 1033..1037 "    "
Kw(Const) 1037..1042 "const"
    trail Whitespace 1042..1043 " "
Ident 1043..1044 "N"
    trail Whitespace 1044..1045 " "
Punct(Eq) 1045..1046 "="
    trail Whitespace 1046..1047 " "
Ident 1047..1053 "len_of"
Punct(LParen) 1053..1054 "("
Ident 1054..1059 "CURVE"
Punct(RParen) 1059..1060 ")"
Term 1060..1061 "\n"
    lead  Whitespace 1061..1065 "    "
Ident 1065..1070 "print"
Punct(LParen) 1070..1071 "("
StrBegin(Plain) 1071..1072 "\""
InterpOpen 1072..1073 "{"
Ident 1073..1078 "CURVE"
InterpClose 1078..1079 "}"
StrFragment 1079..1080 " "
InterpOpen 1080..1081 "{"
Ident 1081..1082 "N"
InterpClose 1082..1083 "}"
StrFragment 1083..1088 " done"
StrEnd { dedent: 0 } 1088..1089 "\""
Punct(RParen) 1089..1090 ")"
Term 1090..1091 "\n"
    lead  Whitespace 1091..1095 "    "
Int 1095..1096 "0"
Term 1096..1097 "\n"
Punct(RBrace) 1097..1098 "}"
Term 1098..1099 "\n"
Eof 1099..1099 ""
