---
source: crates/wolf_lex/tests/corpus_snapshots.rs
expression: lexed.dump(&bytes)
---
    lead  InnerDocComment 0..39 "//! check: run(exit=0, stdout=\"3 12\\…"
    lead  Whitespace 39..40 "\n"
    lead  InnerDocComment 40..54 "//! phase: run"
    lead  Whitespace 54..55 "\n"
    lead  InnerDocComment 55..100 "//! conforms: conc.chan.close, mem.i…"
    lead  Whitespace 100..101 "\n"
    lead  InnerDocComment 101..169 "//! The ch12 ex12-6 router shape, mi…"
    lead  Whitespace 169..170 "\n"
    lead  InnerDocComment 170..240 "//! `for` whose body can exit early …"
    lead  Whitespace 240..241 "\n"
    lead  InnerDocComment 241..315 "//! late; resolving a binding read a…"
    lead  Whitespace 315..316 "\n"
    lead  InnerDocComment 316..389 "//! cascade, and the cascade removed…"
    lead  Whitespace 389..390 "\n"
    lead  InnerDocComment 390..459 "//! had just chosen as its replaceme…"
    lead  Whitespace 459..460 "\n"
    lead  InnerDocComment 460..526 "//! handle, so the next instruction …"
    lead  Whitespace 526..527 "\n"
    lead  InnerDocComment 527..599 "//! canonical dump named a value it …"
    lead  Whitespace 599..600 "\n"
    lead  InnerDocComment 600..650 "//! never tripped it, which is what …"
    lead  Whitespace 650..652 "\n\n"
Kw(Fn) 652..654 "fn"
    trail Whitespace 654..655 " "
Ident 655..659 "main"
Punct(LParen) 659..660 "("
Punct(RParen) 660..661 ")"
    trail Whitespace 661..662 " "
Punct(Arrow) 662..664 "->"
    trail Whitespace 664..665 " "
Punct(Not) 665..666 "!"
Ident 666..669 "int"
    trail Whitespace 669..670 " "
Punct(LBrace) 670..671 "{"
    lead  Whitespace 671..676 "\n    "
Kw(Let) 676..679 "let"
    trail Whitespace 679..680 " "
Ident 680..683 "src"
    trail Whitespace 683..684 " "
Punct(Eq) 684..685 "="
    trail Whitespace 685..686 " "
Ident 686..693 "channel"
Punct(LBracket) 693..694 "["
Ident 694..697 "int"
Punct(RBracket) 697..698 "]"
Punct(LParen) 698..699 "("
Int 699..700 "8"
Punct(RParen) 700..701 ")"
Term 701..702 "\n"
    lead  Whitespace 702..706 "    "
Kw(Let) 706..709 "let"
    trail Whitespace 709..710 " "
Ident 710..713 "out"
    trail Whitespace 713..714 " "
Punct(Eq) 714..715 "="
    trail Whitespace 715..716 " "
Ident 716..723 "channel"
Punct(LBracket) 723..724 "["
Ident 724..727 "int"
Punct(RBracket) 727..728 "]"
Punct(LParen) 728..729 "("
Int 729..730 "8"
Punct(RParen) 730..731 ")"
Term 731..732 "\n"
    lead  Whitespace 732..736 "    "
Kw(For) 736..739 "for"
    trail Whitespace 739..740 " "
Ident 740..741 "i"
    trail Whitespace 741..742 " "
Kw(In) 742..744 "in"
    trail Whitespace 744..745 " "
Int 745..746 "1"
Punct(DotDotEq) 746..749 "..="
Int 749..750 "3"
    trail Whitespace 750..751 " "
Punct(LBrace) 751..752 "{"
    trail Whitespace 752..753 " "
Ident 753..756 "src"
Punct(Dot) 756..757 "."
Ident 757..761 "send"
Punct(LParen) 761..762 "("
Ident 762..763 "i"
Punct(RParen) 763..764 ")"
Punct(Question) 764..765 "?"
    trail Whitespace 765..766 " "
Punct(RBrace) 766..767 "}"
Term 767..768 "\n"
    lead  Whitespace 768..772 "    "
Ident 772..775 "src"
Punct(Dot) 775..776 "."
Ident 776..781 "close"
Punct(LParen) 781..782 "("
Punct(RParen) 782..783 ")"
Term 783..784 "\n"
    lead  Whitespace 784..788 "    "
Kw(Var) 788..791 "var"
    trail Whitespace 791..792 " "
Ident 792..799 "relayed"
    trail Whitespace 799..800 " "
Punct(Eq) 800..801 "="
    trail Whitespace 801..802 " "
Int 802..803 "0"
Term 803..804 "\n"
    lead  Whitespace 804..808 "    "
Kw(For) 808..811 "for"
    trail Whitespace 811..812 " "
Ident 812..813 "v"
    trail Whitespace 813..814 " "
Kw(In) 814..816 "in"
    trail Whitespace 816..817 " "
Ident 817..820 "src"
    trail Whitespace 820..821 " "
Punct(LBrace) 821..822 "{"
    lead  Whitespace 822..831 "\n        "
Ident 831..834 "out"
Punct(Dot) 834..835 "."
Ident 835..839 "send"
Punct(LParen) 839..840 "("
Ident 840..841 "v"
    trail Whitespace 841..842 " "
Punct(Star) 842..843 "*"
    trail Whitespace 843..844 " "
Int 844..845 "2"
Punct(RParen) 845..846 ")"
Punct(Question) 846..847 "?"
Term 847..848 "\n"
    lead  Whitespace 848..856 "        "
Ident 856..863 "relayed"
    trail Whitespace 863..864 " "
Punct(PlusEq) 864..866 "+="
    trail Whitespace 866..867 " "
Int 867..868 "1"
Term 868..869 "\n"
    lead  Whitespace 869..873 "    "
Punct(RBrace) 873..874 "}"
Term 874..875 "\n"
    lead  Whitespace 875..879 "    "
Ident 879..882 "out"
Punct(Dot) 882..883 "."
Ident 883..888 "close"
Punct(LParen) 888..889 "("
Punct(RParen) 889..890 ")"
Term 890..891 "\n"
    lead  Whitespace 891..895 "    "
Kw(Var) 895..898 "var"
    trail Whitespace 898..899 " "
Ident 899..902 "sum"
    trail Whitespace 902..903 " "
Punct(Eq) 903..904 "="
    trail Whitespace 904..905 " "
Int 905..906 "0"
Term 906..907 "\n"
    lead  Whitespace 907..911 "    "
Kw(For) 911..914 "for"
    trail Whitespace 914..915 " "
Ident 915..916 "v"
    trail Whitespace 916..917 " "
Kw(In) 917..919 "in"
    trail Whitespace 919..920 " "
Ident 920..923 "out"
    trail Whitespace 923..924 " "
Punct(LBrace) 924..925 "{"
    trail Whitespace 925..926 " "
Ident 926..929 "sum"
    trail Whitespace 929..930 " "
Punct(PlusEq) 930..932 "+="
    trail Whitespace 932..933 " "
Ident 933..934 "v"
    trail Whitespace 934..935 " "
Punct(RBrace) 935..936 "}"
Term 936..937 "\n"
    lead  Whitespace 937..941 "    "
Ident 941..946 "print"
Punct(LParen) 946..947 "("
StrBegin(Plain) 947..948 "\""
InterpOpen 948..949 "{"
Ident 949..956 "relayed"
InterpClose 956..957 "}"
StrFragment 957..958 " "
InterpOpen 958..959 "{"
Ident 959..962 "sum"
InterpClose 962..963 "}"
StrEnd { dedent: 0 } 963..964 "\""
Punct(RParen) 964..965 ")"
Term 965..966 "\n"
    lead  Whitespace 966..970 "    "
Int 970..971 "0"
Term 971..972 "\n"
Punct(RBrace) 972..973 "}"
Term 973..974 "\n"
Eof 974..974 ""
