---
source: crates/wolf_lex/tests/corpus_snapshots.rs
expression: lexed.dump(&bytes)
---
    lead  InnerDocComment 0..22 "//! check: fail(E0302)"
    lead  Whitespace 22..23 "\n"
    lead  InnerDocComment 23..39 "//! phase: parse"
    lead  Whitespace 39..40 "\n"
    lead  InnerDocComment 40..61 "//! conforms: mod.dup"
    lead  Whitespace 61..62 "\n"
    lead  InnerDocComment 62..65 "//!"
    lead  Whitespace 65..66 "\n"
    lead  InnerDocComment 66..133 "//! Every `.lu` file in a directory …"
    lead  Whitespace 133..134 "\n"
    lead  InnerDocComment 134..201 "//! defines `helper` again, and the …"
    lead  Whitespace 201..202 "\n"
    lead  InnerDocComment 202..260 "//! definition sites — file boundari…"
    lead  Whitespace 260..262 "\n\n"
Kw(Fn) 262..264 "fn"
    trail Whitespace 264..265 " "
Ident 265..271 "helper"
Punct(LParen) 271..272 "("
Punct(RParen) 272..273 ")"
    trail Whitespace 273..274 " "
Punct(Arrow) 274..276 "->"
    trail Whitespace 276..277 " "
Ident 277..280 "int"
    trail Whitespace 280..281 " "
Punct(LBrace) 281..282 "{"
    lead  Whitespace 282..287 "\n    "
Int 287..288 "1"
Term 288..289 "\n"
Punct(RBrace) 289..290 "}"
Term 290..291 "\n"
    lead  Whitespace 291..292 "\n"
Kw(Fn) 292..294 "fn"
    trail Whitespace 294..295 " "
Ident 295..299 "main"
Punct(LParen) 299..300 "("
Punct(RParen) 300..301 ")"
    trail Whitespace 301..302 " "
Punct(Arrow) 302..304 "->"
    trail Whitespace 304..305 " "
Punct(Not) 305..306 "!"
Ident 306..309 "int"
    trail Whitespace 309..310 " "
Punct(LBrace) 310..311 "{"
    lead  Whitespace 311..316 "\n    "
Ident 316..322 "helper"
Punct(LParen) 322..323 "("
Punct(RParen) 323..324 ")"
Term 324..325 "\n"
Punct(RBrace) 325..326 "}"
Term 326..327 "\n"
Eof 327..327 ""
