---
source: crates/wolf_lex/tests/corpus_snapshots.rs
expression: lexed.dump(&bytes)
---
    lead  InnerDocComment 0..77 "//! check: run(exit=0, stdout=\"turn …"
    lead  Whitespace 77..78 "\n"
    lead  InnerDocComment 78..92 "//! phase: run"
    lead  Whitespace 92..93 "\n"
    lead  InnerDocComment 93..122 "//! conforms: mem.model.order"
    lead  Whitespace 122..123 "\n"
    lead  InnerDocComment 123..126 "//!"
    lead  Whitespace 126..127 "\n"
    lead  InnerDocComment 127..199 "//! D66 / issue #193: `defer` is SCO…"
    lead  Whitespace 199..200 "\n"
    lead  InnerDocComment 200..272 "//! A `defer` in a loop body runs at…"
    lead  Whitespace 272..273 "\n"
    lead  InnerDocComment 273..344 "//! it sits in is the scope that exi…"
    lead  Whitespace 344..345 "\n"
    lead  InnerDocComment 345..413 "//! the letter, and `after loop` is …"
    lead  Whitespace 413..414 "\n"
    lead  InnerDocComment 414..481 "//! ran. `[mem.model.order]` said \"a…"
    lead  Whitespace 481..482 "\n"
    lead  InnerDocComment 482..548 "//! witness landed; every lane imple…"
    lead  Whitespace 548..549 "\n"
    lead  InnerDocComment 549..617 "//! clause `[mem.shared.drop.1]` alr…"
    lead  Whitespace 617..618 "\n"
    lead  InnerDocComment 618..683 "//! scope exit, LIFO with defer/errd…"
    lead  Whitespace 683..684 "\n"
    lead  InnerDocComment 684..732 "//! scope-exit drop is itself scope-…"
    lead  Whitespace 732..733 "\n"
    lead  InnerDocComment 733..736 "//!"
    lead  Whitespace 736..737 "\n"
    lead  InnerDocComment 737..800 "//! Measured on all three lanes befo…"
    lead  Whitespace 800..801 "\n"
    lead  InnerDocComment 801..869 "//! `--checked`, `--release`) and on…"
    lead  Whitespace 869..870 "\n"
    lead  InnerDocComment 870..938 "//! The frame reading is distinguish…"
    lead  Whitespace 938..939 "\n"
    lead  InnerDocComment 939..1008 "//! by a program like this one, and …"
    lead  Whitespace 1008..1009 "\n"
    lead  InnerDocComment 1009..1054 "//! two letters sat contradicting ea…"
    lead  Whitespace 1054..1056 "\n\n"
Kw(Fn) 1056..1058 "fn"
    trail Whitespace 1058..1059 " "
Ident 1059..1063 "main"
Punct(LParen) 1063..1064 "("
Punct(RParen) 1064..1065 ")"
    trail Whitespace 1065..1066 " "
Punct(Arrow) 1066..1068 "->"
    trail Whitespace 1068..1069 " "
Punct(Not) 1069..1070 "!"
Ident 1070..1073 "int"
    trail Whitespace 1073..1074 " "
Punct(LBrace) 1074..1075 "{"
    lead  Whitespace 1075..1080 "\n    "
Kw(For) 1080..1083 "for"
    trail Whitespace 1083..1084 " "
Ident 1084..1085 "i"
    trail Whitespace 1085..1086 " "
Kw(In) 1086..1088 "in"
    trail Whitespace 1088..1089 " "
Int 1089..1090 "0"
Punct(DotDot) 1090..1092 ".."
Int 1092..1093 "2"
    trail Whitespace 1093..1094 " "
Punct(LBrace) 1094..1095 "{"
    lead  Whitespace 1095..1104 "\n        "
Ident 1104..1109 "print"
Punct(LParen) 1109..1110 "("
StrBegin(Plain) 1110..1111 "\""
StrFragment 1111..1116 "turn "
InterpOpen 1116..1117 "{"
Ident 1117..1118 "i"
InterpClose 1118..1119 "}"
StrEnd { dedent: 0 } 1119..1120 "\""
Punct(RParen) 1120..1121 ")"
Term 1121..1122 "\n"
    lead  Whitespace 1122..1130 "        "
Kw(Defer) 1130..1135 "defer"
    trail Whitespace 1135..1136 " "
Ident 1136..1141 "print"
Punct(LParen) 1141..1142 "("
StrBegin(Plain) 1142..1143 "\""
StrFragment 1143..1149 "defer "
InterpOpen 1149..1150 "{"
Ident 1150..1151 "i"
InterpClose 1151..1152 "}"
StrEnd { dedent: 0 } 1152..1153 "\""
Punct(RParen) 1153..1154 ")"
Term 1154..1155 "\n"
    lead  Whitespace 1155..1159 "    "
Punct(RBrace) 1159..1160 "}"
Term 1160..1161 "\n"
    lead  Whitespace 1161..1165 "    "
Ident 1165..1170 "print"
Punct(LParen) 1170..1171 "("
StrBegin(Plain) 1171..1172 "\""
StrFragment 1172..1182 "after loop"
StrEnd { dedent: 0 } 1182..1183 "\""
Punct(RParen) 1183..1184 ")"
Term 1184..1185 "\n"
    lead  Whitespace 1185..1189 "    "
Int 1189..1190 "0"
Term 1190..1191 "\n"
Punct(RBrace) 1191..1192 "}"
Term 1192..1193 "\n"
Eof 1193..1193 ""
