---
source: crates/wolf_lex/tests/corpus_snapshots.rs
expression: lexed.dump(&bytes)
---
    lead  InnerDocComment 0..172 "//! check: run(exit=0, stdout=\"odd=i…"
    lead  Whitespace 172..173 "\n"
    lead  InnerDocComment 173..187 "//! phase: run"
    lead  Whitespace 187..188 "\n"
    lead  InnerDocComment 188..224 "//! conforms: os.proc.fds, err.union"
    lead  Whitespace 224..225 "\n"
    lead  InnerDocComment 225..228 "//!"
    lead  Whitespace 228..229 "\n"
    lead  InnerDocComment 229..301 "//! s215 (`[os.proc.fds]`; pelt\'s H2…"
    lead  Whitespace 301..302 "\n"
    lead  InnerDocComment 302..367 "//! make no child, deterministic on …"
    lead  Whitespace 367..368 "\n"
    lead  InnerDocComment 368..436 "//! `List[int]` of (child fd, source…"
    lead  Whitespace 436..437 "\n"
    lead  InnerDocComment 437..502 "//! before anything else is read: an…"
    lead  Whitespace 502..503 "\n"
    lead  InnerDocComment 503..566 "//! 0..255, a target named twice and…"
    lead  Whitespace 566..567 "\n"
    lead  InnerDocComment 567..637 "//! `invalid` — on windows too, wher…"
    lead  Whitespace 637..638 "\n"
    lead  InnerDocComment 638..710 "//! `unsupported` instead. An EMPTY …"
    lead  Whitespace 710..711 "\n"
    lead  InnerDocComment 711..776 "//! set: an empty program name and a…"
    lead  Whitespace 776..777 "\n"
    lead  InnerDocComment 777..846 "//! `not_found`. Nothing here is eve…"
    lead  Whitespace 846..847 "\n"
    lead  InnerDocComment 847..902 "//! `crates/wolf_driver/tests/proc_f…"
    lead  Whitespace 902..904 "\n\n"
Kw(Fn) 904..906 "fn"
    trail Whitespace 906..907 " "
Ident 907..910 "row"
Punct(LParen) 910..911 "("
Ident 911..914 "exe"
Punct(Colon) 914..915 ":"
    trail Whitespace 915..916 " "
Ident 916..919 "str"
Punct(Comma) 919..920 ","
    trail Whitespace 920..921 " "
Ident 921..924 "map"
Punct(Colon) 924..925 ":"
    trail Whitespace 925..926 " "
Ident 926..930 "List"
Punct(LBracket) 930..931 "["
Ident 931..934 "int"
Punct(RBracket) 934..935 "]"
Punct(RParen) 935..936 ")"
    trail Whitespace 936..937 " "
Punct(Arrow) 937..939 "->"
    trail Whitespace 939..940 " "
Ident 940..943 "str"
    trail Whitespace 943..944 " "
Punct(LBrace) 944..945 "{"
    lead  Whitespace 945..950 "\n    "
Kw(Let) 950..953 "let"
    trail Whitespace 953..954 " "
Ident 954..958 "args"
    trail Whitespace 958..959 " "
Punct(Eq) 959..960 "="
    trail Whitespace 960..961 " "
Ident 961..965 "List"
Punct(LBracket) 965..966 "["
Ident 966..969 "str"
Punct(RBracket) 969..970 "]"
Punct(LParen) 970..971 "("
Punct(RParen) 971..972 ")"
Term 972..973 "\n"
    lead  Whitespace 973..977 "    "
Kw(Let) 977..980 "let"
    trail Whitespace 980..981 " "
Ident 981..982 "h"
    trail Whitespace 982..983 " "
Punct(Eq) 983..984 "="
    trail Whitespace 984..985 " "
Ident 985..997 "os_spawn_fds"
Punct(LParen) 997..998 "("
Ident 998..1001 "exe"
Punct(Comma) 1001..1002 ","
    trail Whitespace 1002..1003 " "
Ident 1003..1007 "args"
Punct(Comma) 1007..1008 ","
    trail Whitespace 1008..1009 " "
Ident 1009..1012 "map"
Punct(RParen) 1012..1013 ")"
    trail Whitespace 1013..1014 " "
Kw(Else) 1014..1018 "else"
    trail Whitespace 1018..1019 " "
Punct(Pipe) 1019..1020 "|"
Ident 1020..1021 "e"
Punct(Pipe) 1021..1022 "|"
    trail Whitespace 1022..1023 " "
Punct(LBrace) 1023..1024 "{"
    lead  Whitespace 1024..1033 "\n        "
Kw(Return) 1033..1039 "return"
    trail Whitespace 1039..1040 " "
Kw(Match) 1040..1045 "match"
    trail Whitespace 1045..1046 " "
Ident 1046..1047 "e"
    trail Whitespace 1047..1048 " "
Punct(LBrace) 1048..1049 "{"
    lead  Whitespace 1049..1062 "\n            "
Ident 1062..1073 "unsupported"
    trail Whitespace 1073..1074 " "
Punct(FatArrow) 1074..1076 "=>"
    trail Whitespace 1076..1077 " "
StrBegin(Plain) 1077..1078 "\""
StrFragment 1078..1089 "unsupported"
StrEnd { dedent: 0 } 1089..1090 "\""
Punct(Comma) 1090..1091 ","
    lead  Whitespace 1091..1104 "\n            "
Ident 1104..1111 "invalid"
    trail Whitespace 1111..1112 " "
Punct(FatArrow) 1112..1114 "=>"
    trail Whitespace 1114..1115 " "
StrBegin(Plain) 1115..1116 "\""
StrFragment 1116..1123 "invalid"
StrEnd { dedent: 0 } 1123..1124 "\""
Punct(Comma) 1124..1125 ","
    lead  Whitespace 1125..1138 "\n            "
Ident 1138..1147 "not_found"
    trail Whitespace 1147..1148 " "
Punct(FatArrow) 1148..1150 "=>"
    trail Whitespace 1150..1151 " "
StrBegin(Plain) 1151..1152 "\""
StrFragment 1152..1161 "not_found"
StrEnd { dedent: 0 } 1161..1162 "\""
Punct(Comma) 1162..1163 ","
    lead  Whitespace 1163..1176 "\n            "
Ident 1176..1182 "denied"
    trail Whitespace 1182..1183 " "
Punct(FatArrow) 1183..1185 "=>"
    trail Whitespace 1185..1186 " "
StrBegin(Plain) 1186..1187 "\""
StrFragment 1187..1193 "denied"
StrEnd { dedent: 0 } 1193..1194 "\""
Punct(Comma) 1194..1195 ","
    lead  Whitespace 1195..1208 "\n            "
Ident 1208..1210 "io"
    trail Whitespace 1210..1211 " "
Punct(FatArrow) 1211..1213 "=>"
    trail Whitespace 1213..1214 " "
StrBegin(Plain) 1214..1215 "\""
StrFragment 1215..1217 "io"
StrEnd { dedent: 0 } 1217..1218 "\""
Punct(Comma) 1218..1219 ","
    lead  Whitespace 1219..1228 "\n        "
Punct(RBrace) 1228..1229 "}"
Term 1229..1230 "\n"
    lead  Whitespace 1230..1234 "    "
Punct(RBrace) 1234..1235 "}"
Term 1235..1236 "\n"
    lead  Whitespace 1236..1240 "    "
Kw(Let) 1240..1243 "let"
    trail Whitespace 1243..1244 " "
Ident 1244..1249 "_code"
    trail Whitespace 1249..1250 " "
Punct(Eq) 1250..1251 "="
    trail Whitespace 1251..1252 " "
Ident 1252..1259 "os_wait"
Punct(LParen) 1259..1260 "("
Ident 1260..1261 "h"
Punct(RParen) 1261..1262 ")"
    trail Whitespace 1262..1263 " "
Kw(Else) 1263..1267 "else"
    trail Whitespace 1267..1268 " "
Punct(Pipe) 1268..1269 "|"
Underscore 1269..1270 "_"
Punct(Pipe) 1270..1271 "|"
    trail Whitespace 1271..1272 " "
Int 1272..1273 "0"
Term 1273..1274 "\n"
    lead  Whitespace 1274..1278 "    "
StrBegin(Plain) 1278..1279 "\""
StrFragment 1279..1286 "spawned"
StrEnd { dedent: 0 } 1286..1287 "\""
Term 1287..1288 "\n"
Punct(RBrace) 1288..1289 "}"
Term 1289..1290 "\n"
    lead  Whitespace 1290..1291 "\n"
Kw(Fn) 1291..1293 "fn"
    trail Whitespace 1293..1294 " "
Ident 1294..1298 "main"
Punct(LParen) 1298..1299 "("
Punct(RParen) 1299..1300 ")"
    trail Whitespace 1300..1301 " "
Punct(Arrow) 1301..1303 "->"
    trail Whitespace 1303..1304 " "
Punct(Not) 1304..1305 "!"
Ident 1305..1308 "int"
    trail Whitespace 1308..1309 " "
Punct(LBrace) 1309..1310 "{"
    lead  Whitespace 1310..1315 "\n    "
Kw(Let) 1315..1318 "let"
    trail Whitespace 1318..1319 " "
Ident 1319..1324 "ghost"
    trail Whitespace 1324..1325 " "
Punct(Eq) 1325..1326 "="
    trail Whitespace 1326..1327 " "
StrBegin(Plain) 1327..1328 "\""
StrFragment 1328..1353 "wolf-s215-no-such-program"
StrEnd { dedent: 0 } 1353..1354 "\""
Term 1354..1355 "\n"
    lead  Whitespace 1355..1359 "    "
Ident 1359..1364 "print"
Punct(LParen) 1364..1365 "("
StrBegin(Plain) 1365..1366 "\""
StrFragment 1366..1370 "odd="
InterpOpen 1370..1371 "{"
Ident 1371..1374 "row"
Punct(LParen) 1374..1375 "("
Ident 1375..1380 "ghost"
Punct(Comma) 1380..1381 ","
    trail Whitespace 1381..1382 " "
Punct(LBracket) 1382..1383 "["
Int 1383..1384 "1"
Punct(RBracket) 1384..1385 "]"
Punct(RParen) 1385..1386 ")"
InterpClose 1386..1387 "}"
StrEnd { dedent: 0 } 1387..1388 "\""
Punct(RParen) 1388..1389 ")"
Term 1389..1390 "\n"
    lead  Whitespace 1390..1394 "    "
Ident 1394..1399 "print"
Punct(LParen) 1399..1400 "("
StrBegin(Plain) 1400..1401 "\""
StrFragment 1401..1414 "out_of_range="
InterpOpen 1414..1415 "{"
Ident 1415..1418 "row"
Punct(LParen) 1418..1419 "("
Ident 1419..1424 "ghost"
Punct(Comma) 1424..1425 ","
    trail Whitespace 1425..1426 " "
Punct(LBracket) 1426..1427 "["
Int 1427..1430 "256"
Punct(Comma) 1430..1431 ","
    trail Whitespace 1431..1432 " "
Int 1432..1433 "1"
Punct(RBracket) 1433..1434 "]"
Punct(RParen) 1434..1435 ")"
InterpClose 1435..1436 "}"
StrEnd { dedent: 0 } 1436..1437 "\""
Punct(RParen) 1437..1438 ")"
Term 1438..1439 "\n"
    lead  Whitespace 1439..1443 "    "
Ident 1443..1448 "print"
Punct(LParen) 1448..1449 "("
StrBegin(Plain) 1449..1450 "\""
StrFragment 1450..1466 "negative_target="
InterpOpen 1466..1467 "{"
Ident 1467..1470 "row"
Punct(LParen) 1470..1471 "("
Ident 1471..1476 "ghost"
Punct(Comma) 1476..1477 ","
    trail Whitespace 1477..1478 " "
Punct(LBracket) 1478..1479 "["
Int 1479..1480 "0"
    trail Whitespace 1480..1481 " "
Punct(Minus) 1481..1482 "-"
    trail Whitespace 1482..1483 " "
Int 1483..1484 "1"
Punct(Comma) 1484..1485 ","
    trail Whitespace 1485..1486 " "
Int 1486..1487 "1"
Punct(RBracket) 1487..1488 "]"
Punct(RParen) 1488..1489 ")"
InterpClose 1489..1490 "}"
StrEnd { dedent: 0 } 1490..1491 "\""
Punct(RParen) 1491..1492 ")"
Term 1492..1493 "\n"
    lead  Whitespace 1493..1497 "    "
Ident 1497..1502 "print"
Punct(LParen) 1502..1503 "("
StrBegin(Plain) 1503..1504 "\""
StrFragment 1504..1513 "repeated="
InterpOpen 1513..1514 "{"
Ident 1514..1517 "row"
Punct(LParen) 1517..1518 "("
Ident 1518..1523 "ghost"
Punct(Comma) 1523..1524 ","
    trail Whitespace 1524..1525 " "
Punct(LBracket) 1525..1526 "["
Int 1526..1527 "1"
Punct(Comma) 1527..1528 ","
    trail Whitespace 1528..1529 " "
Int 1529..1530 "1"
Punct(Comma) 1530..1531 ","
    trail Whitespace 1531..1532 " "
Int 1532..1533 "1"
Punct(Comma) 1533..1534 ","
    trail Whitespace 1534..1535 " "
Int 1535..1536 "2"
Punct(RBracket) 1536..1537 "]"
Punct(RParen) 1537..1538 ")"
InterpClose 1538..1539 "}"
StrEnd { dedent: 0 } 1539..1540 "\""
Punct(RParen) 1540..1541 ")"
Term 1541..1542 "\n"
    lead  Whitespace 1542..1546 "    "
Ident 1546..1551 "print"
Punct(LParen) 1551..1552 "("
StrBegin(Plain) 1552..1553 "\""
StrFragment 1553..1564 "bad_source="
InterpOpen 1564..1565 "{"
Ident 1565..1568 "row"
Punct(LParen) 1568..1569 "("
Ident 1569..1574 "ghost"
Punct(Comma) 1574..1575 ","
    trail Whitespace 1575..1576 " "
Punct(LBracket) 1576..1577 "["
Int 1577..1578 "1"
Punct(Comma) 1578..1579 ","
    trail Whitespace 1579..1580 " "
Int 1580..1581 "0"
    trail Whitespace 1581..1582 " "
Punct(Minus) 1582..1583 "-"
    trail Whitespace 1583..1584 " "
Int 1584..1585 "2"
Punct(RBracket) 1585..1586 "]"
Punct(RParen) 1586..1587 ")"
InterpClose 1587..1588 "}"
StrEnd { dedent: 0 } 1588..1589 "\""
Punct(RParen) 1589..1590 ")"
Term 1590..1591 "\n"
    lead  Whitespace 1591..1595 "    "
Kw(Let) 1595..1598 "let"
    trail Whitespace 1598..1599 " "
Ident 1599..1603 "none"
    trail Whitespace 1603..1604 " "
Punct(Eq) 1604..1605 "="
    trail Whitespace 1605..1606 " "
Ident 1606..1610 "List"
Punct(LBracket) 1610..1611 "["
Ident 1611..1614 "int"
Punct(RBracket) 1614..1615 "]"
Punct(LParen) 1615..1616 "("
Punct(RParen) 1616..1617 ")"
Term 1617..1618 "\n"
    lead  Whitespace 1618..1622 "    "
Kw(Let) 1622..1625 "let"
    trail Whitespace 1625..1626 " "
Ident 1626..1635 "empty_exe"
    trail Whitespace 1635..1636 " "
Punct(Eq) 1636..1637 "="
    trail Whitespace 1637..1638 " "
Ident 1638..1641 "row"
Punct(LParen) 1641..1642 "("
StrBegin(Plain) 1642..1643 "\""
StrEnd { dedent: 0 } 1643..1644 "\""
Punct(Comma) 1644..1645 ","
    trail Whitespace 1645..1646 " "
Kw(Copy) 1646..1650 "copy"
    trail Whitespace 1650..1651 " "
Ident 1651..1655 "none"
Punct(RParen) 1655..1656 ")"
Term 1656..1657 "\n"
    lead  Whitespace 1657..1661 "    "
Ident 1661..1666 "print"
Punct(LParen) 1666..1667 "("
StrBegin(Plain) 1667..1668 "\""
StrFragment 1668..1678 "empty_exe="
InterpOpen 1678..1679 "{"
Ident 1679..1688 "empty_exe"
InterpClose 1688..1689 "}"
StrEnd { dedent: 0 } 1689..1690 "\""
Punct(RParen) 1690..1691 ")"
Term 1691..1692 "\n"
    lead  Whitespace 1692..1696 "    "
Kw(Let) 1696..1699 "let"
    trail Whitespace 1699..1700 " "
Ident 1700..1710 "no_program"
    trail Whitespace 1710..1711 " "
Punct(Eq) 1711..1712 "="
    trail Whitespace 1712..1713 " "
Ident 1713..1716 "row"
Punct(LParen) 1716..1717 "("
Ident 1717..1722 "ghost"
Punct(Comma) 1722..1723 ","
    trail Whitespace 1723..1724 " "
Ident 1724..1728 "none"
Punct(RParen) 1728..1729 ")"
Term 1729..1730 "\n"
    lead  Whitespace 1730..1734 "    "
Ident 1734..1739 "print"
Punct(LParen) 1739..1740 "("
StrBegin(Plain) 1740..1741 "\""
StrFragment 1741..1752 "no_program="
InterpOpen 1752..1753 "{"
Ident 1753..1763 "no_program"
InterpClose 1763..1764 "}"
StrEnd { dedent: 0 } 1764..1765 "\""
Punct(RParen) 1765..1766 ")"
Term 1766..1767 "\n"
    lead  Whitespace 1767..1771 "    "
Int 1771..1772 "0"
Term 1772..1773 "\n"
Punct(RBrace) 1773..1774 "}"
Term 1774..1775 "\n"
Eof 1775..1775 ""
