---
source: crates/wolf_lex/tests/corpus_snapshots.rs
expression: lexed.dump(&bytes)
---
    lead  InnerDocComment 0..22 "//! check: fail(E1102)"
    lead  Whitespace 22..23 "\n"
    lead  InnerDocComment 23..41 "//! phase: resolve"
    lead  Whitespace 41..42 "\n"
    lead  InnerDocComment 42..70 "//! conforms: conc.chan.type"
    lead  Whitespace 70..71 "\n"
    lead  InnerDocComment 71..142 "//! Channel payloads must be Copy, i…"
    lead  Whitespace 142..143 "\n"
    lead  InnerDocComment 143..212 "//! A bare region-interior value (Li…"
    lead  Whitespace 212..213 "\n"
    lead  InnerDocComment 213..232 "//! region instead."
    lead  Whitespace 232..234 "\n\n"
Kw(Fn) 234..236 "fn"
    trail Whitespace 236..237 " "
Ident 237..241 "main"
Punct(LParen) 241..242 "("
Punct(RParen) 242..243 ")"
    trail Whitespace 243..244 " "
Punct(Arrow) 244..246 "->"
    trail Whitespace 246..247 " "
Punct(Not) 247..248 "!"
Ident 248..251 "int"
    trail Whitespace 251..252 " "
Punct(LBrace) 252..253 "{"
    lead  Whitespace 253..258 "\n    "
Kw(Let) 258..261 "let"
    trail Whitespace 261..262 " "
Ident 262..264 "ch"
    trail Whitespace 264..265 " "
Punct(Eq) 265..266 "="
    trail Whitespace 266..267 " "
Ident 267..274 "channel"
Punct(LBracket) 274..275 "["
Ident 275..279 "List"
Punct(LBracket) 279..280 "["
Ident 280..283 "int"
Punct(RBracket) 283..284 "]"
Punct(RBracket) 284..285 "]"
Punct(LParen) 285..286 "("
Int 286..287 "1"
Punct(RParen) 287..288 ")"
    trail Whitespace 288..291 "   "
    trail LineComment 291..327 "// ERROR E1102: List is not sendable"
Term 327..328 "\n"
    lead  Whitespace 328..332 "    "
Int 332..333 "0"
Term 333..334 "\n"
Punct(RBrace) 334..335 "}"
Term 335..336 "\n"
Eof 336..336 ""
