---
source: crates/wolf_lex/tests/corpus_snapshots.rs
expression: lexed.dump(&bytes)
---
    lead  InnerDocComment 0..22 "//! check: fail(E1001)"
    lead  Whitespace 22..23 "\n"
    lead  InnerDocComment 23..43 "//! phase: typecheck"
    lead  Whitespace 43..44 "\n"
    lead  InnerDocComment 44..113 "//! conforms: gram.expr.primary, mem…"
    lead  Whitespace 113..114 "\n"
    lead  InnerDocComment 114..117 "//!"
    lead  Whitespace 117..118 "\n"
    lead  InnerDocComment 118..193 "//! s190 (wolf-lang#486) — the short…"
    lead  Whitespace 193..194 "\n"
    lead  InnerDocComment 194..263 "//! moves the `mut` parameter `xs` o…"
    lead  Whitespace 263..264 "\n"
    lead  InnerDocComment 264..335 "//! initialized at every return (s18…"
    lead  Whitespace 335..336 "\n"
    lead  InnerDocComment 336..408 "//! as for `W { xs: xs }`. wolf 0.2.…"
    lead  Whitespace 408..409 "\n"
    lead  InnerDocComment 409..479 "//! and handed the caller two names …"
    lead  Whitespace 479..480 "\n"
    lead  InnerDocComment 480..514 "//! release (lupin 0.1.42: `1 2`)."
    lead  Whitespace 514..516 "\n\n"
Kw(Struct) 516..522 "struct"
    trail Whitespace 522..523 " "
Ident 523..524 "W"
    trail Whitespace 524..525 " "
Punct(LBrace) 525..526 "{"
    trail Whitespace 526..527 " "
Ident 527..529 "xs"
Punct(Colon) 529..530 ":"
    trail Whitespace 530..531 " "
Ident 531..535 "List"
Punct(LBracket) 535..536 "["
Ident 536..539 "int"
Punct(RBracket) 539..540 "]"
    trail Whitespace 540..541 " "
Punct(RBrace) 541..542 "}"
Term 542..543 "\n"
    lead  Whitespace 543..544 "\n"
Kw(Fn) 544..546 "fn"
    trail Whitespace 546..547 " "
Ident 547..551 "wrap"
Punct(LParen) 551..552 "("
Kw(Mut) 552..555 "mut"
    trail Whitespace 555..556 " "
Ident 556..558 "xs"
Punct(Colon) 558..559 ":"
    trail Whitespace 559..560 " "
Ident 560..564 "List"
Punct(LBracket) 564..565 "["
Ident 565..568 "int"
Punct(RBracket) 568..569 "]"
Punct(RParen) 569..570 ")"
    trail Whitespace 570..571 " "
Punct(Arrow) 571..573 "->"
    trail Whitespace 573..574 " "
Ident 574..575 "W"
    trail Whitespace 575..576 " "
Punct(LBrace) 576..577 "{"
    lead  Whitespace 577..582 "\n    "
Kw(Return) 582..588 "return"
    trail Whitespace 588..589 " "
Ident 589..590 "W"
    trail Whitespace 590..591 " "
Punct(LBrace) 591..592 "{"
    trail Whitespace 592..593 " "
Ident 593..595 "xs"
    trail Whitespace 595..596 " "
Punct(RBrace) 596..597 "}"
    trail Whitespace 597..600 "   "
    trail LineComment 600..659 "// ERROR E1001: the mut parameter xs…"
Term 659..660 "\n"
Punct(RBrace) 660..661 "}"
Term 661..662 "\n"
    lead  Whitespace 662..663 "\n"
Kw(Fn) 663..665 "fn"
    trail Whitespace 665..666 " "
Ident 666..670 "main"
Punct(LParen) 670..671 "("
Punct(RParen) 671..672 ")"
    trail Whitespace 672..673 " "
Punct(Arrow) 673..675 "->"
    trail Whitespace 675..676 " "
Punct(Not) 676..677 "!"
Ident 677..680 "int"
    trail Whitespace 680..681 " "
Punct(LBrace) 681..682 "{"
    lead  Whitespace 682..687 "\n    "
Kw(Var) 687..690 "var"
    trail Whitespace 690..691 " "
Ident 691..693 "xs"
    trail Whitespace 693..694 " "
Punct(Eq) 694..695 "="
    trail Whitespace 695..696 " "
Punct(LBracket) 696..697 "["
Int 697..698 "1"
Punct(RBracket) 698..699 "]"
Term 699..700 "\n"
    lead  Whitespace 700..704 "    "
Kw(Var) 704..707 "var"
    trail Whitespace 707..708 " "
Ident 708..709 "w"
    trail Whitespace 709..710 " "
Punct(Eq) 710..711 "="
    trail Whitespace 711..712 " "
Ident 712..716 "wrap"
Punct(LParen) 716..717 "("
Kw(Mut) 717..720 "mut"
    trail Whitespace 720..721 " "
Ident 721..723 "xs"
Punct(RParen) 723..724 ")"
Term 724..725 "\n"
    lead  Whitespace 725..729 "    "
Punct(LParen) 729..730 "("
Kw(Mut) 730..733 "mut"
    trail Whitespace 733..734 " "
Ident 734..735 "w"
Punct(Dot) 735..736 "."
Ident 736..738 "xs"
Punct(RParen) 738..739 ")"
Punct(Dot) 739..740 "."
Ident 740..744 "push"
Punct(LParen) 744..745 "("
Int 745..746 "9"
Punct(RParen) 746..747 ")"
Term 747..748 "\n"
    lead  Whitespace 748..752 "    "
Ident 752..757 "print"
Punct(LParen) 757..758 "("
StrBegin(Plain) 758..759 "\""
InterpOpen 759..760 "{"
Ident 760..762 "xs"
Punct(Dot) 762..763 "."
Ident 763..766 "len"
InterpClose 766..767 "}"
StrFragment 767..768 " "
InterpOpen 768..769 "{"
Ident 769..770 "w"
Punct(Dot) 770..771 "."
Ident 771..773 "xs"
Punct(Dot) 773..774 "."
Ident 774..777 "len"
InterpClose 777..778 "}"
StrEnd { dedent: 0 } 778..779 "\""
Punct(RParen) 779..780 ")"
Term 780..781 "\n"
    lead  Whitespace 781..785 "    "
Int 785..786 "0"
Term 786..787 "\n"
Punct(RBrace) 787..788 "}"
Term 788..789 "\n"
Eof 789..789 ""
