---
source: crates/wolf_lex/tests/corpus_snapshots.rs
expression: lexed.dump(&bytes)
---
    lead  InnerDocComment 0..52 "//! check: run(exit=0, stdout=\"norma…"
    lead  Whitespace 52..53 "\n"
    lead  InnerDocComment 53..67 "//! phase: run"
    lead  Whitespace 67..68 "\n"
    lead  InnerDocComment 68..123 "//! conforms: conc.proc.exit, mem.re…"
    lead  Whitespace 123..124 "\n"
    lead  InnerDocComment 124..127 "//!"
    lead  Whitespace 127..128 "\n"
    lead  InnerDocComment 128..198 "//! #219 (lobo ws13, s134): a proc s…"
    lead  Whitespace 198..199 "\n"
    lead  InnerDocComment 199..263 "//! #136\'s proc twin. `work.run` liv…"
    lead  Whitespace 263..264 "\n"
    lead  InnerDocComment 264..333 "//! spawns `body` as a proc; the ent…"
    lead  Whitespace 333..334 "\n"
    lead  InnerDocComment 334..402 "//! release tier refused `func.addr …"
    lead  Whitespace 402..403 "\n"
    lead  InnerDocComment 403..473 "//! this object\'s subset` whenever t…"
    lead  Whitespace 473..474 "\n"
    lead  InnerDocComment 474..544 "//! from its entry shim (the shim is…"
    lead  Whitespace 544..545 "\n"
    lead  InnerDocComment 545..612 "//! rides the root module\'s unit und…"
    lead  Whitespace 612..613 "\n"
    lead  InnerDocComment 613..684 "//! `WOLF_MIDEND=0`, the mode lobo b…"
    lead  Whitespace 684..685 "\n"
    lead  InnerDocComment 685..749 "//! the native tier ran the same pro…"
    lead  Whitespace 749..750 "\n"
    lead  InnerDocComment 750..815 "//! (#116). The LLVM emitter now tak…"
    lead  Whitespace 815..816 "\n"
    lead  InnerDocComment 816..886 "//! address through the same mangled…"
    lead  Whitespace 886..887 "\n"
    lead  InnerDocComment 887..953 "//! CALL uses; a driver test pins th…"
    lead  Whitespace 953..954 "\n"
    lead  InnerDocComment 954..1022 "//! this file pins the shape on ever…"
    lead  Whitespace 1022..1023 "\n"
    lead  InnerDocComment 1023..1091 "//! contract consumed exactly as lob…"
    lead  Whitespace 1091..1092 "\n"
    lead  InnerDocComment 1092..1155 "//! roomy cap joins `normal`, a 64-u…"
    lead  Whitespace 1155..1156 "\n"
    lead  InnerDocComment 1156..1229 "//! contract)` — read through `is_al…"
    lead  Whitespace 1229..1230 "\n"
    lead  InnerDocComment 1230..1267 "//! to a small integer for the entry…"
    lead  Whitespace 1267..1269 "\n\n"
Kw(Use) 1269..1272 "use"
    trail Whitespace 1272..1273 " "
Ident 1273..1277 "work"
Term 1277..1278 "\n"
    lead  Whitespace 1278..1279 "\n"
Kw(Fn) 1279..1281 "fn"
    trail Whitespace 1281..1282 " "
Ident 1282..1286 "main"
Punct(LParen) 1286..1287 "("
Punct(RParen) 1287..1288 ")"
    trail Whitespace 1288..1289 " "
Punct(Arrow) 1289..1291 "->"
    trail Whitespace 1291..1292 " "
Punct(Not) 1292..1293 "!"
Ident 1293..1296 "int"
    trail Whitespace 1296..1297 " "
Punct(LBrace) 1297..1298 "{"
    lead  Whitespace 1298..1303 "\n    "
Kw(Let) 1303..1306 "let"
    trail Whitespace 1306..1307 " "
Ident 1307..1308 "a"
    trail Whitespace 1308..1309 " "
Punct(Eq) 1309..1310 "="
    trail Whitespace 1310..1311 " "
Ident 1311..1315 "work"
Punct(Dot) 1315..1316 "."
Ident 1316..1319 "run"
Punct(LParen) 1319..1320 "("
Int 1320..1323 "100"
Punct(Comma) 1323..1324 ","
    trail Whitespace 1324..1325 " "
Int 1325..1332 "1000000"
Punct(RParen) 1332..1333 ")"
Term 1333..1334 "\n"
    lead  Whitespace 1334..1338 "    "
Kw(Let) 1338..1341 "let"
    trail Whitespace 1341..1342 " "
Ident 1342..1343 "b"
    trail Whitespace 1343..1344 " "
Punct(Eq) 1344..1345 "="
    trail Whitespace 1345..1346 " "
Ident 1346..1350 "work"
Punct(Dot) 1350..1351 "."
Ident 1351..1354 "run"
Punct(LParen) 1354..1355 "("
Int 1355..1358 "100"
Punct(Comma) 1358..1359 ","
    trail Whitespace 1359..1360 " "
Int 1360..1362 "64"
Punct(RParen) 1362..1363 ")"
Term 1363..1364 "\n"
    lead  Whitespace 1364..1368 "    "
Ident 1368..1373 "print"
Punct(LParen) 1373..1374 "("
StrBegin(Plain) 1374..1375 "\""
StrFragment 1375..1382 "normal="
InterpOpen 1382..1383 "{"
Ident 1383..1384 "a"
InterpClose 1384..1385 "}"
StrFragment 1385..1393 " breach="
InterpOpen 1393..1394 "{"
Ident 1394..1395 "b"
InterpClose 1395..1396 "}"
StrEnd { dedent: 0 } 1396..1397 "\""
Punct(RParen) 1397..1398 ")"
Term 1398..1399 "\n"
    lead  Whitespace 1399..1403 "    "
Kw(If) 1403..1405 "if"
    trail Whitespace 1405..1406 " "
Ident 1406..1407 "a"
    trail Whitespace 1407..1408 " "
Punct(EqEq) 1408..1410 "=="
    trail Whitespace 1410..1411 " "
Int 1411..1412 "0"
    trail Whitespace 1412..1413 " "
Punct(AmpAmp) 1413..1415 "&&"
    trail Whitespace 1415..1416 " "
Ident 1416..1417 "b"
    trail Whitespace 1417..1418 " "
Punct(EqEq) 1418..1420 "=="
    trail Whitespace 1420..1421 " "
Int 1421..1422 "2"
    trail Whitespace 1422..1423 " "
Punct(LBrace) 1423..1424 "{"
    trail Whitespace 1424..1425 " "
Int 1425..1426 "0"
    trail Whitespace 1426..1427 " "
Punct(RBrace) 1427..1428 "}"
    trail Whitespace 1428..1429 " "
Kw(Else) 1429..1433 "else"
    trail Whitespace 1433..1434 " "
Punct(LBrace) 1434..1435 "{"
    trail Whitespace 1435..1436 " "
Int 1436..1437 "1"
    trail Whitespace 1437..1438 " "
Punct(RBrace) 1438..1439 "}"
Term 1439..1440 "\n"
Punct(RBrace) 1440..1441 "}"
Term 1441..1442 "\n"
Eof 1442..1442 ""
