---
source: crates/wolf_lex/tests/corpus_snapshots.rs
expression: lexed.dump(&bytes)
---
    lead  InnerDocComment 0..39 "//! check: run(exit=0, stdout=\"0\\n3\\…"
    lead  Whitespace 39..40 "\n"
    lead  InnerDocComment 40..54 "//! phase: run"
    lead  Whitespace 54..55 "\n"
    lead  InnerDocComment 55..98 "//! conforms: gram.expr.list, type.l…"
    lead  Whitespace 98..99 "\n"
    lead  InnerDocComment 99..102 "//!"
    lead  Whitespace 102..103 "\n"
    lead  InnerDocComment 103..174 "//! s158 (#154) — the expectation fl…"
    lead  Whitespace 174..175 "\n"
    lead  InnerDocComment 175..244 "//! needs no annotation there ([type…"
    lead  Whitespace 244..245 "\n"
    lead  InnerDocComment 245..308 "//! says what it holds. The same rul…"
    lead  Whitespace 308..310 "\n\n"
Kw(Fn) 310..312 "fn"
    trail Whitespace 312..313 " "
Ident 313..318 "count"
Punct(LParen) 318..319 "("
Ident 319..321 "xs"
Punct(Colon) 321..322 ":"
    trail Whitespace 322..323 " "
Ident 323..327 "List"
Punct(LBracket) 327..328 "["
Ident 328..331 "str"
Punct(RBracket) 331..332 "]"
Punct(RParen) 332..333 ")"
    trail Whitespace 333..334 " "
Punct(Arrow) 334..336 "->"
    trail Whitespace 336..337 " "
Ident 337..340 "int"
    trail Whitespace 340..341 " "
Punct(LBrace) 341..342 "{"
    lead  Whitespace 342..347 "\n    "
Ident 347..349 "xs"
Punct(Dot) 349..350 "."
Ident 350..353 "len"
Term 353..354 "\n"
Punct(RBrace) 354..355 "}"
Term 355..356 "\n"
    lead  Whitespace 356..357 "\n"
Kw(Fn) 357..359 "fn"
    trail Whitespace 359..360 " "
Ident 360..365 "three"
Punct(LParen) 365..366 "("
Punct(RParen) 366..367 ")"
    trail Whitespace 367..368 " "
Punct(Arrow) 368..370 "->"
    trail Whitespace 370..371 " "
Ident 371..375 "List"
Punct(LBracket) 375..376 "["
Ident 376..379 "int"
Punct(RBracket) 379..380 "]"
    trail Whitespace 380..381 " "
Punct(LBrace) 381..382 "{"
    lead  Whitespace 382..387 "\n    "
Punct(LBracket) 387..388 "["
Int 388..389 "1"
Punct(Comma) 389..390 ","
    trail Whitespace 390..391 " "
Int 391..392 "2"
Punct(Comma) 392..393 ","
    trail Whitespace 393..394 " "
Int 394..395 "3"
Punct(RBracket) 395..396 "]"
Term 396..397 "\n"
Punct(RBrace) 397..398 "}"
Term 398..399 "\n"
    lead  Whitespace 399..400 "\n"
Kw(Fn) 400..402 "fn"
    trail Whitespace 402..403 " "
Ident 403..407 "main"
Punct(LParen) 407..408 "("
Punct(RParen) 408..409 ")"
    trail Whitespace 409..410 " "
Punct(Arrow) 410..412 "->"
    trail Whitespace 412..413 " "
Punct(Not) 413..414 "!"
Ident 414..417 "int"
    trail Whitespace 417..418 " "
Punct(LBrace) 418..419 "{"
    lead  Whitespace 419..424 "\n    "
Ident 424..429 "print"
Punct(LParen) 429..430 "("
StrBegin(Plain) 430..431 "\""
InterpOpen 431..432 "{"
Ident 432..437 "count"
Punct(LParen) 437..438 "("
Punct(LBracket) 438..439 "["
Punct(RBracket) 439..440 "]"
Punct(RParen) 440..441 ")"
InterpClose 441..442 "}"
StrEnd { dedent: 0 } 442..443 "\""
Punct(RParen) 443..444 ")"
Term 444..445 "\n"
    lead  Whitespace 445..449 "    "
Ident 449..454 "print"
Punct(LParen) 454..455 "("
StrBegin(Plain) 455..456 "\""
InterpOpen 456..457 "{"
Ident 457..462 "three"
Punct(LParen) 462..463 "("
Punct(RParen) 463..464 ")"
Punct(Dot) 464..465 "."
Ident 465..468 "len"
InterpClose 468..469 "}"
StrEnd { dedent: 0 } 469..470 "\""
Punct(RParen) 470..471 ")"
Term 471..472 "\n"
    lead  Whitespace 472..476 "    "
Int 476..477 "0"
Term 477..478 "\n"
Punct(RBrace) 478..479 "}"
Term 479..480 "\n"
Eof 480..480 ""
