---
source: crates/wolf_lex/tests/corpus_snapshots.rs
expression: lexed.dump(&bytes)
---
    lead  InnerDocComment 0..36 "//! check: run(exit=0, stdout=\"2 2\")"
    lead  Whitespace 36..37 "\n"
    lead  InnerDocComment 37..51 "//! phase: run"
    lead  Whitespace 51..52 "\n"
    lead  InnerDocComment 52..115 "//! conforms: conc.proc.arg, mem.reg…"
    lead  Whitespace 115..116 "\n"
    lead  InnerDocComment 116..119 "//!"
    lead  Whitespace 119..120 "\n"
    lead  InnerDocComment 120..191 "//! s170 (wolf-lang#312) — wolf-book…"
    lead  Whitespace 191..192 "\n"
    lead  InnerDocComment 192..250 "//! the chapter prints it. Two procs…"
    lead  Whitespace 250..251 "\n"
    lead  InnerDocComment 251..254 "//!"
    lead  Whitespace 254..255 "\n"
    lead  InnerDocComment 255..323 "//! At 0.2.15 the second `spawn proc…"
    lead  Whitespace 323..324 "\n"
    lead  InnerDocComment 324..387 "//! after its value moved away`: the…"
    lead  Whitespace 387..388 "\n"
    lead  InnerDocComment 388..457 "//! argument as a bare value, which …"
    lead  Whitespace 457..458 "\n"
    lead  InnerDocComment 458..528 "//! callee\'s parameter mode is — whi…"
    lead  Whitespace 528..529 "\n"
    lead  InnerDocComment 529..589 "//! PLAIN calls compiled and printed…"
    lead  Whitespace 589..590 "\n"
    lead  InnerDocComment 590..659 "//! parameter\'s place is read, not m…"
    lead  Whitespace 659..660 "\n"
    lead  InnerDocComment 660..723 "//! `[conc.chan.imm]` both say froze…"
    lead  Whitespace 723..724 "\n"
    lead  InnerDocComment 724..757 "//! surface now agrees with them."
    lead  Whitespace 757..759 "\n\n"
Kw(Fn) 759..761 "fn"
    trail Whitespace 761..762 " "
Ident 762..767 "count"
Punct(LParen) 767..768 "("
Ident 768..773 "store"
Punct(Colon) 773..774 ":"
    trail Whitespace 774..775 " "
Ident 775..779 "List"
Punct(LBracket) 779..780 "["
Ident 780..783 "int"
Punct(RBracket) 783..784 "]"
Punct(Comma) 784..785 ","
    trail Whitespace 785..786 " "
Ident 786..789 "out"
Punct(Colon) 789..790 ":"
    trail Whitespace 790..791 " "
Ident 791..798 "channel"
Punct(LBracket) 798..799 "["
Ident 799..802 "int"
Punct(RBracket) 802..803 "]"
Punct(RParen) 803..804 ")"
    trail Whitespace 804..805 " "
Punct(Arrow) 805..807 "->"
    trail Whitespace 807..808 " "
Punct(Not) 808..809 "!"
Ident 809..812 "int"
    trail Whitespace 812..813 " "
Punct(LBrace) 813..814 "{"
    lead  Whitespace 814..819 "\n    "
Ident 819..822 "out"
Punct(Dot) 822..823 "."
Ident 823..827 "send"
Punct(LParen) 827..828 "("
Ident 828..833 "store"
Punct(Dot) 833..834 "."
Ident 834..837 "len"
Punct(RParen) 837..838 ")"
Punct(Question) 838..839 "?"
Term 839..840 "\n"
    lead  Whitespace 840..844 "    "
Int 844..845 "0"
Term 845..846 "\n"
Punct(RBrace) 846..847 "}"
Term 847..848 "\n"
    lead  Whitespace 848..849 "\n"
Kw(Fn) 849..851 "fn"
    trail Whitespace 851..852 " "
Ident 852..856 "main"
Punct(LParen) 856..857 "("
Punct(RParen) 857..858 ")"
    trail Whitespace 858..859 " "
Punct(Arrow) 859..861 "->"
    trail Whitespace 861..862 " "
Punct(Not) 862..863 "!"
Ident 863..866 "int"
    trail Whitespace 866..867 " "
Punct(LBrace) 867..868 "{"
    lead  Whitespace 868..873 "\n    "
Kw(Let) 873..876 "let"
    trail Whitespace 876..877 " "
Ident 877..880 "out"
    trail Whitespace 880..881 " "
Punct(Eq) 881..882 "="
    trail Whitespace 882..883 " "
Ident 883..890 "channel"
Punct(LBracket) 890..891 "["
Ident 891..894 "int"
Punct(RBracket) 894..895 "]"
Punct(LParen) 895..896 "("
Int 896..897 "2"
Punct(RParen) 897..898 ")"
Term 898..899 "\n"
    lead  Whitespace 899..903 "    "
Kw(Let) 903..906 "let"
    trail Whitespace 906..907 " "
Ident 907..912 "store"
    trail Whitespace 912..913 " "
Punct(Eq) 913..914 "="
    trail Whitespace 914..915 " "
Kw(Freeze) 915..921 "freeze"
    trail Whitespace 921..922 " "
Kw(Region) 922..928 "region"
    trail Whitespace 928..929 " "
Punct(LBrace) 929..930 "{"
    lead  Whitespace 930..939 "\n        "
Kw(Var) 939..942 "var"
    trail Whitespace 942..943 " "
Ident 943..945 "xs"
    trail Whitespace 945..946 " "
Punct(Eq) 946..947 "="
    trail Whitespace 947..948 " "
Ident 948..952 "List"
Punct(LBracket) 952..953 "["
Ident 953..956 "int"
Punct(RBracket) 956..957 "]"
Punct(LParen) 957..958 "("
Punct(RParen) 958..959 ")"
Term 959..960 "\n"
    lead  Whitespace 960..968 "        "
Punct(LParen) 968..969 "("
Kw(Mut) 969..972 "mut"
    trail Whitespace 972..973 " "
Ident 973..975 "xs"
Punct(RParen) 975..976 ")"
Punct(Dot) 976..977 "."
Ident 977..981 "push"
Punct(LParen) 981..982 "("
Int 982..983 "1"
Punct(RParen) 983..984 ")"
Term 984..985 "\n"
    lead  Whitespace 985..993 "        "
Punct(LParen) 993..994 "("
Kw(Mut) 994..997 "mut"
    trail Whitespace 997..998 " "
Ident 998..1000 "xs"
Punct(RParen) 1000..1001 ")"
Punct(Dot) 1001..1002 "."
Ident 1002..1006 "push"
Punct(LParen) 1006..1007 "("
Int 1007..1008 "2"
Punct(RParen) 1008..1009 ")"
Term 1009..1010 "\n"
    lead  Whitespace 1010..1018 "        "
Ident 1018..1020 "xs"
Term 1020..1021 "\n"
    lead  Whitespace 1021..1025 "    "
Punct(RBrace) 1025..1026 "}"
Term 1026..1027 "\n"
    lead  Whitespace 1027..1031 "    "
Kw(Let) 1031..1034 "let"
    trail Whitespace 1034..1035 " "
Ident 1035..1036 "a"
    trail Whitespace 1036..1037 " "
Punct(Eq) 1037..1038 "="
    trail Whitespace 1038..1039 " "
Kw(Spawn) 1039..1044 "spawn"
    trail Whitespace 1044..1045 " "
Kw(Proc) 1045..1049 "proc"
    trail Whitespace 1049..1050 " "
Ident 1050..1055 "count"
Punct(LParen) 1055..1056 "("
Ident 1056..1061 "store"
Punct(Comma) 1061..1062 ","
    trail Whitespace 1062..1063 " "
Ident 1063..1066 "out"
Punct(RParen) 1066..1067 ")"
Term 1067..1068 "\n"
    lead  Whitespace 1068..1072 "    "
Kw(Let) 1072..1075 "let"
    trail Whitespace 1075..1076 " "
Ident 1076..1077 "b"
    trail Whitespace 1077..1078 " "
Punct(Eq) 1078..1079 "="
    trail Whitespace 1079..1080 " "
Kw(Spawn) 1080..1085 "spawn"
    trail Whitespace 1085..1086 " "
Kw(Proc) 1086..1090 "proc"
    trail Whitespace 1090..1091 " "
Ident 1091..1096 "count"
Punct(LParen) 1096..1097 "("
Ident 1097..1102 "store"
Punct(Comma) 1102..1103 ","
    trail Whitespace 1103..1104 " "
Ident 1104..1107 "out"
Punct(RParen) 1107..1108 ")"
Term 1108..1109 "\n"
    lead  Whitespace 1109..1113 "    "
Kw(Let) 1113..1116 "let"
    trail Whitespace 1116..1117 " "
Ident 1117..1118 "x"
    trail Whitespace 1118..1119 " "
Punct(Eq) 1119..1120 "="
    trail Whitespace 1120..1121 " "
Ident 1121..1124 "out"
Punct(Dot) 1124..1125 "."
Ident 1125..1129 "recv"
Punct(LParen) 1129..1130 "("
Punct(RParen) 1130..1131 ")"
    trail Whitespace 1131..1132 " "
Kw(Else) 1132..1136 "else"
    trail Whitespace 1136..1137 " "
Punct(Pipe) 1137..1138 "|"
Underscore 1138..1139 "_"
Punct(Pipe) 1139..1140 "|"
    trail Whitespace 1140..1141 " "
Punct(LBrace) 1141..1142 "{"
    trail Whitespace 1142..1143 " "
Kw(Return) 1143..1149 "return"
    trail Whitespace 1149..1150 " "
Int 1150..1151 "1"
    trail Whitespace 1151..1152 " "
Punct(RBrace) 1152..1153 "}"
Term 1153..1154 "\n"
    lead  Whitespace 1154..1158 "    "
Kw(Let) 1158..1161 "let"
    trail Whitespace 1161..1162 " "
Ident 1162..1163 "y"
    trail Whitespace 1163..1164 " "
Punct(Eq) 1164..1165 "="
    trail Whitespace 1165..1166 " "
Ident 1166..1169 "out"
Punct(Dot) 1169..1170 "."
Ident 1170..1174 "recv"
Punct(LParen) 1174..1175 "("
Punct(RParen) 1175..1176 ")"
    trail Whitespace 1176..1177 " "
Kw(Else) 1177..1181 "else"
    trail Whitespace 1181..1182 " "
Punct(Pipe) 1182..1183 "|"
Underscore 1183..1184 "_"
Punct(Pipe) 1184..1185 "|"
    trail Whitespace 1185..1186 " "
Punct(LBrace) 1186..1187 "{"
    trail Whitespace 1187..1188 " "
Kw(Return) 1188..1194 "return"
    trail Whitespace 1194..1195 " "
Int 1195..1196 "1"
    trail Whitespace 1196..1197 " "
Punct(RBrace) 1197..1198 "}"
Term 1198..1199 "\n"
    lead  Whitespace 1199..1203 "    "
Ident 1203..1208 "print"
Punct(LParen) 1208..1209 "("
StrBegin(Plain) 1209..1210 "\""
InterpOpen 1210..1211 "{"
Ident 1211..1212 "x"
InterpClose 1212..1213 "}"
StrFragment 1213..1214 " "
InterpOpen 1214..1215 "{"
Ident 1215..1216 "y"
InterpClose 1216..1217 "}"
StrEnd { dedent: 0 } 1217..1218 "\""
Punct(RParen) 1218..1219 ")"
Term 1219..1220 "\n"
    lead  Whitespace 1220..1224 "    "
Int 1224..1225 "0"
Term 1225..1226 "\n"
Punct(RBrace) 1226..1227 "}"
Term 1227..1228 "\n"
Eof 1228..1228 ""
