---
source: crates/wolf_lex/tests/corpus_snapshots.rs
expression: lexed.dump(&bytes)
---
    lead  InnerDocComment 0..22 "//! check: fail(E0401)"
    lead  Whitespace 22..23 "\n"
    lead  InnerDocComment 23..41 "//! phase: resolve"
    lead  Whitespace 41..42 "\n"
    lead  InnerDocComment 42..85 "//! conforms: gram.expr.list, type.l…"
    lead  Whitespace 85..86 "\n"
    lead  InnerDocComment 86..89 "//!"
    lead  Whitespace 89..90 "\n"
    lead  InnerDocComment 90..156 "//! s158 (#154) — the first element …"
    lead  Whitespace 156..157 "\n"
    lead  InnerDocComment 157..204 "//! element that does not fit is the…"
    lead  Whitespace 204..205 "\n"
    lead  InnerDocComment 205..276 "//! ([type.list.lit.elem]), with the…"
    lead  Whitespace 276..277 "\n"
    lead  InnerDocComment 277..329 "//! not the whole literal, and not t…"
    lead  Whitespace 329..331 "\n\n"
Kw(Fn) 331..333 "fn"
    trail Whitespace 333..334 " "
Ident 334..338 "main"
Punct(LParen) 338..339 "("
Punct(RParen) 339..340 ")"
    trail Whitespace 340..341 " "
Punct(Arrow) 341..343 "->"
    trail Whitespace 343..344 " "
Punct(Not) 344..345 "!"
Ident 345..348 "int"
    trail Whitespace 348..349 " "
Punct(LBrace) 349..350 "{"
    lead  Whitespace 350..355 "\n    "
Kw(Let) 355..358 "let"
    trail Whitespace 358..359 " "
Ident 359..361 "xs"
    trail Whitespace 361..362 " "
Punct(Eq) 362..363 "="
    trail Whitespace 363..364 " "
Punct(LBracket) 364..365 "["
Int 365..366 "1"
Punct(Comma) 366..367 ","
    trail Whitespace 367..368 " "
StrBegin(Plain) 368..369 "\""
StrFragment 369..372 "two"
StrEnd { dedent: 0 } 372..373 "\""
Punct(Comma) 373..374 ","
    trail Whitespace 374..375 " "
Int 375..376 "3"
Punct(RBracket) 376..377 "]"
Term 377..378 "\n"
    lead  Whitespace 378..382 "    "
Ident 382..387 "print"
Punct(LParen) 387..388 "("
StrBegin(Plain) 388..389 "\""
InterpOpen 389..390 "{"
Ident 390..392 "xs"
Punct(Dot) 392..393 "."
Ident 393..396 "len"
InterpClose 396..397 "}"
StrEnd { dedent: 0 } 397..398 "\""
Punct(RParen) 398..399 ")"
Term 399..400 "\n"
    lead  Whitespace 400..404 "    "
Int 404..405 "0"
Term 405..406 "\n"
Punct(RBrace) 406..407 "}"
Term 407..408 "\n"
Eof 408..408 ""
