---
source: crates/wolf_lex/tests/corpus_snapshots.rs
expression: lexed.dump(&bytes)
---
    lead  InnerDocComment 0..39 "//! check: run(exit=0, stdout=\"2\\n9\\…"
    lead  Whitespace 39..40 "\n"
    lead  InnerDocComment 40..54 "//! phase: run"
    lead  Whitespace 54..55 "\n"
    lead  InnerDocComment 55..82 "//! conforms: type.fn.value"
    lead  Whitespace 82..83 "\n"
    lead  InnerDocComment 83..86 "//!"
    lead  Whitespace 86..87 "\n"
    lead  InnerDocComment 87..153 "//! s157 (wolf-lang#311) — a call TH…"
    lead  Whitespace 153..154 "\n"
    lead  InnerDocComment 154..222 "//! parameter. `fn(f) f(1)` types `f…"
    lead  Whitespace 222..223 "\n"
    lead  InnerDocComment 223..292 "//! the call `f(1)` shapes that vari…"
    lead  Whitespace 292..293 "\n"
    lead  InnerDocComment 293..362 "//! on the spot, but until this pin …"
    lead  Whitespace 362..363 "\n"
    lead  InnerDocComment 363..429 "//! the site, so lowering refused th…"
    lead  Whitespace 429..430 "\n"
    lead  InnerDocComment 430..501 "//! name (\"calls outside the resolve…"
    lead  Whitespace 501..502 "\n"
    lead  InnerDocComment 502..569 "//! spelling `fn(f: fn(int) -> int) …"
    lead  Whitespace 569..570 "\n"
    lead  InnerDocComment 570..636 "//! now records the surface its own …"
    lead  Whitespace 636..637 "\n"
    lead  InnerDocComment 637..702 "//! the body\'s finish zonks every re…"
    lead  Whitespace 702..703 "\n"
    lead  InnerDocComment 703..767 "//! slots land solved. `compose` is …"
    lead  Whitespace 767..768 "\n"
    lead  InnerDocComment 768..796 "//! shape this was found on."
    lead  Whitespace 796..798 "\n\n"
Kw(Fn) 798..800 "fn"
    trail Whitespace 800..801 " "
Ident 801..805 "main"
Punct(LParen) 805..806 "("
Punct(RParen) 806..807 ")"
    trail Whitespace 807..808 " "
Punct(Arrow) 808..810 "->"
    trail Whitespace 810..811 " "
Punct(Not) 811..812 "!"
Ident 812..815 "int"
    trail Whitespace 815..816 " "
Punct(LBrace) 816..817 "{"
    lead  Whitespace 817..822 "\n    "
Kw(Let) 822..825 "let"
    trail Whitespace 825..826 " "
Ident 826..831 "call1"
    trail Whitespace 831..832 " "
Punct(Eq) 832..833 "="
    trail Whitespace 833..834 " "
Kw(Fn) 834..836 "fn"
Punct(LParen) 836..837 "("
Ident 837..838 "f"
Punct(RParen) 838..839 ")"
    trail Whitespace 839..840 " "
Ident 840..841 "f"
Punct(LParen) 841..842 "("
Int 842..843 "1"
Punct(RParen) 843..844 ")"
Term 844..845 "\n"
    lead  Whitespace 845..849 "    "
Ident 849..854 "print"
Punct(LParen) 854..855 "("
StrBegin(Plain) 855..856 "\""
InterpOpen 856..857 "{"
Ident 857..862 "call1"
Punct(LParen) 862..863 "("
Kw(Fn) 863..865 "fn"
Punct(LParen) 865..866 "("
Ident 866..867 "n"
Punct(RParen) 867..868 ")"
    trail Whitespace 868..869 " "
Ident 869..870 "n"
    trail Whitespace 870..871 " "
Punct(Plus) 871..872 "+"
    trail Whitespace 872..873 " "
Int 873..874 "1"
Punct(RParen) 874..875 ")"
InterpClose 875..876 "}"
StrEnd { dedent: 0 } 876..877 "\""
Punct(RParen) 877..878 ")"
Term 878..879 "\n"
    lead  Whitespace 879..883 "    "
Kw(Let) 883..886 "let"
    trail Whitespace 886..887 " "
Ident 887..894 "compose"
    trail Whitespace 894..895 " "
Punct(Eq) 895..896 "="
    trail Whitespace 896..897 " "
Kw(Fn) 897..899 "fn"
Punct(LParen) 899..900 "("
Ident 900..901 "f"
Punct(Comma) 901..902 ","
    trail Whitespace 902..903 " "
Ident 903..904 "g"
Punct(RParen) 904..905 ")"
    trail Whitespace 905..906 " "
Kw(Fn) 906..908 "fn"
Punct(LParen) 908..909 "("
Ident 909..910 "x"
Punct(RParen) 910..911 ")"
    trail Whitespace 911..912 " "
Ident 912..913 "f"
Punct(LParen) 913..914 "("
Ident 914..915 "g"
Punct(LParen) 915..916 "("
Ident 916..917 "x"
Punct(RParen) 917..918 ")"
Punct(RParen) 918..919 ")"
Term 919..920 "\n"
    lead  Whitespace 920..924 "    "
Kw(Let) 924..927 "let"
    trail Whitespace 927..928 " "
Ident 928..931 "inc"
    trail Whitespace 931..932 " "
Punct(Eq) 932..933 "="
    trail Whitespace 933..934 " "
Kw(Fn) 934..936 "fn"
Punct(LParen) 936..937 "("
Ident 937..938 "n"
Punct(RParen) 938..939 ")"
    trail Whitespace 939..940 " "
Ident 940..941 "n"
    trail Whitespace 941..942 " "
Punct(Plus) 942..943 "+"
    trail Whitespace 943..944 " "
Int 944..945 "1"
Term 945..946 "\n"
    lead  Whitespace 946..950 "    "
Kw(Let) 950..953 "let"
    trail Whitespace 953..954 " "
Ident 954..957 "dbl"
    trail Whitespace 957..958 " "
Punct(Eq) 958..959 "="
    trail Whitespace 959..960 " "
Kw(Fn) 960..962 "fn"
Punct(LParen) 962..963 "("
Ident 963..964 "n"
Punct(RParen) 964..965 ")"
    trail Whitespace 965..966 " "
Ident 966..967 "n"
    trail Whitespace 967..968 " "
Punct(Star) 968..969 "*"
    trail Whitespace 969..970 " "
Int 970..971 "2"
Term 971..972 "\n"
    lead  Whitespace 972..976 "    "
Ident 976..981 "print"
Punct(LParen) 981..982 "("
StrBegin(Plain) 982..983 "\""
InterpOpen 983..984 "{"
Ident 984..991 "compose"
Punct(LParen) 991..992 "("
Ident 992..995 "inc"
Punct(Comma) 995..996 ","
    trail Whitespace 996..997 " "
Ident 997..1000 "dbl"
Punct(RParen) 1000..1001 ")"
Punct(LParen) 1001..1002 "("
Int 1002..1003 "4"
Punct(RParen) 1003..1004 ")"
InterpClose 1004..1005 "}"
StrEnd { dedent: 0 } 1005..1006 "\""
Punct(RParen) 1006..1007 ")"
Term 1007..1008 "\n"
    lead  Whitespace 1008..1012 "    "
Int 1012..1013 "0"
Term 1013..1014 "\n"
Punct(RBrace) 1014..1015 "}"
Term 1015..1016 "\n"
Eof 1016..1016 ""
