---
source: crates/wolf_lex/tests/corpus_snapshots.rs
expression: lexed.dump(&bytes)
---
    lead  InnerDocComment 0..48 "//! check: run(exit=0, stdout=\"40 20…"
    lead  Whitespace 48..49 "\n"
    lead  InnerDocComment 49..63 "//! phase: run"
    lead  Whitespace 63..64 "\n"
    lead  InnerDocComment 64..129 "//! conforms: type.method.resolve, t…"
    lead  Whitespace 129..130 "\n"
    lead  InnerDocComment 130..133 "//!"
    lead  Whitespace 133..134 "\n"
    lead  InnerDocComment 134..209 "//! s166 — `map`, `filter`, `fold` a…"
    lead  Whitespace 209..210 "\n"
    lead  InnerDocComment 210..282 "//! each resolved to its home module…"
    lead  Whitespace 282..283 "\n"
    lead  InnerDocComment 283..349 "//! step 2) against this directory\'s…"
    lead  Whitespace 349..350 "\n"
    lead  InnerDocComment 350..421 "//! closure, a capture-free one and …"
    lead  Whitespace 421..422 "\n"
    lead  InnerDocComment 422..477 "//! `fn` value the parameter names (…"
    lead  Whitespace 477..479 "\n\n"
Kw(Fn) 479..481 "fn"
    trail Whitespace 481..482 " "
Ident 482..486 "main"
Punct(LParen) 486..487 "("
Punct(RParen) 487..488 ")"
    trail Whitespace 488..489 " "
Punct(Arrow) 489..491 "->"
    trail Whitespace 491..492 " "
Punct(Not) 492..493 "!"
Ident 493..496 "int"
    trail Whitespace 496..497 " "
Punct(LBrace) 497..498 "{"
    lead  Whitespace 498..503 "\n    "
Kw(Let) 503..506 "let"
    trail Whitespace 506..507 " "
Ident 507..509 "xs"
    trail Whitespace 509..510 " "
Punct(Eq) 510..511 "="
    trail Whitespace 511..512 " "
Punct(LBracket) 512..513 "["
Int 513..514 "4"
Punct(Comma) 514..515 ","
    trail Whitespace 515..516 " "
Int 516..517 "1"
Punct(Comma) 517..518 ","
    trail Whitespace 518..519 " "
Int 519..520 "3"
Punct(Comma) 520..521 ","
    trail Whitespace 521..522 " "
Int 522..523 "2"
Punct(RBracket) 523..524 "]"
Term 524..525 "\n"
    lead  Whitespace 525..529 "    "
Kw(Let) 529..532 "let"
    trail Whitespace 532..533 " "
Ident 533..534 "k"
    trail Whitespace 534..535 " "
Punct(Eq) 535..536 "="
    trail Whitespace 536..537 " "
Int 537..539 "10"
Term 539..540 "\n"
    lead  Whitespace 540..544 "    "
Kw(Let) 544..547 "let"
    trail Whitespace 547..548 " "
Ident 548..552 "tens"
    trail Whitespace 552..553 " "
Punct(Eq) 553..554 "="
    trail Whitespace 554..555 " "
Ident 555..557 "xs"
Punct(Dot) 557..558 "."
Ident 558..561 "map"
Punct(LParen) 561..562 "("
Kw(Fn) 562..564 "fn"
Punct(LParen) 564..565 "("
Ident 565..566 "x"
Punct(RParen) 566..567 ")"
    trail Whitespace 567..568 " "
Ident 568..569 "x"
    trail Whitespace 569..570 " "
Punct(Star) 570..571 "*"
    trail Whitespace 571..572 " "
Ident 572..573 "k"
Punct(RParen) 573..574 ")"
Term 574..575 "\n"
    lead  Whitespace 575..579 "    "
Kw(Let) 579..582 "let"
    trail Whitespace 582..583 " "
Ident 583..587 "even"
    trail Whitespace 587..588 " "
Punct(Eq) 588..589 "="
    trail Whitespace 589..590 " "
Ident 590..592 "xs"
Punct(Dot) 592..593 "."
Ident 593..599 "filter"
Punct(LParen) 599..600 "("
Kw(Fn) 600..602 "fn"
Punct(LParen) 602..603 "("
Ident 603..604 "x"
Punct(Colon) 604..605 ":"
    trail Whitespace 605..606 " "
Ident 606..609 "int"
Punct(RParen) 609..610 ")"
    trail Whitespace 610..611 " "
Punct(LBrace) 611..612 "{"
    trail Whitespace 612..613 " "
Ident 613..614 "x"
    trail Whitespace 614..615 " "
Punct(Percent) 615..616 "%"
    trail Whitespace 616..617 " "
Int 617..618 "2"
    trail Whitespace 618..619 " "
Punct(EqEq) 619..621 "=="
    trail Whitespace 621..622 " "
Int 622..623 "0"
    trail Whitespace 623..624 " "
Punct(RBrace) 624..625 "}"
Punct(RParen) 625..626 ")"
Term 626..627 "\n"
    lead  Whitespace 627..631 "    "
Kw(Let) 631..634 "let"
    trail Whitespace 634..635 " "
Ident 635..640 "total"
    trail Whitespace 640..641 " "
Punct(Eq) 641..642 "="
    trail Whitespace 642..643 " "
Ident 643..645 "xs"
Punct(Dot) 645..646 "."
Ident 646..650 "fold"
Punct(LParen) 650..651 "("
Int 651..652 "0"
Punct(Comma) 652..653 ","
    trail Whitespace 653..654 " "
Kw(Fn) 654..656 "fn"
Punct(LParen) 656..657 "("
Ident 657..658 "a"
Punct(Colon) 658..659 ":"
    trail Whitespace 659..660 " "
Ident 660..663 "int"
Punct(Comma) 663..664 ","
    trail Whitespace 664..665 " "
Ident 665..666 "x"
Punct(Colon) 666..667 ":"
    trail Whitespace 667..668 " "
Ident 668..671 "int"
Punct(RParen) 671..672 ")"
    trail Whitespace 672..673 " "
Punct(LBrace) 673..674 "{"
    trail Whitespace 674..675 " "
Ident 675..676 "a"
    trail Whitespace 676..677 " "
Punct(Plus) 677..678 "+"
    trail Whitespace 678..679 " "
Ident 679..680 "x"
    trail Whitespace 680..681 " "
Punct(RBrace) 681..682 "}"
Punct(RParen) 682..683 ")"
Term 683..684 "\n"
    lead  Whitespace 684..688 "    "
Ident 688..693 "print"
Punct(LParen) 693..694 "("
StrBegin(Plain) 694..695 "\""
InterpOpen 695..696 "{"
Ident 696..700 "tens"
Punct(LBracket) 700..701 "["
Int 701..702 "0"
Punct(RBracket) 702..703 "]"
InterpClose 703..704 "}"
StrFragment 704..705 " "
InterpOpen 705..706 "{"
Ident 706..710 "tens"
Punct(LBracket) 710..711 "["
Int 711..712 "3"
Punct(RBracket) 712..713 "]"
InterpClose 713..714 "}"
StrFragment 714..715 " "
InterpOpen 715..716 "{"
Ident 716..720 "even"
Punct(Dot) 720..721 "."
Ident 721..724 "len"
InterpClose 724..725 "}"
StrFragment 725..726 " "
InterpOpen 726..727 "{"
Ident 727..732 "total"
InterpClose 732..733 "}"
StrFragment 733..734 " "
InterpOpen 734..735 "{"
Ident 735..737 "xs"
Punct(Dot) 737..738 "."
Ident 738..741 "sum"
Punct(LParen) 741..742 "("
Punct(RParen) 742..743 ")"
InterpClose 743..744 "}"
StrEnd { dedent: 0 } 744..745 "\""
Punct(RParen) 745..746 ")"
Term 746..747 "\n"
    lead  Whitespace 747..751 "    "
Int 751..752 "0"
Term 752..753 "\n"
Punct(RBrace) 753..754 "}"
Term 754..755 "\n"
Eof 755..755 ""
