---
source: crates/wolf_lex/tests/corpus_snapshots.rs
assertion_line: 41
expression: lexed.dump(&bytes)
---
    lead  InnerDocComment 0..16 "//! member: true"
    lead  Whitespace 16..17 "\n"
    lead  InnerDocComment 17..20 "//!"
    lead  Whitespace 20..21 "\n"
    lead  InnerDocComment 21..88 "//! The exporting module: two plain …"
    lead  Whitespace 88..89 "\n"
    lead  InnerDocComment 89..140 "//! take one as a VALUE and call the…"
    lead  Whitespace 140..142 "\n\n"
    lead  DocComment 142..183 "/// True when the text is exactly \"w…"
    lead  Whitespace 183..184 "\n"
Kw(Pub) 184..187 "pub"
    trail Whitespace 187..188 " "
Kw(Fn) 188..190 "fn"
    trail Whitespace 190..191 " "
Ident 191..198 "is_wolf"
Punct(LParen) 198..199 "("
Ident 199..200 "s"
Punct(Colon) 200..201 ":"
    trail Whitespace 201..202 " "
Ident 202..205 "str"
Punct(RParen) 205..206 ")"
    trail Whitespace 206..207 " "
Punct(Arrow) 207..209 "->"
    trail Whitespace 209..210 " "
Ident 210..214 "bool"
    trail Whitespace 214..215 " "
Punct(LBrace) 215..216 "{"
    trail Whitespace 216..217 " "
Ident 217..218 "s"
    trail Whitespace 218..219 " "
Punct(EqEq) 219..221 "=="
    trail Whitespace 221..222 " "
StrBegin(Plain) 222..223 "\""
StrFragment 223..227 "wolf"
StrEnd { dedent: 0 } 227..228 "\""
    trail Whitespace 228..229 " "
Punct(RBrace) 229..230 "}"
Term 230..231 "\n"
    lead  Whitespace 231..232 "\n"
    lead  DocComment 232..264 "/// True when the text is empty."
    lead  Whitespace 264..265 "\n"
Kw(Pub) 265..268 "pub"
    trail Whitespace 268..269 " "
Kw(Fn) 269..271 "fn"
    trail Whitespace 271..272 " "
Ident 272..280 "is_empty"
Punct(LParen) 280..281 "("
Ident 281..282 "s"
Punct(Colon) 282..283 ":"
    trail Whitespace 283..284 " "
Ident 284..287 "str"
Punct(RParen) 287..288 ")"
    trail Whitespace 288..289 " "
Punct(Arrow) 289..291 "->"
    trail Whitespace 291..292 " "
Ident 292..296 "bool"
    trail Whitespace 296..297 " "
Punct(LBrace) 297..298 "{"
    trail Whitespace 298..299 " "
Ident 299..300 "s"
    trail Whitespace 300..301 " "
Punct(EqEq) 301..303 "=="
    trail Whitespace 303..304 " "
StrBegin(Plain) 304..305 "\""
StrEnd { dedent: 0 } 305..306 "\""
    trail Whitespace 306..307 " "
Punct(RBrace) 307..308 "}"
Term 308..309 "\n"
Eof 309..309 ""
