---
source: crates/wolf_lex/tests/corpus_snapshots.rs
expression: lexed.dump(&bytes)
---
    lead  InnerDocComment 0..15 "//! check: pass"
    lead  Whitespace 15..16 "\n"
    lead  InnerDocComment 16..30 "//! phase: mem"
    lead  Whitespace 30..31 "\n"
    lead  InnerDocComment 31..83 "//! conforms: mem.boundary.trusted, …"
    lead  Whitespace 83..84 "\n"
    lead  InnerDocComment 84..154 "//! D11 ring 2: `#[trusted]` declare…"
    lead  Whitespace 154..155 "\n"
    lead  InnerDocComment 155..221 "//! the checker cannot see. The fn r…"
    lead  Whitespace 221..222 "\n"
    lead  InnerDocComment 222..293 "//! interface (both hash partitions)…"
    lead  Whitespace 293..294 "\n"
    lead  InnerDocComment 294..364 "//! the module (`trusted = root`), a…"
    lead  Whitespace 364..365 "\n"
    lead  InnerDocComment 365..430 "//! ring inventory — the s51 `wolf a…"
    lead  Whitespace 430..432 "\n\n"
Kw(Import) 432..438 "import"
    trail Whitespace 438..439 " "
Ident 439..440 "c"
    trail Whitespace 440..441 " "
StrBegin(Plain) 441..442 "\""
StrFragment 442..450 "stdlib.h"
StrEnd { dedent: 0 } 450..451 "\""
Term 451..452 "\n"
    lead  Whitespace 452..453 "\n"
PoundBracket 453..455 "#["
Ident 455..462 "trusted"
Punct(LParen) 462..463 "("
StrBegin(Plain) 463..464 "\""
StrFragment 464..528 "the scratch pointer never leaves thi…"
StrEnd { dedent: 0 } 528..529 "\""
Punct(RParen) 529..530 ")"
Punct(RBracket) 530..531 "]"
    lead  Whitespace 531..532 "\n"
Kw(Fn) 532..534 "fn"
    trail Whitespace 534..535 " "
Ident 535..542 "scratch"
Punct(LParen) 542..543 "("
Punct(RParen) 543..544 ")"
    trail Whitespace 544..545 " "
Punct(Arrow) 545..547 "->"
    trail Whitespace 547..548 " "
Ident 548..551 "int"
    trail Whitespace 551..552 " "
Punct(LBrace) 552..553 "{"
    lead  Whitespace 553..558 "\n    "
Kw(Var) 558..561 "var"
    trail Whitespace 561..562 " "
Ident 562..565 "out"
    trail Whitespace 565..566 " "
Punct(Eq) 566..567 "="
    trail Whitespace 567..568 " "
Int 568..569 "0"
Term 569..570 "\n"
    lead  Whitespace 570..574 "    "
    lead  LineComment 574..637 "// # Safety: p addresses a live 8-by…"
    lead  Whitespace 637..642 "\n    "
    lead  LineComment 642..677 "// block and is freed exactly once."
    lead  Whitespace 677..682 "\n    "
Kw(Unsafe) 682..688 "unsafe"
    trail Whitespace 688..689 " "
Punct(LBrace) 689..690 "{"
    lead  Whitespace 690..699 "\n        "
Kw(Let) 699..702 "let"
    trail Whitespace 702..703 " "
Ident 703..704 "p"
    trail Whitespace 704..705 " "
Punct(Eq) 705..706 "="
    trail Whitespace 706..707 " "
Ident 707..708 "c"
Punct(Dot) 708..709 "."
Ident 709..715 "malloc"
Punct(LParen) 715..716 "("
Int 716..717 "8"
Punct(RParen) 717..718 ")"
    trail Whitespace 718..719 " "
Kw(As) 719..721 "as"
    trail Whitespace 721..722 " "
Punct(Star) 722..723 "*"
Ident 723..725 "u8"
Term 725..726 "\n"
    lead  Whitespace 726..734 "        "
Ident 734..735 "p"
Punct(LBracket) 735..736 "["
Int 736..737 "0"
Punct(RBracket) 737..738 "]"
    trail Whitespace 738..739 " "
Punct(Eq) 739..740 "="
    trail Whitespace 740..741 " "
Int 741..742 "9"
Term 742..743 "\n"
    lead  Whitespace 743..751 "        "
Ident 751..754 "out"
    trail Whitespace 754..755 " "
Punct(Eq) 755..756 "="
    trail Whitespace 756..757 " "
Ident 757..758 "p"
Punct(LBracket) 758..759 "["
Int 759..760 "0"
Punct(RBracket) 760..761 "]"
    trail Whitespace 761..762 " "
Kw(As) 762..764 "as"
    trail Whitespace 764..765 " "
Ident 765..768 "int"
Term 768..769 "\n"
    lead  Whitespace 769..777 "        "
Ident 777..778 "c"
Punct(Dot) 778..779 "."
Ident 779..783 "free"
Punct(LParen) 783..784 "("
Ident 784..785 "p"
Punct(RParen) 785..786 ")"
Term 786..787 "\n"
    lead  Whitespace 787..791 "    "
Punct(RBrace) 791..792 "}"
Term 792..793 "\n"
    lead  Whitespace 793..797 "    "
Ident 797..800 "out"
Term 800..801 "\n"
Punct(RBrace) 801..802 "}"
Term 802..803 "\n"
    lead  Whitespace 803..804 "\n"
Kw(Fn) 804..806 "fn"
    trail Whitespace 806..807 " "
Ident 807..811 "main"
Punct(LParen) 811..812 "("
Punct(RParen) 812..813 ")"
    trail Whitespace 813..814 " "
Punct(Arrow) 814..816 "->"
    trail Whitespace 816..817 " "
Punct(Not) 817..818 "!"
Ident 818..821 "int"
    trail Whitespace 821..822 " "
Punct(LBrace) 822..823 "{"
    lead  Whitespace 823..828 "\n    "
Kw(If) 828..830 "if"
    trail Whitespace 830..831 " "
Ident 831..838 "scratch"
Punct(LParen) 838..839 "("
Punct(RParen) 839..840 ")"
    trail Whitespace 840..841 " "
Punct(EqEq) 841..843 "=="
    trail Whitespace 843..844 " "
Int 844..845 "9"
    trail Whitespace 845..846 " "
Punct(LBrace) 846..847 "{"
    trail Whitespace 847..848 " "
Int 848..849 "0"
    trail Whitespace 849..850 " "
Punct(RBrace) 850..851 "}"
    trail Whitespace 851..852 " "
Kw(Else) 852..856 "else"
    trail Whitespace 856..857 " "
Punct(LBrace) 857..858 "{"
    trail Whitespace 858..859 " "
Int 859..860 "1"
    trail Whitespace 860..861 " "
Punct(RBrace) 861..862 "}"
Term 862..863 "\n"
Punct(RBrace) 863..864 "}"
Term 864..865 "\n"
Eof 865..865 ""
