---
source: crates/wolf_lex/tests/corpus_snapshots.rs
expression: lexed.dump(&bytes)
---
    lead  InnerDocComment 0..22 "//! check: run(exit=0)"
    lead  Whitespace 22..23 "\n"
    lead  InnerDocComment 23..37 "//! phase: run"
    lead  Whitespace 37..38 "\n"
    lead  InnerDocComment 38..94 "//! conforms: mem.str.chars, mem.str…"
    lead  Whitespace 94..95 "\n"
    lead  InnerDocComment 95..98 "//!"
    lead  Whitespace 98..99 "\n"
    lead  InnerDocComment 99..171 "//! s120 — `chars()` (#17): code-poi…"
    lead  Whitespace 171..172 "\n"
    lead  InnerDocComment 172..242 "//! boundary primitive; s121 (D57) t…"
    lead  Whitespace 242..243 "\n"
    lead  InnerDocComment 243..309 "//! walk survived the migration verb…"
    lead  Whitespace 309..310 "\n"
    lead  InnerDocComment 310..380 "//! whose UTF-8 byte extent is a fun…"
    lead  Whitespace 380..381 "\n"
    lead  InnerDocComment 381..453 "//! by range — `c as int` names the …"
    lead  Whitespace 453..454 "\n"
    lead  InnerDocComment 454..523 "//! walk below reconstructs the byte…"
    lead  Whitespace 523..524 "\n"
    lead  InnerDocComment 524..596 "//! lands on exactly the boundaries …"
    lead  Whitespace 596..597 "\n"
    lead  InnerDocComment 597..668 "//! the 2-byte `é`, the 3-byte `中`, …"
    lead  Whitespace 668..669 "\n"
    lead  InnerDocComment 669..738 "//! ([mem.str.chars]) is what makes …"
    lead  Whitespace 738..739 "\n"
    lead  InnerDocComment 739..795 "//! library code. Lupin 0.1.13 refus…"
    lead  Whitespace 795..796 "\n"
    lead  InnerDocComment 796..861 "//! (`unsupported`) and predates the…"
    lead  Whitespace 861..862 "\n"
    lead  InnerDocComment 862..929 "//! wolfc-lane evidence until the in…"
    lead  Whitespace 929..930 "\n"
    lead  InnerDocComment 930..980 "//! wolf-interp follow-on from the s…"
    lead  Whitespace 980..982 "\n\n"
Kw(Fn) 982..984 "fn"
    trail Whitespace 984..985 " "
Ident 985..990 "width"
Punct(LParen) 990..991 "("
Ident 991..992 "c"
Punct(Colon) 992..993 ":"
    trail Whitespace 993..994 " "
Ident 994..998 "char"
Punct(RParen) 998..999 ")"
    trail Whitespace 999..1000 " "
Punct(Arrow) 1000..1002 "->"
    trail Whitespace 1002..1003 " "
Ident 1003..1006 "int"
    trail Whitespace 1006..1007 " "
Punct(LBrace) 1007..1008 "{"
    lead  Whitespace 1008..1013 "\n    "
Kw(Let) 1013..1016 "let"
    trail Whitespace 1016..1017 " "
Ident 1017..1018 "n"
    trail Whitespace 1018..1019 " "
Punct(Eq) 1019..1020 "="
    trail Whitespace 1020..1021 " "
Ident 1021..1022 "c"
    trail Whitespace 1022..1023 " "
Kw(As) 1023..1025 "as"
    trail Whitespace 1025..1026 " "
Ident 1026..1029 "int"
Term 1029..1030 "\n"
    lead  Whitespace 1030..1034 "    "
Kw(If) 1034..1036 "if"
    trail Whitespace 1036..1037 " "
Ident 1037..1038 "n"
    trail Whitespace 1038..1039 " "
Punct(Lt) 1039..1040 "<"
    trail Whitespace 1040..1041 " "
Int 1041..1044 "128"
    trail Whitespace 1044..1045 " "
Punct(LBrace) 1045..1046 "{"
    lead  Whitespace 1046..1055 "\n        "
Int 1055..1056 "1"
Term 1056..1057 "\n"
    lead  Whitespace 1057..1061 "    "
Punct(RBrace) 1061..1062 "}"
    trail Whitespace 1062..1063 " "
Kw(Else) 1063..1067 "else"
    trail Whitespace 1067..1068 " "
Kw(If) 1068..1070 "if"
    trail Whitespace 1070..1071 " "
Ident 1071..1072 "n"
    trail Whitespace 1072..1073 " "
Punct(Lt) 1073..1074 "<"
    trail Whitespace 1074..1075 " "
Int 1075..1079 "2048"
    trail Whitespace 1079..1080 " "
Punct(LBrace) 1080..1081 "{"
    lead  Whitespace 1081..1090 "\n        "
Int 1090..1091 "2"
Term 1091..1092 "\n"
    lead  Whitespace 1092..1096 "    "
Punct(RBrace) 1096..1097 "}"
    trail Whitespace 1097..1098 " "
Kw(Else) 1098..1102 "else"
    trail Whitespace 1102..1103 " "
Kw(If) 1103..1105 "if"
    trail Whitespace 1105..1106 " "
Ident 1106..1107 "n"
    trail Whitespace 1107..1108 " "
Punct(Lt) 1108..1109 "<"
    trail Whitespace 1109..1110 " "
Int 1110..1115 "65536"
    trail Whitespace 1115..1116 " "
Punct(LBrace) 1116..1117 "{"
    lead  Whitespace 1117..1126 "\n        "
Int 1126..1127 "3"
Term 1127..1128 "\n"
    lead  Whitespace 1128..1132 "    "
Punct(RBrace) 1132..1133 "}"
    trail Whitespace 1133..1134 " "
Kw(Else) 1134..1138 "else"
    trail Whitespace 1138..1139 " "
Punct(LBrace) 1139..1140 "{"
    lead  Whitespace 1140..1149 "\n        "
Int 1149..1150 "4"
Term 1150..1151 "\n"
    lead  Whitespace 1151..1155 "    "
Punct(RBrace) 1155..1156 "}"
Term 1156..1157 "\n"
Punct(RBrace) 1157..1158 "}"
Term 1158..1159 "\n"
    lead  Whitespace 1159..1160 "\n"
Kw(Fn) 1160..1162 "fn"
    trail Whitespace 1162..1163 " "
Ident 1163..1167 "main"
Punct(LParen) 1167..1168 "("
Punct(RParen) 1168..1169 ")"
    trail Whitespace 1169..1170 " "
Punct(Arrow) 1170..1172 "->"
    trail Whitespace 1172..1173 " "
Punct(Not) 1173..1174 "!"
Ident 1174..1177 "int"
    trail Whitespace 1177..1178 " "
Punct(LBrace) 1178..1179 "{"
    lead  Whitespace 1179..1184 "\n    "
Kw(Let) 1184..1187 "let"
    trail Whitespace 1187..1188 " "
Ident 1188..1189 "s"
    trail Whitespace 1189..1190 " "
Punct(Eq) 1190..1191 "="
    trail Whitespace 1191..1192 " "
StrBegin(Plain) 1192..1193 "\""
StrFragment 1193..1203 "aé中🐺"
StrEnd { dedent: 0 } 1203..1204 "\""
Term 1204..1205 "\n"
    lead  Whitespace 1205..1209 "    "
Kw(Let) 1209..1212 "let"
    trail Whitespace 1212..1213 " "
Ident 1213..1215 "cs"
    trail Whitespace 1215..1216 " "
Punct(Eq) 1216..1217 "="
    trail Whitespace 1217..1218 " "
Ident 1218..1219 "s"
Punct(Dot) 1219..1220 "."
Ident 1220..1225 "chars"
Punct(LParen) 1225..1226 "("
Punct(RParen) 1226..1227 ")"
Term 1227..1228 "\n"
    lead  Whitespace 1228..1232 "    "
Kw(Let) 1232..1235 "let"
    trail Whitespace 1235..1236 " "
Ident 1236..1246 "scalars_ok"
    trail Whitespace 1246..1247 " "
Punct(Eq) 1247..1248 "="
    trail Whitespace 1248..1249 " "
Ident 1249..1251 "cs"
Punct(Dot) 1251..1252 "."
Ident 1252..1255 "len"
    trail Whitespace 1255..1256 " "
Punct(EqEq) 1256..1258 "=="
    trail Whitespace 1258..1259 " "
Int 1259..1260 "4"
    trail Whitespace 1260..1261 " "
Punct(AmpAmp) 1261..1263 "&&"
    trail Whitespace 1263..1264 " "
Ident 1264..1266 "cs"
Punct(LBracket) 1266..1267 "["
Int 1267..1268 "0"
Punct(RBracket) 1268..1269 "]"
    trail Whitespace 1269..1270 " "
Punct(EqEq) 1270..1272 "=="
    trail Whitespace 1272..1273 " "
Char 1273..1276 "\'a\'"
    trail Whitespace 1276..1277 " "
Punct(AmpAmp) 1277..1279 "&&"
    trail Whitespace 1279..1280 " "
Ident 1280..1282 "cs"
Punct(LBracket) 1282..1283 "["
Int 1283..1284 "1"
Punct(RBracket) 1284..1285 "]"
    trail Whitespace 1285..1286 " "
Punct(EqEq) 1286..1288 "=="
    trail Whitespace 1288..1289 " "
Char 1289..1293 "\'é\'"
    trail Whitespace 1293..1294 " "
Punct(AmpAmp) 1294..1296 "&&"
    trail Whitespace 1296..1297 " "
Ident 1297..1299 "cs"
Punct(LBracket) 1299..1300 "["
Int 1300..1301 "2"
Punct(RBracket) 1301..1302 "]"
    trail Whitespace 1302..1303 " "
Punct(EqEq) 1303..1305 "=="
    trail Whitespace 1305..1306 " "
Char 1306..1311 "\'中\'"
    trail Whitespace 1311..1312 " "
Punct(AmpAmp) 1312..1314 "&&"
    trail Whitespace 1314..1315 " "
Ident 1315..1317 "cs"
Punct(LBracket) 1317..1318 "["
Int 1318..1319 "3"
Punct(RBracket) 1319..1320 "]"
    trail Whitespace 1320..1321 " "
Punct(EqEq) 1321..1323 "=="
    trail Whitespace 1323..1324 " "
Char 1324..1330 "\'🐺\'"
Term 1330..1331 "\n"
    lead  Whitespace 1331..1335 "    "
    lead  LineComment 1335..1403 "// The typed elements still name the…"
    lead  Whitespace 1403..1408 "\n    "
    lead  LineComment 1408..1436 "// — the total direction)."
    lead  Whitespace 1436..1441 "\n    "
Kw(Let) 1441..1444 "let"
    trail Whitespace 1444..1445 " "
Ident 1445..1453 "codes_ok"
    trail Whitespace 1453..1454 " "
Punct(Eq) 1454..1455 "="
    trail Whitespace 1455..1456 " "
Ident 1456..1458 "cs"
Punct(LBracket) 1458..1459 "["
Int 1459..1460 "0"
Punct(RBracket) 1460..1461 "]"
    trail Whitespace 1461..1462 " "
Kw(As) 1462..1464 "as"
    trail Whitespace 1464..1465 " "
Ident 1465..1468 "int"
    trail Whitespace 1468..1469 " "
Punct(EqEq) 1469..1471 "=="
    trail Whitespace 1471..1472 " "
Int 1472..1474 "97"
    trail Whitespace 1474..1475 " "
Punct(AmpAmp) 1475..1477 "&&"
    lead  Whitespace 1477..1486 "\n        "
Ident 1486..1488 "cs"
Punct(LBracket) 1488..1489 "["
Int 1489..1490 "1"
Punct(RBracket) 1490..1491 "]"
    trail Whitespace 1491..1492 " "
Kw(As) 1492..1494 "as"
    trail Whitespace 1494..1495 " "
Ident 1495..1498 "int"
    trail Whitespace 1498..1499 " "
Punct(EqEq) 1499..1501 "=="
    trail Whitespace 1501..1502 " "
Int 1502..1505 "233"
    trail Whitespace 1505..1506 " "
Punct(AmpAmp) 1506..1508 "&&"
    lead  Whitespace 1508..1517 "\n        "
Ident 1517..1519 "cs"
Punct(LBracket) 1519..1520 "["
Int 1520..1521 "2"
Punct(RBracket) 1521..1522 "]"
    trail Whitespace 1522..1523 " "
Kw(As) 1523..1525 "as"
    trail Whitespace 1525..1526 " "
Ident 1526..1529 "int"
    trail Whitespace 1529..1530 " "
Punct(EqEq) 1530..1532 "=="
    trail Whitespace 1532..1533 " "
Int 1533..1538 "20013"
    trail Whitespace 1538..1539 " "
Punct(AmpAmp) 1539..1541 "&&"
    lead  Whitespace 1541..1550 "\n        "
Ident 1550..1552 "cs"
Punct(LBracket) 1552..1553 "["
Int 1553..1554 "3"
Punct(RBracket) 1554..1555 "]"
    trail Whitespace 1555..1556 " "
Kw(As) 1556..1558 "as"
    trail Whitespace 1558..1559 " "
Ident 1559..1562 "int"
    trail Whitespace 1562..1563 " "
Punct(EqEq) 1563..1565 "=="
    trail Whitespace 1565..1566 " "
Int 1566..1572 "128058"
Term 1572..1573 "\n"
    lead  Whitespace 1573..1577 "    "
    lead  LineComment 1577..1640 "// The width walk: advance a byte cu…"
    lead  Whitespace 1640..1645 "\n    "
    lead  LineComment 1645..1710 "// every stop is a boundary `get` ac…"
    lead  Whitespace 1710..1715 "\n    "
    lead  LineComment 1715..1734 "// the byte length."
    lead  Whitespace 1734..1739 "\n    "
Kw(Var) 1739..1742 "var"
    trail Whitespace 1742..1743 " "
Ident 1743..1746 "off"
    trail Whitespace 1746..1747 " "
Punct(Eq) 1747..1748 "="
    trail Whitespace 1748..1749 " "
Int 1749..1750 "0"
Term 1750..1751 "\n"
    lead  Whitespace 1751..1755 "    "
Kw(Var) 1755..1758 "var"
    trail Whitespace 1758..1759 " "
Ident 1759..1763 "hits"
    trail Whitespace 1763..1764 " "
Punct(Eq) 1764..1765 "="
    trail Whitespace 1765..1766 " "
Int 1766..1767 "0"
Term 1767..1768 "\n"
    lead  Whitespace 1768..1772 "    "
Kw(For) 1772..1775 "for"
    trail Whitespace 1775..1776 " "
Ident 1776..1777 "c"
    trail Whitespace 1777..1778 " "
Kw(In) 1778..1780 "in"
    trail Whitespace 1780..1781 " "
Ident 1781..1783 "cs"
    trail Whitespace 1783..1784 " "
Punct(LBrace) 1784..1785 "{"
    lead  Whitespace 1785..1794 "\n        "
Kw(Let) 1794..1797 "let"
    trail Whitespace 1797..1798 " "
Ident 1798..1799 "w"
    trail Whitespace 1799..1800 " "
Punct(Eq) 1800..1801 "="
    trail Whitespace 1801..1802 " "
Ident 1802..1807 "width"
Punct(LParen) 1807..1808 "("
Ident 1808..1809 "c"
Punct(RParen) 1809..1810 ")"
Term 1810..1811 "\n"
    lead  Whitespace 1811..1819 "        "
Kw(Let) 1819..1822 "let"
    trail Whitespace 1822..1823 " "
Ident 1823..1828 "piece"
    trail Whitespace 1828..1829 " "
Punct(Eq) 1829..1830 "="
    trail Whitespace 1830..1831 " "
Ident 1831..1832 "s"
Punct(Dot) 1832..1833 "."
Ident 1833..1836 "get"
Punct(LParen) 1836..1837 "("
Ident 1837..1840 "off"
Punct(DotDot) 1840..1842 ".."
Ident 1842..1845 "off"
    trail Whitespace 1845..1846 " "
Punct(Plus) 1846..1847 "+"
    trail Whitespace 1847..1848 " "
Ident 1848..1849 "w"
Punct(RParen) 1849..1850 ")"
    trail Whitespace 1850..1851 " "
Kw(Else) 1851..1855 "else"
    trail Whitespace 1855..1856 " "
StrBegin(Plain) 1856..1857 "\""
StrFragment 1857..1858 "?"
StrEnd { dedent: 0 } 1858..1859 "\""
Term 1859..1860 "\n"
    lead  Whitespace 1860..1868 "        "
Kw(If) 1868..1870 "if"
    trail Whitespace 1870..1871 " "
Ident 1871..1876 "piece"
    trail Whitespace 1876..1877 " "
Punct(NotEq) 1877..1879 "!="
    trail Whitespace 1879..1880 " "
StrBegin(Plain) 1880..1881 "\""
StrFragment 1881..1882 "?"
StrEnd { dedent: 0 } 1882..1883 "\""
    trail Whitespace 1883..1884 " "
Punct(LBrace) 1884..1885 "{"
    lead  Whitespace 1885..1898 "\n            "
Ident 1898..1902 "hits"
    trail Whitespace 1902..1903 " "
Punct(Eq) 1903..1904 "="
    trail Whitespace 1904..1905 " "
Ident 1905..1909 "hits"
    trail Whitespace 1909..1910 " "
Punct(Plus) 1910..1911 "+"
    trail Whitespace 1911..1912 " "
Int 1912..1913 "1"
Term 1913..1914 "\n"
    lead  Whitespace 1914..1922 "        "
Punct(RBrace) 1922..1923 "}"
Term 1923..1924 "\n"
    lead  Whitespace 1924..1932 "        "
Ident 1932..1935 "off"
    trail Whitespace 1935..1936 " "
Punct(Eq) 1936..1937 "="
    trail Whitespace 1937..1938 " "
Ident 1938..1941 "off"
    trail Whitespace 1941..1942 " "
Punct(Plus) 1942..1943 "+"
    trail Whitespace 1943..1944 " "
Ident 1944..1945 "w"
Term 1945..1946 "\n"
    lead  Whitespace 1946..1950 "    "
Punct(RBrace) 1950..1951 "}"
Term 1951..1952 "\n"
    lead  Whitespace 1952..1956 "    "
Kw(Let) 1956..1959 "let"
    trail Whitespace 1959..1960 " "
Ident 1960..1967 "walk_ok"
    trail Whitespace 1967..1968 " "
Punct(Eq) 1968..1969 "="
    trail Whitespace 1969..1970 " "
Ident 1970..1973 "off"
    trail Whitespace 1973..1974 " "
Punct(EqEq) 1974..1976 "=="
    trail Whitespace 1976..1977 " "
Ident 1977..1978 "s"
Punct(Dot) 1978..1979 "."
Ident 1979..1982 "len"
    trail Whitespace 1982..1983 " "
Punct(AmpAmp) 1983..1985 "&&"
    trail Whitespace 1985..1986 " "
Ident 1986..1990 "hits"
    trail Whitespace 1990..1991 " "
Punct(EqEq) 1991..1993 "=="
    trail Whitespace 1993..1994 " "
Int 1994..1995 "4"
    trail Whitespace 1995..1996 " "
Punct(AmpAmp) 1996..1998 "&&"
    trail Whitespace 1998..1999 " "
Ident 1999..2000 "s"
Punct(Dot) 2000..2001 "."
Ident 2001..2004 "len"
    trail Whitespace 2004..2005 " "
Punct(EqEq) 2005..2007 "=="
    trail Whitespace 2007..2008 " "
Int 2008..2010 "10"
Term 2010..2011 "\n"
    lead  Whitespace 2011..2015 "    "
    lead  LineComment 2015..2078 "// The edges: empty yields nothing; …"
    lead  Whitespace 2078..2083 "\n    "
Kw(Let) 2083..2086 "let"
    trail Whitespace 2086..2087 " "
Ident 2087..2091 "none"
    trail Whitespace 2091..2092 " "
Punct(Eq) 2092..2093 "="
    trail Whitespace 2093..2094 " "
StrBegin(Plain) 2094..2095 "\""
StrEnd { dedent: 0 } 2095..2096 "\""
Punct(Dot) 2096..2097 "."
Ident 2097..2102 "chars"
Punct(LParen) 2102..2103 "("
Punct(RParen) 2103..2104 ")"
Term 2104..2105 "\n"
    lead  Whitespace 2105..2109 "    "
Kw(Let) 2109..2112 "let"
    trail Whitespace 2112..2113 " "
Ident 2113..2118 "ascii"
    trail Whitespace 2118..2119 " "
Punct(Eq) 2119..2120 "="
    trail Whitespace 2120..2121 " "
StrBegin(Plain) 2121..2122 "\""
StrFragment 2122..2126 "wolf"
StrEnd { dedent: 0 } 2126..2127 "\""
Punct(Dot) 2127..2128 "."
Ident 2128..2133 "chars"
Punct(LParen) 2133..2134 "("
Punct(RParen) 2134..2135 ")"
Term 2135..2136 "\n"
    lead  Whitespace 2136..2140 "    "
Kw(Let) 2140..2143 "let"
    trail Whitespace 2143..2144 " "
Ident 2144..2152 "edges_ok"
    trail Whitespace 2152..2153 " "
Punct(Eq) 2153..2154 "="
    trail Whitespace 2154..2155 " "
Ident 2155..2159 "none"
Punct(Dot) 2159..2160 "."
Ident 2160..2163 "len"
    trail Whitespace 2163..2164 " "
Punct(EqEq) 2164..2166 "=="
    trail Whitespace 2166..2167 " "
Int 2167..2168 "0"
    trail Whitespace 2168..2169 " "
Punct(AmpAmp) 2169..2171 "&&"
    trail Whitespace 2171..2172 " "
Ident 2172..2177 "ascii"
Punct(Dot) 2177..2178 "."
Ident 2178..2181 "len"
    trail Whitespace 2181..2182 " "
Punct(EqEq) 2182..2184 "=="
    trail Whitespace 2184..2185 " "
Int 2185..2186 "4"
    trail Whitespace 2186..2187 " "
Punct(AmpAmp) 2187..2189 "&&"
    trail Whitespace 2189..2190 " "
Ident 2190..2195 "ascii"
Punct(LBracket) 2195..2196 "["
Int 2196..2197 "0"
Punct(RBracket) 2197..2198 "]"
    trail Whitespace 2198..2199 " "
Punct(EqEq) 2199..2201 "=="
    trail Whitespace 2201..2202 " "
Char 2202..2205 "\'w\'"
    trail Whitespace 2205..2206 " "
Punct(AmpAmp) 2206..2208 "&&"
    trail Whitespace 2208..2209 " "
Ident 2209..2214 "ascii"
Punct(LBracket) 2214..2215 "["
Int 2215..2216 "3"
Punct(RBracket) 2216..2217 "]"
    trail Whitespace 2217..2218 " "
Punct(EqEq) 2218..2220 "=="
    trail Whitespace 2220..2221 " "
Char 2221..2224 "\'f\'"
Term 2224..2225 "\n"
    lead  Whitespace 2225..2229 "    "
Kw(If) 2229..2231 "if"
    trail Whitespace 2231..2232 " "
Ident 2232..2242 "scalars_ok"
    trail Whitespace 2242..2243 " "
Punct(AmpAmp) 2243..2245 "&&"
    trail Whitespace 2245..2246 " "
Ident 2246..2254 "codes_ok"
    trail Whitespace 2254..2255 " "
Punct(AmpAmp) 2255..2257 "&&"
    trail Whitespace 2257..2258 " "
Ident 2258..2265 "walk_ok"
    trail Whitespace 2265..2266 " "
Punct(AmpAmp) 2266..2268 "&&"
    trail Whitespace 2268..2269 " "
Ident 2269..2277 "edges_ok"
    trail Whitespace 2277..2278 " "
Punct(LBrace) 2278..2279 "{"
    lead  Whitespace 2279..2288 "\n        "
Int 2288..2289 "0"
Term 2289..2290 "\n"
    lead  Whitespace 2290..2294 "    "
Punct(RBrace) 2294..2295 "}"
    trail Whitespace 2295..2296 " "
Kw(Else) 2296..2300 "else"
    trail Whitespace 2300..2301 " "
Punct(LBrace) 2301..2302 "{"
    lead  Whitespace 2302..2311 "\n        "
Int 2311..2312 "1"
Term 2312..2313 "\n"
    lead  Whitespace 2313..2317 "    "
Punct(RBrace) 2317..2318 "}"
Term 2318..2319 "\n"
Punct(RBrace) 2319..2320 "}"
Term 2320..2321 "\n"
Eof 2321..2321 ""
