---
source: crates/wolf_lex/tests/corpus_snapshots.rs
expression: lexed.dump(&bytes)
---
    lead  InnerDocComment 0..51 "//! check: run(exit=0, stdout=\"piece…"
    lead  Whitespace 51..52 "\n"
    lead  InnerDocComment 52..66 "//! phase: run"
    lead  Whitespace 66..67 "\n"
    lead  InnerDocComment 67..139 "//! conforms: mem.region.copyout, me…"
    lead  Whitespace 139..140 "\n"
    lead  InnerDocComment 140..143 "//!"
    lead  Whitespace 143..144 "\n"
    lead  InnerDocComment 144..217 "//! s216 (wolf-lang#612) — `copy reg…"
    lead  Whitespace 217..218 "\n"
    lead  InnerDocComment 218..288 "//! loop keeps each turn\'s result an…"
    lead  Whitespace 288..289 "\n"
    lead  InnerDocComment 289..361 "//! twenty `str`s and a `List` per t…"
    lead  Whitespace 361..362 "\n"
    lead  InnerDocComment 362..437 "//! block\'s value — one `str` — is c…"
    lead  Whitespace 437..438 "\n"
    lead  InnerDocComment 438..505 "//! entered from (`step`\'s ambient, …"
    lead  Whitespace 505..506 "\n"
    lead  InnerDocComment 506..569 "//! `scratch` freed. The kept value …"
    lead  Whitespace 569..570 "\n"
    lead  InnerDocComment 570..639 "//! parameter\'s map outside the bloc…"
    lead  Whitespace 639..640 "\n"
    lead  InnerDocComment 640..716 "//! store from INSIDE the block is E…"
    lead  Whitespace 716..718 "\n\n"
Kw(Struct) 718..724 "struct"
    trail Whitespace 724..725 " "
Ident 725..727 "St"
    trail Whitespace 727..728 " "
Punct(LBrace) 728..729 "{"
    lead  Whitespace 729..734 "\n    "
Ident 734..738 "vals"
Punct(Colon) 738..739 ":"
    trail Whitespace 739..740 " "
Ident 740..743 "Map"
Punct(LBracket) 743..744 "["
Ident 744..747 "str"
Punct(Comma) 747..748 ","
    trail Whitespace 748..749 " "
Ident 749..752 "str"
Punct(RBracket) 752..753 "]"
Punct(Comma) 753..754 ","
    lead  Whitespace 754..759 "\n    "
Ident 759..760 "n"
Punct(Colon) 760..761 ":"
    trail Whitespace 761..762 " "
Ident 762..765 "int"
Punct(Comma) 765..766 ","
    lead  Whitespace 766..767 "\n"
Punct(RBrace) 767..768 "}"
Term 768..769 "\n"
    lead  Whitespace 769..770 "\n"
Kw(Fn) 770..772 "fn"
    trail Whitespace 772..773 " "
Ident 773..778 "build"
Punct(LParen) 778..779 "("
Ident 779..780 "i"
Punct(Colon) 780..781 ":"
    trail Whitespace 781..782 " "
Ident 782..785 "int"
Punct(RParen) 785..786 ")"
    trail Whitespace 786..787 " "
Punct(Arrow) 787..789 "->"
    trail Whitespace 789..790 " "
Ident 790..793 "str"
    trail Whitespace 793..794 " "
Punct(LBrace) 794..795 "{"
    lead  Whitespace 795..800 "\n    "
Kw(Var) 800..803 "var"
    trail Whitespace 803..804 " "
Ident 804..809 "parts"
    trail Whitespace 809..810 " "
Punct(Eq) 810..811 "="
    trail Whitespace 811..812 " "
Ident 812..816 "List"
Punct(LBracket) 816..817 "["
Ident 817..820 "str"
Punct(RBracket) 820..821 "]"
Punct(LParen) 821..822 "("
Punct(RParen) 822..823 ")"
Term 823..824 "\n"
    lead  Whitespace 824..828 "    "
Kw(Var) 828..831 "var"
    trail Whitespace 831..832 " "
Ident 832..833 "k"
    trail Whitespace 833..834 " "
Punct(Eq) 834..835 "="
    trail Whitespace 835..836 " "
Int 836..837 "0"
Term 837..838 "\n"
    lead  Whitespace 838..842 "    "
Kw(While) 842..847 "while"
    trail Whitespace 847..848 " "
Ident 848..849 "k"
    trail Whitespace 849..850 " "
Punct(Lt) 850..851 "<"
    trail Whitespace 851..852 " "
Int 852..854 "20"
    trail Whitespace 854..855 " "
Punct(LBrace) 855..856 "{"
    lead  Whitespace 856..865 "\n        "
Punct(LParen) 865..866 "("
Kw(Mut) 866..869 "mut"
    trail Whitespace 869..870 " "
Ident 870..875 "parts"
Punct(RParen) 875..876 ")"
Punct(Dot) 876..877 "."
Ident 877..881 "push"
Punct(LParen) 881..882 "("
StrBegin(Plain) 882..883 "\""
StrFragment 883..889 "piece "
InterpOpen 889..890 "{"
Ident 890..891 "i"
InterpClose 891..892 "}"
StrFragment 892..893 " "
InterpOpen 893..894 "{"
Ident 894..895 "k"
InterpClose 895..896 "}"
StrEnd { dedent: 0 } 896..897 "\""
Punct(RParen) 897..898 ")"
Term 898..899 "\n"
    lead  Whitespace 899..907 "        "
Ident 907..908 "k"
    trail Whitespace 908..909 " "
Punct(PlusEq) 909..911 "+="
    trail Whitespace 911..912 " "
Int 912..913 "1"
Term 913..914 "\n"
    lead  Whitespace 914..918 "    "
Punct(RBrace) 918..919 "}"
Term 919..920 "\n"
    lead  Whitespace 920..924 "    "
StrBegin(Plain) 924..925 "\""
InterpOpen 925..926 "{"
Ident 926..931 "parts"
Punct(LBracket) 931..932 "["
Int 932..933 "3"
Punct(RBracket) 933..934 "]"
InterpClose 934..935 "}"
StrFragment 935..936 "-"
InterpOpen 936..937 "{"
Ident 937..938 "i"
InterpClose 938..939 "}"
StrEnd { dedent: 0 } 939..940 "\""
Term 940..941 "\n"
Punct(RBrace) 941..942 "}"
Term 942..943 "\n"
    lead  Whitespace 943..944 "\n"
Kw(Fn) 944..946 "fn"
    trail Whitespace 946..947 " "
Ident 947..951 "step"
Punct(LParen) 951..952 "("
Kw(Mut) 952..955 "mut"
    trail Whitespace 955..956 " "
Ident 956..958 "st"
Punct(Colon) 958..959 ":"
    trail Whitespace 959..960 " "
Ident 960..962 "St"
Punct(Comma) 962..963 ","
    trail Whitespace 963..964 " "
Ident 964..965 "i"
Punct(Colon) 965..966 ":"
    trail Whitespace 966..967 " "
Ident 967..970 "int"
Punct(RParen) 970..971 ")"
    trail Whitespace 971..972 " "
Punct(LBrace) 972..973 "{"
    lead  Whitespace 973..978 "\n    "
Kw(Let) 978..981 "let"
    trail Whitespace 981..982 " "
Ident 982..983 "v"
    trail Whitespace 983..984 " "
Punct(Eq) 984..985 "="
    trail Whitespace 985..986 " "
Kw(Copy) 986..990 "copy"
    trail Whitespace 990..991 " "
Kw(Region) 991..997 "region"
    trail Whitespace 997..998 " "
Ident 998..1005 "scratch"
    trail Whitespace 1005..1006 " "
Punct(LBrace) 1006..1007 "{"
    lead  Whitespace 1007..1016 "\n        "
Ident 1016..1021 "build"
Punct(LParen) 1021..1022 "("
Ident 1022..1023 "i"
Punct(RParen) 1023..1024 ")"
Term 1024..1025 "\n"
    lead  Whitespace 1025..1029 "    "
Punct(RBrace) 1029..1030 "}"
Term 1030..1031 "\n"
    lead  Whitespace 1031..1035 "    "
Ident 1035..1037 "st"
Punct(Dot) 1037..1038 "."
Ident 1038..1042 "vals"
Punct(LBracket) 1042..1043 "["
StrBegin(Plain) 1043..1044 "\""
StrFragment 1044..1045 "x"
StrEnd { dedent: 0 } 1045..1046 "\""
Punct(RBracket) 1046..1047 "]"
    trail Whitespace 1047..1048 " "
Punct(Eq) 1048..1049 "="
    trail Whitespace 1049..1050 " "
Ident 1050..1051 "v"
Term 1051..1052 "\n"
    lead  Whitespace 1052..1056 "    "
Ident 1056..1058 "st"
Punct(Dot) 1058..1059 "."
Ident 1059..1060 "n"
    trail Whitespace 1060..1061 " "
Punct(PlusEq) 1061..1063 "+="
    trail Whitespace 1063..1064 " "
Int 1064..1065 "1"
Term 1065..1066 "\n"
Punct(RBrace) 1066..1067 "}"
Term 1067..1068 "\n"
    lead  Whitespace 1068..1069 "\n"
Kw(Fn) 1069..1071 "fn"
    trail Whitespace 1071..1072 " "
Ident 1072..1076 "main"
Punct(LParen) 1076..1077 "("
Punct(RParen) 1077..1078 ")"
    trail Whitespace 1078..1079 " "
Punct(Arrow) 1079..1081 "->"
    trail Whitespace 1081..1082 " "
Punct(Not) 1082..1083 "!"
Ident 1083..1086 "int"
    trail Whitespace 1086..1087 " "
Punct(LBrace) 1087..1088 "{"
    lead  Whitespace 1088..1093 "\n    "
Kw(Var) 1093..1096 "var"
    trail Whitespace 1096..1097 " "
Ident 1097..1099 "st"
    trail Whitespace 1099..1100 " "
Punct(Eq) 1100..1101 "="
    trail Whitespace 1101..1102 " "
Ident 1102..1104 "St"
    trail Whitespace 1104..1105 " "
Punct(LBrace) 1105..1106 "{"
    trail Whitespace 1106..1107 " "
Ident 1107..1111 "vals"
Punct(Colon) 1111..1112 ":"
    trail Whitespace 1112..1113 " "
Ident 1113..1116 "Map"
Punct(LBracket) 1116..1117 "["
Ident 1117..1120 "str"
Punct(Comma) 1120..1121 ","
    trail Whitespace 1121..1122 " "
Ident 1122..1125 "str"
Punct(RBracket) 1125..1126 "]"
Punct(LParen) 1126..1127 "("
Punct(RParen) 1127..1128 ")"
Punct(Comma) 1128..1129 ","
    trail Whitespace 1129..1130 " "
Ident 1130..1131 "n"
Punct(Colon) 1131..1132 ":"
    trail Whitespace 1132..1133 " "
Int 1133..1134 "0"
    trail Whitespace 1134..1135 " "
Punct(RBrace) 1135..1136 "}"
Term 1136..1137 "\n"
    lead  Whitespace 1137..1141 "    "
Kw(Var) 1141..1144 "var"
    trail Whitespace 1144..1145 " "
Ident 1145..1146 "i"
    trail Whitespace 1146..1147 " "
Punct(Eq) 1147..1148 "="
    trail Whitespace 1148..1149 " "
Int 1149..1150 "0"
Term 1150..1151 "\n"
    lead  Whitespace 1151..1155 "    "
Kw(While) 1155..1160 "while"
    trail Whitespace 1160..1161 " "
Ident 1161..1162 "i"
    trail Whitespace 1162..1163 " "
Punct(Lt) 1163..1164 "<"
    trail Whitespace 1164..1165 " "
Int 1165..1167 "50"
    trail Whitespace 1167..1168 " "
Punct(LBrace) 1168..1169 "{"
    lead  Whitespace 1169..1178 "\n        "
Ident 1178..1182 "step"
Punct(LParen) 1182..1183 "("
Kw(Mut) 1183..1186 "mut"
    trail Whitespace 1186..1187 " "
Ident 1187..1189 "st"
Punct(Comma) 1189..1190 ","
    trail Whitespace 1190..1191 " "
Ident 1191..1192 "i"
Punct(RParen) 1192..1193 ")"
Term 1193..1194 "\n"
    lead  Whitespace 1194..1202 "        "
Ident 1202..1203 "i"
    trail Whitespace 1203..1204 " "
Punct(PlusEq) 1204..1206 "+="
    trail Whitespace 1206..1207 " "
Int 1207..1208 "1"
Term 1208..1209 "\n"
    lead  Whitespace 1209..1213 "    "
Punct(RBrace) 1213..1214 "}"
Term 1214..1215 "\n"
    lead  Whitespace 1215..1219 "    "
Ident 1219..1224 "print"
Punct(LParen) 1224..1225 "("
StrBegin(Plain) 1225..1226 "\""
InterpOpen 1226..1227 "{"
Ident 1227..1229 "st"
Punct(Dot) 1229..1230 "."
Ident 1230..1234 "vals"
Punct(LBracket) 1234..1235 "["
StrBegin(Plain) 1235..1236 "\""
StrFragment 1236..1237 "x"
StrEnd { dedent: 0 } 1237..1238 "\""
Punct(RBracket) 1238..1239 "]"
    trail Whitespace 1239..1240 " "
Kw(Else) 1240..1244 "else"
    trail Whitespace 1244..1245 " "
StrBegin(Plain) 1245..1246 "\""
StrFragment 1246..1247 "?"
StrEnd { dedent: 0 } 1247..1248 "\""
InterpClose 1248..1249 "}"
StrFragment 1249..1250 " "
InterpOpen 1250..1251 "{"
Ident 1251..1253 "st"
Punct(Dot) 1253..1254 "."
Ident 1254..1255 "n"
InterpClose 1255..1256 "}"
StrEnd { dedent: 0 } 1256..1257 "\""
Punct(RParen) 1257..1258 ")"
Term 1258..1259 "\n"
    lead  Whitespace 1259..1263 "    "
Int 1263..1264 "0"
Term 1264..1265 "\n"
Punct(RBrace) 1265..1266 "}"
Term 1266..1267 "\n"
Eof 1267..1267 ""
