---
source: crates/wolf_lex/tests/corpus_snapshots.rs
expression: lexed.dump(&bytes)
---
    lead  InnerDocComment 0..22 "//! check: fail(E1010)"
    lead  Whitespace 22..23 "\n"
    lead  InnerDocComment 23..43 "//! phase: typecheck"
    lead  Whitespace 43..44 "\n"
    lead  InnerDocComment 44..111 "//! conforms: mem.region.proc, conc.…"
    lead  Whitespace 111..112 "\n"
    lead  InnerDocComment 112..115 "//!"
    lead  Whitespace 115..116 "\n"
    lead  InnerDocComment 116..185 "//! s160 (wolf-lang#355) — the proc …"
    lead  Whitespace 185..186 "\n"
    lead  InnerDocComment 186..254 "//! lifetime rule. `[mem.region.crea…"
    lead  Whitespace 254..255 "\n"
    lead  InnerDocComment 255..327 "//! CALLER\'s current region; a `spaw…"
    lead  Whitespace 327..328 "\n"
    lead  InnerDocComment 328..396 "//! `[conc.proc.1]` makes the proc i…"
    lead  Whitespace 396..397 "\n"
    lead  InnerDocComment 397..466 "//! regions and `[conc.proc.kill]` s…"
    lead  Whitespace 466..467 "\n"
    lead  InnerDocComment 467..525 "//! the proc\'s ambient is a region f…"
    lead  Whitespace 525..526 "\n"
    lead  InnerDocComment 526..592 "//! (`[mem.region.proc]`), and a `st…"
    lead  Whitespace 592..593 "\n"
    lead  InnerDocComment 593..659 "//! same escape `region_str_concat_s…"
    lead  Whitespace 659..660 "\n"
    lead  InnerDocComment 660..729 "//! payload crosses as its view (`[c…"
    lead  Whitespace 729..730 "\n"
    lead  InnerDocComment 730..790 "//! where they were built), and the …"
    lead  Whitespace 790..791 "\n"
    lead  InnerDocComment 791..794 "//!"
    lead  Whitespace 794..795 "\n"
    lead  InnerDocComment 795..857 "//! Before s160 both tiers accepted …"
    lead  Whitespace 857..858 "\n"
    lead  InnerDocComment 858..924 "//! immortal caller region, and the …"
    lead  Whitespace 924..925 "\n"
    lead  InnerDocComment 925..991 "//! frees, so `wolf run` printed `bu…"
    lead  Whitespace 991..992 "\n"
    lead  InnerDocComment 992..1055 "//! lupin 0.1.34 — which models the …"
    lead  Whitespace 1055..1056 "\n"
    lead  InnerDocComment 1056..1125 "//! `region-fault`. The fix is the p…"
    lead  Whitespace 1125..1126 "\n"
    lead  InnerDocComment 1126..1193 "//! the supervisor and hand them in …"
    lead  Whitespace 1193..1195 "\n\n"
Kw(Fn) 1195..1197 "fn"
    trail Whitespace 1197..1198 " "
Ident 1198..1204 "worker"
Punct(LParen) 1204..1205 "("
Ident 1205..1206 "n"
Punct(Colon) 1206..1207 ":"
    trail Whitespace 1207..1208 " "
Ident 1208..1211 "int"
Punct(Comma) 1211..1212 ","
    trail Whitespace 1212..1213 " "
Ident 1213..1216 "out"
Punct(Colon) 1216..1217 ":"
    trail Whitespace 1217..1218 " "
Ident 1218..1225 "channel"
Punct(LBracket) 1225..1226 "["
Ident 1226..1229 "str"
Punct(RBracket) 1229..1230 "]"
Punct(RParen) 1230..1231 ")"
    trail Whitespace 1231..1232 " "
Punct(Arrow) 1232..1234 "->"
    trail Whitespace 1234..1235 " "
Punct(Not) 1235..1236 "!"
Ident 1236..1239 "int"
    trail Whitespace 1239..1240 " "
Punct(LBrace) 1240..1241 "{"
    lead  Whitespace 1241..1246 "\n    "
Ident 1246..1249 "out"
Punct(Dot) 1249..1250 "."
Ident 1250..1254 "send"
Punct(LParen) 1254..1255 "("
StrBegin(Plain) 1255..1256 "\""
StrFragment 1256..1262 "built "
InterpOpen 1262..1263 "{"
Ident 1263..1264 "n"
InterpClose 1264..1265 "}"
StrFragment 1265..1270 " here"
StrEnd { dedent: 0 } 1270..1271 "\""
Punct(RParen) 1271..1272 ")"
Punct(Question) 1272..1273 "?"
    trail Whitespace 1273..1283 "          "
    trail LineComment 1283..1319 "// ERROR E1010: built in proc:worker"
Term 1319..1320 "\n"
    lead  Whitespace 1320..1324 "    "
Int 1324..1325 "0"
Term 1325..1326 "\n"
Punct(RBrace) 1326..1327 "}"
Term 1327..1328 "\n"
    lead  Whitespace 1328..1329 "\n"
Kw(Fn) 1329..1331 "fn"
    trail Whitespace 1331..1332 " "
Ident 1332..1336 "main"
Punct(LParen) 1336..1337 "("
Punct(RParen) 1337..1338 ")"
    trail Whitespace 1338..1339 " "
Punct(Arrow) 1339..1341 "->"
    trail Whitespace 1341..1342 " "
Punct(Not) 1342..1343 "!"
Ident 1343..1346 "int"
    trail Whitespace 1346..1347 " "
Punct(LBrace) 1347..1348 "{"
    lead  Whitespace 1348..1353 "\n    "
Kw(Let) 1353..1356 "let"
    trail Whitespace 1356..1357 " "
Ident 1357..1360 "out"
    trail Whitespace 1360..1361 " "
Punct(Eq) 1361..1362 "="
    trail Whitespace 1362..1363 " "
Ident 1363..1370 "channel"
Punct(LBracket) 1370..1371 "["
Ident 1371..1374 "str"
Punct(RBracket) 1374..1375 "]"
Punct(LParen) 1375..1376 "("
Int 1376..1377 "4"
Punct(RParen) 1377..1378 ")"
Term 1378..1379 "\n"
    lead  Whitespace 1379..1383 "    "
Kw(Let) 1383..1386 "let"
    trail Whitespace 1386..1387 " "
Ident 1387..1388 "c"
    trail Whitespace 1388..1389 " "
Punct(Eq) 1389..1390 "="
    trail Whitespace 1390..1391 " "
Kw(Spawn) 1391..1396 "spawn"
    trail Whitespace 1396..1397 " "
Kw(Proc) 1397..1401 "proc"
    trail Whitespace 1401..1402 " "
Ident 1402..1408 "worker"
Punct(LParen) 1408..1409 "("
Int 1409..1410 "7"
Punct(Comma) 1410..1411 ","
    trail Whitespace 1411..1412 " "
Ident 1412..1415 "out"
Punct(RParen) 1415..1416 ")"
Term 1416..1417 "\n"
    lead  Whitespace 1417..1421 "    "
Kw(Let) 1421..1424 "let"
    trail Whitespace 1424..1425 " "
Ident 1425..1426 "m"
    trail Whitespace 1426..1427 " "
Punct(Eq) 1427..1428 "="
    trail Whitespace 1428..1429 " "
Ident 1429..1430 "c"
Punct(Dot) 1430..1431 "."
Ident 1431..1438 "monitor"
Punct(LParen) 1438..1439 "("
Punct(RParen) 1439..1440 ")"
Term 1440..1441 "\n"
    lead  Whitespace 1441..1445 "    "
Kw(Select) 1445..1451 "select"
    trail Whitespace 1451..1452 " "
Punct(LBrace) 1452..1453 "{"
    lead  Whitespace 1453..1462 "\n        "
Ident 1462..1466 "exit"
Punct(LParen) 1466..1467 "("
Ident 1467..1473 "reason"
Punct(RParen) 1473..1474 ")"
    trail Whitespace 1474..1475 " "
Ident 1475..1479 "from"
    trail Whitespace 1479..1480 " "
Ident 1480..1481 "m"
    trail Whitespace 1481..1482 " "
Punct(FatArrow) 1482..1484 "=>"
    trail Whitespace 1484..1485 " "
Punct(LBrace) 1485..1486 "{"
Punct(RBrace) 1486..1487 "}"
Punct(Comma) 1487..1488 ","
    lead  Whitespace 1488..1497 "\n        "
Ident 1497..1504 "timeout"
Punct(LParen) 1504..1505 "("
Int 1505..1506 "1"
Punct(Dot) 1506..1507 "."
Ident 1507..1508 "s"
Punct(RParen) 1508..1509 ")"
    trail Whitespace 1509..1510 " "
Punct(FatArrow) 1510..1512 "=>"
    trail Whitespace 1512..1513 " "
Punct(LBrace) 1513..1514 "{"
    trail Whitespace 1514..1515 " "
Kw(Return) 1515..1521 "return"
    trail Whitespace 1521..1522 " "
Int 1522..1523 "1"
    trail Whitespace 1523..1524 " "
Punct(RBrace) 1524..1525 "}"
Punct(Comma) 1525..1526 ","
    lead  Whitespace 1526..1531 "\n    "
Punct(RBrace) 1531..1532 "}"
Term 1532..1533 "\n"
    lead  Whitespace 1533..1537 "    "
Ident 1537..1540 "out"
Punct(Dot) 1540..1541 "."
Ident 1541..1546 "close"
Punct(LParen) 1546..1547 "("
Punct(RParen) 1547..1548 ")"
Term 1548..1549 "\n"
    lead  Whitespace 1549..1553 "    "
Kw(For) 1553..1556 "for"
    trail Whitespace 1556..1557 " "
Ident 1557..1561 "line"
    trail Whitespace 1561..1562 " "
Kw(In) 1562..1564 "in"
    trail Whitespace 1564..1565 " "
Ident 1565..1568 "out"
    trail Whitespace 1568..1569 " "
Punct(LBrace) 1569..1570 "{"
    trail Whitespace 1570..1571 " "
Ident 1571..1576 "print"
Punct(LParen) 1576..1577 "("
Ident 1577..1581 "line"
Punct(RParen) 1581..1582 ")"
    trail Whitespace 1582..1583 " "
Punct(RBrace) 1583..1584 "}"
Term 1584..1585 "\n"
    lead  Whitespace 1585..1589 "    "
Int 1589..1590 "0"
Term 1590..1591 "\n"
Punct(RBrace) 1591..1592 "}"
Term 1592..1593 "\n"
Eof 1593..1593 ""
