---
source: crates/wolf_lex/tests/corpus_snapshots.rs
expression: lexed.dump(&bytes)
---
    lead  InnerDocComment 0..29 "//! check: run(exit=trap(ub))"
    lead  Whitespace 29..30 "\n"
    lead  InnerDocComment 30..44 "//! phase: wir"
    lead  Whitespace 44..45 "\n"
    lead  InnerDocComment 45..97 "//! conforms: mem.unsafe.raw.4, mem.…"
    lead  Whitespace 97..98 "\n"
    lead  InnerDocComment 98..101 "//!"
    lead  Whitespace 101..102 "\n"
    lead  InnerDocComment 102..163 "//! s209 (ruling #36 = A): the packe…"
    lead  Whitespace 163..164 "\n"
    lead  InnerDocComment 164..233 "//! `#[repr(c)]` `{u32, u64}` has al…"
    lead  Whitespace 233..234 "\n"
    lead  InnerDocComment 234..305 "//! an address 4 past an 8-aligned o…"
    lead  Whitespace 305..306 "\n"
    lead  InnerDocComment 306..378 "//! when `s[0].b` reads through it —…"
    lead  Whitespace 378..379 "\n"
    lead  InnerDocComment 379..443 "//! the access needs, and the compil…"
    lead  Whitespace 443..444 "\n"
    lead  InnerDocComment 444..514 "//! `align 8`. At trunk 8edac3ee the…"
    lead  Whitespace 514..515 "\n"
    lead  InnerDocComment 515..559 "//! read by name; native and release…"
    lead  Whitespace 559..561 "\n\n"
Kw(Import) 561..567 "import"
    trail Whitespace 567..568 " "
Ident 568..569 "c"
    trail Whitespace 569..570 " "
StrBegin(Plain) 570..571 "\""
StrFragment 571..579 "stdlib.h"
StrEnd { dedent: 0 } 579..580 "\""
Term 580..581 "\n"
    lead  Whitespace 581..582 "\n"
PoundBracket 582..584 "#["
Ident 584..588 "repr"
Punct(LParen) 588..589 "("
Ident 589..590 "c"
Punct(RParen) 590..591 ")"
Punct(RBracket) 591..592 "]"
    lead  Whitespace 592..593 "\n"
Kw(Struct) 593..599 "struct"
    trail Whitespace 599..600 " "
Ident 600..604 "Pair"
    trail Whitespace 604..605 " "
Punct(LBrace) 605..606 "{"
    lead  Whitespace 606..611 "\n    "
Ident 611..612 "a"
Punct(Colon) 612..613 ":"
    trail Whitespace 613..614 " "
Ident 614..617 "u32"
Punct(Comma) 617..618 ","
    lead  Whitespace 618..623 "\n    "
Ident 623..624 "b"
Punct(Colon) 624..625 ":"
    trail Whitespace 625..626 " "
Ident 626..629 "u64"
Punct(Comma) 629..630 ","
    lead  Whitespace 630..631 "\n"
Punct(RBrace) 631..632 "}"
Term 632..633 "\n"
    lead  Whitespace 633..634 "\n"
Kw(Fn) 634..636 "fn"
    trail Whitespace 636..637 " "
Ident 637..641 "main"
Punct(LParen) 641..642 "("
Punct(RParen) 642..643 ")"
    trail Whitespace 643..644 " "
Punct(Arrow) 644..646 "->"
    trail Whitespace 646..647 " "
Ident 647..650 "int"
    trail Whitespace 650..651 " "
Punct(LBrace) 651..652 "{"
    lead  Whitespace 652..657 "\n    "
    lead  LineComment 657..729 "// # Safety: DELIBERATELY UNSOUND — …"
    lead  Whitespace 729..734 "\n    "
Kw(Unsafe) 734..740 "unsafe"
    trail Whitespace 740..741 " "
Punct(LBrace) 741..742 "{"
    lead  Whitespace 742..751 "\n        "
Kw(Let) 751..754 "let"
    trail Whitespace 754..755 " "
Ident 755..756 "p"
    trail Whitespace 756..757 " "
Punct(Eq) 757..758 "="
    trail Whitespace 758..759 " "
Ident 759..760 "c"
Punct(Dot) 760..761 "."
Ident 761..767 "calloc"
Punct(LParen) 767..768 "("
Int 768..769 "1"
Punct(Comma) 769..770 ","
    trail Whitespace 770..771 " "
Int 771..773 "32"
Punct(RParen) 773..774 ")"
    trail Whitespace 774..775 " "
Kw(As) 775..777 "as"
    trail Whitespace 777..778 " "
Punct(Star) 778..779 "*"
Ident 779..783 "Pair"
Term 783..784 "\n"
    lead  Whitespace 784..792 "        "
Kw(Let) 792..795 "let"
    trail Whitespace 795..796 " "
Ident 796..797 "s"
    trail Whitespace 797..798 " "
Punct(Eq) 798..799 "="
    trail Whitespace 799..800 " "
Ident 800..801 "p"
Punct(Dot) 801..802 "."
Ident 802..811 "with_addr"
Punct(LParen) 811..812 "("
Ident 812..813 "p"
Punct(Dot) 813..814 "."
Ident 814..818 "addr"
Punct(LParen) 818..819 "("
Punct(RParen) 819..820 ")"
    trail Whitespace 820..821 " "
Punct(Plus) 821..822 "+"
    trail Whitespace 822..823 " "
Int 823..824 "4"
Punct(RParen) 824..825 ")"
Term 825..826 "\n"
    lead  Whitespace 826..834 "        "
Kw(Let) 834..837 "let"
    trail Whitespace 837..838 " "
Ident 838..839 "v"
    trail Whitespace 839..840 " "
Punct(Eq) 840..841 "="
    trail Whitespace 841..842 " "
Ident 842..843 "s"
Punct(LBracket) 843..844 "["
Int 844..845 "0"
Punct(RBracket) 845..846 "]"
Punct(Dot) 846..847 "."
Ident 847..848 "b"
    trail Whitespace 848..850 "  "
    trail LineComment 850..876 "// UB L4: address % 8 == 4"
Term 876..877 "\n"
    lead  Whitespace 877..885 "        "
Ident 885..886 "c"
Punct(Dot) 886..887 "."
Ident 887..891 "free"
Punct(LParen) 891..892 "("
Ident 892..893 "p"
    trail Whitespace 893..894 " "
Kw(As) 894..896 "as"
    trail Whitespace 896..897 " "
Punct(Star) 897..898 "*"
Ident 898..900 "u8"
Punct(RParen) 900..901 ")"
Term 901..902 "\n"
    lead  Whitespace 902..910 "        "
Ident 910..911 "v"
    trail Whitespace 911..912 " "
Kw(As) 912..914 "as"
    trail Whitespace 914..915 " "
Ident 915..918 "int"
Term 918..919 "\n"
    lead  Whitespace 919..923 "    "
Punct(RBrace) 923..924 "}"
Term 924..925 "\n"
Punct(RBrace) 925..926 "}"
Term 926..927 "\n"
Eof 927..927 ""
