---
source: crates/wolf_lex/tests/corpus_snapshots.rs
expression: lexed.dump(&bytes)
---
    lead  InnerDocComment 0..22 "//! check: fail(E0702)"
    lead  Whitespace 22..23 "\n"
    lead  InnerDocComment 23..41 "//! phase: resolve"
    lead  Whitespace 41..42 "\n"
    lead  InnerDocComment 42..93 "//! conforms: comptime.budget, compt…"
    lead  Whitespace 93..94 "\n"
    lead  InnerDocComment 94..97 "//!"
    lead  Whitespace 97..98 "\n"
    lead  InnerDocComment 98..167 "//! D33: fuel bounds evaluation, so …"
    lead  Whitespace 167..168 "\n"
    lead  InnerDocComment 168..241 "//! diagnostic with a backtrace and …"
    lead  Whitespace 241..242 "\n"
    lead  InnerDocComment 242..257 "//! hung build."
    lead  Whitespace 257..259 "\n\n"
Kw(Comptime) 259..267 "comptime"
    trail Whitespace 267..268 " "
Kw(Fn) 268..270 "fn"
    trail Whitespace 270..271 " "
Ident 271..275 "spin"
Punct(LParen) 275..276 "("
Punct(RParen) 276..277 ")"
    trail Whitespace 277..278 " "
Punct(Arrow) 278..280 "->"
    trail Whitespace 280..281 " "
Ident 281..284 "int"
    trail Whitespace 284..285 " "
Punct(LBrace) 285..286 "{"
    lead  Whitespace 286..291 "\n    "
Kw(While) 291..296 "while"
    trail Whitespace 296..297 " "
Kw(True) 297..301 "true"
    trail Whitespace 301..302 " "
Punct(LBrace) 302..303 "{"
Punct(RBrace) 303..304 "}"
Term 304..305 "\n"
    lead  Whitespace 305..309 "    "
Int 309..310 "0"
Term 310..311 "\n"
Punct(RBrace) 311..312 "}"
Term 312..313 "\n"
    lead  Whitespace 313..314 "\n"
Kw(Fn) 314..316 "fn"
    trail Whitespace 316..317 " "
Ident 317..321 "main"
Punct(LParen) 321..322 "("
Punct(RParen) 322..323 ")"
    trail Whitespace 323..324 " "
Punct(Arrow) 324..326 "->"
    trail Whitespace 326..327 " "
Punct(Not) 327..328 "!"
Ident 328..331 "int"
    trail Whitespace 331..332 " "
Punct(LBrace) 332..333 "{"
    lead  Whitespace 333..338 "\n    "
Kw(Const) 338..343 "const"
    trail Whitespace 343..344 " "
Ident 344..345 "N"
    trail Whitespace 345..346 " "
Punct(Eq) 346..347 "="
    trail Whitespace 347..348 " "
Ident 348..352 "spin"
Punct(LParen) 352..353 "("
Punct(RParen) 353..354 ")"
Term 354..355 "\n"
    lead  Whitespace 355..359 "    "
Kw(If) 359..361 "if"
    trail Whitespace 361..362 " "
Ident 362..363 "N"
    trail Whitespace 363..364 " "
Punct(EqEq) 364..366 "=="
    trail Whitespace 366..367 " "
Int 367..368 "0"
    trail Whitespace 368..369 " "
Punct(LBrace) 369..370 "{"
    trail Whitespace 370..371 " "
Int 371..372 "0"
    trail Whitespace 372..373 " "
Punct(RBrace) 373..374 "}"
    trail Whitespace 374..375 " "
Kw(Else) 375..379 "else"
    trail Whitespace 379..380 " "
Punct(LBrace) 380..381 "{"
    trail Whitespace 381..382 " "
Int 382..383 "1"
    trail Whitespace 383..384 " "
Punct(RBrace) 384..385 "}"
Term 385..386 "\n"
Punct(RBrace) 386..387 "}"
Term 387..388 "\n"
Eof 388..388 ""
