---
source: crates/wolf_lex/tests/corpus_snapshots.rs
assertion_line: 41
expression: lexed.dump(&bytes)
---
    lead  InnerDocComment 0..22 "//! check: run(exit=0)"
    lead  Whitespace 22..23 "\n"
    lead  InnerDocComment 23..41 "//! phase: resolve"
    lead  Whitespace 41..42 "\n"
    lead  InnerDocComment 42..94 "//! conforms: conc.mm.hb.freeze, mem…"
    lead  Whitespace 94..95 "\n"
    lead  InnerDocComment 95..167 "//! `freeze` happens-before every cr…"
    lead  Whitespace 167..168 "\n"
    lead  InnerDocComment 168..213 "//! reference, no copies, no synchro…"
    lead  Whitespace 213..215 "\n\n"
Kw(Fn) 215..217 "fn"
    trail Whitespace 217..218 " "
Ident 218..222 "main"
Punct(LParen) 222..223 "("
Punct(RParen) 223..224 ")"
    trail Whitespace 224..225 " "
Punct(Arrow) 225..227 "->"
    trail Whitespace 227..228 " "
Punct(Not) 228..229 "!"
Ident 229..232 "int"
    trail Whitespace 232..233 " "
Punct(LBrace) 233..234 "{"
    lead  Whitespace 234..239 "\n    "
Kw(Let) 239..242 "let"
    trail Whitespace 242..243 " "
Ident 243..248 "table"
    trail Whitespace 248..249 " "
Punct(Eq) 249..250 "="
    trail Whitespace 250..251 " "
Kw(Freeze) 251..257 "freeze"
    trail Whitespace 257..258 " "
Kw(Region) 258..264 "region"
    trail Whitespace 264..265 " "
Punct(LBrace) 265..266 "{"
    lead  Whitespace 266..275 "\n        "
Kw(Var) 275..278 "var"
    trail Whitespace 278..279 " "
Ident 279..281 "xs"
    trail Whitespace 281..282 " "
Punct(Eq) 282..283 "="
    trail Whitespace 283..284 " "
Ident 284..288 "List"
Punct(LBracket) 288..289 "["
Ident 289..292 "int"
Punct(RBracket) 292..293 "]"
Punct(LParen) 293..294 "("
Punct(RParen) 294..295 ")"
Term 295..296 "\n"
    lead  Whitespace 296..304 "        "
Kw(For) 304..307 "for"
    trail Whitespace 307..308 " "
Ident 308..309 "i"
    trail Whitespace 309..310 " "
Kw(In) 310..312 "in"
    trail Whitespace 312..313 " "
Int 313..314 "0"
Punct(DotDot) 314..316 ".."
Int 316..318 "10"
    trail Whitespace 318..319 " "
Punct(LBrace) 319..320 "{"
    trail Whitespace 320..321 " "
Punct(LParen) 321..322 "("
Kw(Mut) 322..325 "mut"
    trail Whitespace 325..326 " "
Ident 326..328 "xs"
Punct(RParen) 328..329 ")"
Punct(Dot) 329..330 "."
Ident 330..334 "push"
Punct(LParen) 334..335 "("
Ident 335..336 "i"
    trail Whitespace 336..337 " "
Punct(Star) 337..338 "*"
    trail Whitespace 338..339 " "
Ident 339..340 "i"
Punct(RParen) 340..341 ")"
    trail Whitespace 341..342 " "
Punct(RBrace) 342..343 "}"
Term 343..344 "\n"
    lead  Whitespace 344..352 "        "
Ident 352..354 "xs"
Term 354..355 "\n"
    lead  Whitespace 355..359 "    "
Punct(RBrace) 359..360 "}"
Term 360..361 "\n"
    lead  Whitespace 361..365 "    "
Kw(Let) 365..368 "let"
    trail Whitespace 368..369 " "
Ident 369..371 "ch"
    trail Whitespace 371..372 " "
Punct(Eq) 372..373 "="
    trail Whitespace 373..374 " "
Ident 374..381 "channel"
Punct(LBracket) 381..382 "["
Ident 382..385 "int"
Punct(RBracket) 385..386 "]"
Punct(LParen) 386..387 "("
Int 387..388 "2"
Punct(RParen) 388..389 ")"
Term 389..390 "\n"
    lead  Whitespace 390..394 "    "
Kw(Scope) 394..399 "scope"
    trail Whitespace 399..400 " "
Ident 400..401 "s"
    trail Whitespace 401..402 " "
Punct(LBrace) 402..403 "{"
    lead  Whitespace 403..412 "\n        "
Ident 412..413 "s"
Punct(Dot) 413..414 "."
Kw(Spawn) 414..419 "spawn"
Punct(LParen) 419..420 "("
Kw(Fn) 420..422 "fn"
Punct(LParen) 422..423 "("
Punct(RParen) 423..424 ")"
    trail Whitespace 424..425 " "
Punct(LBrace) 425..426 "{"
    trail Whitespace 426..427 " "
Ident 427..429 "ch"
Punct(Dot) 429..430 "."
Ident 430..434 "send"
Punct(LParen) 434..435 "("
Ident 435..440 "table"
Punct(LBracket) 440..441 "["
Int 441..442 "3"
Punct(RBracket) 442..443 "]"
Punct(RParen) 443..444 ")"
    trail Whitespace 444..445 " "
Punct(RBrace) 445..446 "}"
Punct(RParen) 446..447 ")"
    trail Whitespace 447..450 "   "
    trail LineComment 450..480 "// imm: capture by shared read"
Term 480..481 "\n"
    lead  Whitespace 481..489 "        "
Ident 489..490 "s"
Punct(Dot) 490..491 "."
Kw(Spawn) 491..496 "spawn"
Punct(LParen) 496..497 "("
Kw(Fn) 497..499 "fn"
Punct(LParen) 499..500 "("
Punct(RParen) 500..501 ")"
    trail Whitespace 501..502 " "
Punct(LBrace) 502..503 "{"
    trail Whitespace 503..504 " "
Ident 504..506 "ch"
Punct(Dot) 506..507 "."
Ident 507..511 "send"
Punct(LParen) 511..512 "("
Ident 512..517 "table"
Punct(LBracket) 517..518 "["
Int 518..519 "4"
Punct(RBracket) 519..520 "]"
Punct(RParen) 520..521 ")"
    trail Whitespace 521..522 " "
Punct(RBrace) 522..523 "}"
Punct(RParen) 523..524 ")"
Term 524..525 "\n"
    lead  Whitespace 525..529 "    "
Punct(RBrace) 529..530 "}"
Term 530..531 "\n"
    lead  Whitespace 531..535 "    "
Kw(Let) 535..538 "let"
    trail Whitespace 538..539 " "
Ident 539..540 "a"
    trail Whitespace 540..541 " "
Punct(Eq) 541..542 "="
    trail Whitespace 542..543 " "
Ident 543..545 "ch"
Punct(Dot) 545..546 "."
Ident 546..550 "recv"
Punct(LParen) 550..551 "("
Punct(RParen) 551..552 ")"
    trail Whitespace 552..553 " "
Kw(Else) 553..557 "else"
    trail Whitespace 557..558 " "
Punct(Pipe) 558..559 "|"
Underscore 559..560 "_"
Punct(Pipe) 560..561 "|"
    trail Whitespace 561..562 " "
Punct(LBrace) 562..563 "{"
    trail Whitespace 563..564 " "
Kw(Return) 564..570 "return"
    trail Whitespace 570..571 " "
Int 571..572 "1"
    trail Whitespace 572..573 " "
Punct(RBrace) 573..574 "}"
Term 574..575 "\n"
    lead  Whitespace 575..579 "    "
Kw(Let) 579..582 "let"
    trail Whitespace 582..583 " "
Ident 583..584 "b"
    trail Whitespace 584..585 " "
Punct(Eq) 585..586 "="
    trail Whitespace 586..587 " "
Ident 587..589 "ch"
Punct(Dot) 589..590 "."
Ident 590..594 "recv"
Punct(LParen) 594..595 "("
Punct(RParen) 595..596 ")"
    trail Whitespace 596..597 " "
Kw(Else) 597..601 "else"
    trail Whitespace 601..602 " "
Punct(Pipe) 602..603 "|"
Underscore 603..604 "_"
Punct(Pipe) 604..605 "|"
    trail Whitespace 605..606 " "
Punct(LBrace) 606..607 "{"
    trail Whitespace 607..608 " "
Kw(Return) 608..614 "return"
    trail Whitespace 614..615 " "
Int 615..616 "1"
    trail Whitespace 616..617 " "
Punct(RBrace) 617..618 "}"
Term 618..619 "\n"
    lead  Whitespace 619..623 "    "
Kw(If) 623..625 "if"
    trail Whitespace 625..626 " "
Ident 626..627 "a"
    trail Whitespace 627..628 " "
Punct(Plus) 628..629 "+"
    trail Whitespace 629..630 " "
Ident 630..631 "b"
    trail Whitespace 631..632 " "
Punct(EqEq) 632..634 "=="
    trail Whitespace 634..635 " "
Int 635..637 "25"
    trail Whitespace 637..638 " "
Punct(LBrace) 638..639 "{"
    trail Whitespace 639..640 " "
Int 640..641 "0"
    trail Whitespace 641..642 " "
Punct(RBrace) 642..643 "}"
    trail Whitespace 643..644 " "
Kw(Else) 644..648 "else"
    trail Whitespace 648..649 " "
Punct(LBrace) 649..650 "{"
    trail Whitespace 650..651 " "
Int 651..652 "1"
    trail Whitespace 652..653 " "
Punct(RBrace) 653..654 "}"
Term 654..655 "\n"
Punct(RBrace) 655..656 "}"
Term 656..657 "\n"
Eof 657..657 ""
