---
source: crates/wolf_lex/tests/corpus_snapshots.rs
expression: lexed.dump(&bytes)
---
    lead  InnerDocComment 0..22 "//! check: fail(E0413)"
    lead  Whitespace 22..23 "\n"
    lead  InnerDocComment 23..41 "//! phase: resolve"
    lead  Whitespace 41..42 "\n"
    lead  InnerDocComment 42..66 "//! conforms: str.interp"
    lead  Whitespace 66..67 "\n"
    lead  InnerDocComment 67..70 "//!"
    lead  Whitespace 70..71 "\n"
    lead  InnerDocComment 71..140 "//! A well-formed spec that does not…"
    lead  Whitespace 140..141 "\n"
    lead  InnerDocComment 141..211 "//! error at the literal (s38, #28):…"
    lead  Whitespace 211..212 "\n"
    lead  InnerDocComment 212..279 "//! on a float and a byte cap on a `…"
    lead  Whitespace 279..280 "\n"
    lead  InnerDocComment 280..350 "//! nothing, and the wolf-lang#10 ru…"
    lead  Whitespace 350..351 "\n"
    lead  InnerDocComment 351..363 "//! ignored."
    lead  Whitespace 363..365 "\n\n"
Kw(Fn) 365..367 "fn"
    trail Whitespace 367..368 " "
Ident 368..372 "main"
Punct(LParen) 372..373 "("
Punct(RParen) 373..374 ")"
    trail Whitespace 374..375 " "
Punct(Arrow) 375..377 "->"
    trail Whitespace 377..378 " "
Punct(Not) 378..379 "!"
Ident 379..382 "int"
    trail Whitespace 382..383 " "
Punct(LBrace) 383..384 "{"
    lead  Whitespace 384..389 "\n    "
Kw(Let) 389..392 "let"
    trail Whitespace 392..393 " "
Ident 393..394 "n"
    trail Whitespace 394..395 " "
Punct(Eq) 395..396 "="
    trail Whitespace 396..397 " "
Int 397..399 "42"
Term 399..400 "\n"
    lead  Whitespace 400..404 "    "
Ident 404..409 "print"
Punct(LParen) 409..410 "("
StrBegin(Plain) 410..411 "\""
StrFragment 411..412 "["
InterpOpen 412..413 "{"
Ident 413..414 "n"
FormatSpecBegin 414..415 ":"
StrFragment 415..417 ".2"
InterpClose 417..418 "}"
StrFragment 418..419 "]"
StrEnd { dedent: 0 } 419..420 "\""
Punct(RParen) 420..421 ")"
Term 421..422 "\n"
    lead  Whitespace 422..426 "    "
Int 426..427 "0"
Term 427..428 "\n"
Punct(RBrace) 428..429 "}"
Term 429..430 "\n"
Eof 430..430 ""
