---
source: crates/wolf_lex/tests/corpus_snapshots.rs
expression: lexed.dump(&bytes)
---
    lead  InnerDocComment 0..110 "//! check: run(exit=0, stdout=\"fine …"
    lead  Whitespace 110..111 "\n"
    lead  InnerDocComment 111..125 "//! phase: run"
    lead  Whitespace 125..126 "\n"
    lead  InnerDocComment 126..174 "//! conforms: type.interp.reason, co…"
    lead  Whitespace 174..175 "\n"
    lead  InnerDocComment 175..178 "//!"
    lead  Whitespace 178..179 "\n"
    lead  InnerDocComment 179..248 "//! s143 (wolf-lang#268) — `{reason}…"
    lead  Whitespace 248..249 "\n"
    lead  InnerDocComment 249..306 "//! program can provoke (`[conc.proc…"
    lead  Whitespace 306..307 "\n"
    lead  InnerDocComment 307..378 "//! `[type.interp.reason]`): `normal…"
    lead  Whitespace 378..379 "\n"
    lead  InnerDocComment 379..446 "//! rides the exit (until s143 the n…"
    lead  Whitespace 446..447 "\n"
    lead  InnerDocComment 447..511 "//! for every ok body; the entry shi…"
    lead  Whitespace 511..512 "\n"
    lead  InnerDocComment 512..581 "//! runtime through `__wolf_rt_task_…"
    lead  Whitespace 581..582 "\n"
    lead  InnerDocComment 582..652 "//! row\'s tag by name, `killed`, and…"
    lead  Whitespace 652..653 "\n"
    lead  InnerDocComment 653..707 "//! contained at the proc boundary (…"
    lead  Whitespace 707..708 "\n"
    lead  InnerDocComment 708..777 "//! `[conf.trap.set]`. `cancelled` i…"
    lead  Whitespace 777..778 "\n"
    lead  InnerDocComment 778..849 "//! The checked lane runs procs sinc…"
    lead  Whitespace 849..850 "\n"
    lead  InnerDocComment 850..910 "//! witness on every lane, byte-iden…"
    lead  Whitespace 910..912 "\n\n"
Kw(Fn) 912..914 "fn"
    trail Whitespace 914..915 " "
Ident 915..919 "fine"
Punct(LParen) 919..920 "("
Punct(RParen) 920..921 ")"
    trail Whitespace 921..922 " "
Punct(Arrow) 922..924 "->"
    trail Whitespace 924..925 " "
Ident 925..928 "int"
    trail Whitespace 928..929 " "
Punct(LBrace) 929..930 "{"
    trail Whitespace 930..931 " "
Int 931..935 "1540"
    trail Whitespace 935..936 " "
Punct(RBrace) 936..937 "}"
Term 937..938 "\n"
    lead  Whitespace 938..939 "\n"
Kw(Fn) 939..941 "fn"
    trail Whitespace 941..942 " "
Ident 942..948 "broken"
Punct(LParen) 948..949 "("
Punct(RParen) 949..950 ")"
    trail Whitespace 950..951 " "
Punct(Arrow) 951..953 "->"
    trail Whitespace 953..954 " "
Punct(Not) 954..955 "!"
Ident 955..958 "int"
    trail Whitespace 958..959 " "
Punct(LBrace) 959..960 "{"
    trail Whitespace 960..961 " "
Ident 961..968 "Corrupt"
    trail Whitespace 968..969 " "
Punct(RBrace) 969..970 "}"
Term 970..971 "\n"
    lead  Whitespace 971..972 "\n"
Kw(Fn) 972..974 "fn"
    trail Whitespace 974..975 " "
Ident 975..981 "parked"
Punct(LParen) 981..982 "("
Punct(RParen) 982..983 ")"
    trail Whitespace 983..984 " "
Punct(Arrow) 984..986 "->"
    trail Whitespace 986..987 " "
Ident 987..990 "int"
    trail Whitespace 990..991 " "
Punct(LBrace) 991..992 "{"
    lead  Whitespace 992..997 "\n    "
Kw(Let) 997..1000 "let"
    trail Whitespace 1000..1001 " "
Ident 1001..1005 "idle"
    trail Whitespace 1005..1006 " "
Punct(Eq) 1006..1007 "="
    trail Whitespace 1007..1008 " "
Ident 1008..1015 "channel"
Punct(LBracket) 1015..1016 "["
Ident 1016..1019 "int"
Punct(RBracket) 1019..1020 "]"
Punct(LParen) 1020..1021 "("
Int 1021..1022 "0"
Punct(RParen) 1022..1023 ")"
Term 1023..1024 "\n"
    lead  Whitespace 1024..1028 "    "
Kw(Let) 1028..1031 "let"
    trail Whitespace 1031..1032 " "
Ident 1032..1033 "v"
    trail Whitespace 1033..1034 " "
Punct(Eq) 1034..1035 "="
    trail Whitespace 1035..1036 " "
Ident 1036..1040 "idle"
Punct(Dot) 1040..1041 "."
Ident 1041..1045 "recv"
Punct(LParen) 1045..1046 "("
Punct(RParen) 1046..1047 ")"
    trail Whitespace 1047..1048 " "
Kw(Else) 1048..1052 "else"
    trail Whitespace 1052..1053 " "
Int 1053..1054 "0"
Term 1054..1055 "\n"
    lead  Whitespace 1055..1059 "    "
Ident 1059..1060 "v"
Term 1060..1061 "\n"
Punct(RBrace) 1061..1062 "}"
Term 1062..1063 "\n"
    lead  Whitespace 1063..1064 "\n"
Kw(Fn) 1064..1066 "fn"
    trail Whitespace 1066..1067 " "
Ident 1067..1073 "faulty"
Punct(LParen) 1073..1074 "("
Punct(RParen) 1074..1075 ")"
    trail Whitespace 1075..1076 " "
Punct(Arrow) 1076..1078 "->"
    trail Whitespace 1078..1079 " "
Ident 1079..1082 "int"
    trail Whitespace 1082..1083 " "
Punct(LBrace) 1083..1084 "{"
    lead  Whitespace 1084..1089 "\n    "
Kw(Var) 1089..1092 "var"
    trail Whitespace 1092..1093 " "
Ident 1093..1095 "xs"
    trail Whitespace 1095..1096 " "
Punct(Eq) 1096..1097 "="
    trail Whitespace 1097..1098 " "
Ident 1098..1102 "List"
Punct(LBracket) 1102..1103 "["
Ident 1103..1106 "int"
Punct(RBracket) 1106..1107 "]"
Punct(LParen) 1107..1108 "("
Punct(RParen) 1108..1109 ")"
Term 1109..1110 "\n"
    lead  Whitespace 1110..1114 "    "
Ident 1114..1116 "xs"
Punct(LBracket) 1116..1117 "["
Int 1117..1118 "3"
Punct(RBracket) 1118..1119 "]"
Term 1119..1120 "\n"
Punct(RBrace) 1120..1121 "}"
Term 1121..1122 "\n"
    lead  Whitespace 1122..1123 "\n"
Kw(Fn) 1123..1125 "fn"
    trail Whitespace 1125..1126 " "
Ident 1126..1130 "main"
Punct(LParen) 1130..1131 "("
Punct(RParen) 1131..1132 ")"
    trail Whitespace 1132..1133 " "
Punct(Arrow) 1133..1135 "->"
    trail Whitespace 1135..1136 " "
Punct(Not) 1136..1137 "!"
Ident 1137..1140 "int"
    trail Whitespace 1140..1141 " "
Punct(LBrace) 1141..1142 "{"
    lead  Whitespace 1142..1147 "\n    "
Kw(Let) 1147..1150 "let"
    trail Whitespace 1150..1151 " "
Ident 1151..1152 "a"
    trail Whitespace 1152..1153 " "
Punct(Eq) 1153..1154 "="
    trail Whitespace 1154..1155 " "
Kw(Spawn) 1155..1160 "spawn"
    trail Whitespace 1160..1161 " "
Kw(Proc) 1161..1165 "proc"
    trail Whitespace 1165..1166 " "
Ident 1166..1170 "fine"
Punct(LParen) 1170..1171 "("
Punct(RParen) 1171..1172 ")"
Term 1172..1173 "\n"
    lead  Whitespace 1173..1177 "    "
Kw(Let) 1177..1180 "let"
    trail Whitespace 1180..1181 " "
Ident 1181..1183 "ma"
    trail Whitespace 1183..1184 " "
Punct(Eq) 1184..1185 "="
    trail Whitespace 1185..1186 " "
Ident 1186..1187 "a"
Punct(Dot) 1187..1188 "."
Ident 1188..1195 "monitor"
Punct(LParen) 1195..1196 "("
Punct(RParen) 1196..1197 ")"
Term 1197..1198 "\n"
    lead  Whitespace 1198..1202 "    "
Kw(Select) 1202..1208 "select"
    trail Whitespace 1208..1209 " "
Punct(LBrace) 1209..1210 "{"
    lead  Whitespace 1210..1219 "\n        "
Ident 1219..1223 "exit"
Punct(LParen) 1223..1224 "("
Ident 1224..1230 "reason"
Punct(RParen) 1230..1231 ")"
    trail Whitespace 1231..1232 " "
Ident 1232..1236 "from"
    trail Whitespace 1236..1237 " "
Ident 1237..1239 "ma"
    trail Whitespace 1239..1240 " "
Punct(FatArrow) 1240..1242 "=>"
    trail Whitespace 1242..1243 " "
Punct(LBrace) 1243..1244 "{"
    trail Whitespace 1244..1245 " "
Ident 1245..1250 "print"
Punct(LParen) 1250..1251 "("
StrBegin(Plain) 1251..1252 "\""
StrFragment 1252..1257 "fine "
InterpOpen 1257..1258 "{"
Ident 1258..1264 "reason"
InterpClose 1264..1265 "}"
StrEnd { dedent: 0 } 1265..1266 "\""
Punct(RParen) 1266..1267 ")"
    trail Whitespace 1267..1268 " "
Punct(RBrace) 1268..1269 "}"
Punct(Comma) 1269..1270 ","
    lead  Whitespace 1270..1279 "\n        "
Ident 1279..1286 "timeout"
Punct(LParen) 1286..1287 "("
Int 1287..1288 "1"
Punct(Dot) 1288..1289 "."
Ident 1289..1290 "s"
Punct(RParen) 1290..1291 ")"
    trail Whitespace 1291..1292 " "
Punct(FatArrow) 1292..1294 "=>"
    trail Whitespace 1294..1295 " "
Punct(LBrace) 1295..1296 "{"
    trail Whitespace 1296..1297 " "
Ident 1297..1302 "print"
Punct(LParen) 1302..1303 "("
StrBegin(Plain) 1303..1304 "\""
StrFragment 1304..1314 "fine stuck"
StrEnd { dedent: 0 } 1314..1315 "\""
Punct(RParen) 1315..1316 ")"
    trail Whitespace 1316..1317 " "
Punct(RBrace) 1317..1318 "}"
Punct(Comma) 1318..1319 ","
    lead  Whitespace 1319..1324 "\n    "
Punct(RBrace) 1324..1325 "}"
Term 1325..1326 "\n"
    lead  Whitespace 1326..1330 "    "
Kw(Let) 1330..1333 "let"
    trail Whitespace 1333..1334 " "
Ident 1334..1335 "b"
    trail Whitespace 1335..1336 " "
Punct(Eq) 1336..1337 "="
    trail Whitespace 1337..1338 " "
Kw(Spawn) 1338..1343 "spawn"
    trail Whitespace 1343..1344 " "
Kw(Proc) 1344..1348 "proc"
    trail Whitespace 1348..1349 " "
Ident 1349..1355 "broken"
Punct(LParen) 1355..1356 "("
Punct(RParen) 1356..1357 ")"
Term 1357..1358 "\n"
    lead  Whitespace 1358..1362 "    "
Kw(Let) 1362..1365 "let"
    trail Whitespace 1365..1366 " "
Ident 1366..1368 "mb"
    trail Whitespace 1368..1369 " "
Punct(Eq) 1369..1370 "="
    trail Whitespace 1370..1371 " "
Ident 1371..1372 "b"
Punct(Dot) 1372..1373 "."
Ident 1373..1380 "monitor"
Punct(LParen) 1380..1381 "("
Punct(RParen) 1381..1382 ")"
Term 1382..1383 "\n"
    lead  Whitespace 1383..1387 "    "
Kw(Select) 1387..1393 "select"
    trail Whitespace 1393..1394 " "
Punct(LBrace) 1394..1395 "{"
    lead  Whitespace 1395..1404 "\n        "
Ident 1404..1408 "exit"
Punct(LParen) 1408..1409 "("
Ident 1409..1415 "reason"
Punct(RParen) 1415..1416 ")"
    trail Whitespace 1416..1417 " "
Ident 1417..1421 "from"
    trail Whitespace 1421..1422 " "
Ident 1422..1424 "mb"
    trail Whitespace 1424..1425 " "
Punct(FatArrow) 1425..1427 "=>"
    trail Whitespace 1427..1428 " "
Punct(LBrace) 1428..1429 "{"
    trail Whitespace 1429..1430 " "
Ident 1430..1435 "print"
Punct(LParen) 1435..1436 "("
StrBegin(Plain) 1436..1437 "\""
StrFragment 1437..1444 "broken "
InterpOpen 1444..1445 "{"
Ident 1445..1451 "reason"
InterpClose 1451..1452 "}"
StrEnd { dedent: 0 } 1452..1453 "\""
Punct(RParen) 1453..1454 ")"
    trail Whitespace 1454..1455 " "
Punct(RBrace) 1455..1456 "}"
Punct(Comma) 1456..1457 ","
    lead  Whitespace 1457..1466 "\n        "
Ident 1466..1473 "timeout"
Punct(LParen) 1473..1474 "("
Int 1474..1475 "1"
Punct(Dot) 1475..1476 "."
Ident 1476..1477 "s"
Punct(RParen) 1477..1478 ")"
    trail Whitespace 1478..1479 " "
Punct(FatArrow) 1479..1481 "=>"
    trail Whitespace 1481..1482 " "
Punct(LBrace) 1482..1483 "{"
    trail Whitespace 1483..1484 " "
Ident 1484..1489 "print"
Punct(LParen) 1489..1490 "("
StrBegin(Plain) 1490..1491 "\""
StrFragment 1491..1503 "broken stuck"
StrEnd { dedent: 0 } 1503..1504 "\""
Punct(RParen) 1504..1505 ")"
    trail Whitespace 1505..1506 " "
Punct(RBrace) 1506..1507 "}"
Punct(Comma) 1507..1508 ","
    lead  Whitespace 1508..1513 "\n    "
Punct(RBrace) 1513..1514 "}"
Term 1514..1515 "\n"
    lead  Whitespace 1515..1519 "    "
Kw(Let) 1519..1522 "let"
    trail Whitespace 1522..1523 " "
Ident 1523..1524 "k"
    trail Whitespace 1524..1525 " "
Punct(Eq) 1525..1526 "="
    trail Whitespace 1526..1527 " "
Kw(Spawn) 1527..1532 "spawn"
    trail Whitespace 1532..1533 " "
Kw(Proc) 1533..1537 "proc"
    trail Whitespace 1537..1538 " "
Ident 1538..1544 "parked"
Punct(LParen) 1544..1545 "("
Punct(RParen) 1545..1546 ")"
Term 1546..1547 "\n"
    lead  Whitespace 1547..1551 "    "
Kw(Let) 1551..1554 "let"
    trail Whitespace 1554..1555 " "
Ident 1555..1557 "mk"
    trail Whitespace 1557..1558 " "
Punct(Eq) 1558..1559 "="
    trail Whitespace 1559..1560 " "
Ident 1560..1561 "k"
Punct(Dot) 1561..1562 "."
Ident 1562..1569 "monitor"
Punct(LParen) 1569..1570 "("
Punct(RParen) 1570..1571 ")"
Term 1571..1572 "\n"
    lead  Whitespace 1572..1576 "    "
Ident 1576..1577 "k"
Punct(Dot) 1577..1578 "."
Ident 1578..1582 "kill"
Punct(LParen) 1582..1583 "("
Punct(RParen) 1583..1584 ")"
Term 1584..1585 "\n"
    lead  Whitespace 1585..1589 "    "
Kw(Select) 1589..1595 "select"
    trail Whitespace 1595..1596 " "
Punct(LBrace) 1596..1597 "{"
    lead  Whitespace 1597..1606 "\n        "
Ident 1606..1610 "exit"
Punct(LParen) 1610..1611 "("
Ident 1611..1617 "reason"
Punct(RParen) 1617..1618 ")"
    trail Whitespace 1618..1619 " "
Ident 1619..1623 "from"
    trail Whitespace 1623..1624 " "
Ident 1624..1626 "mk"
    trail Whitespace 1626..1627 " "
Punct(FatArrow) 1627..1629 "=>"
    trail Whitespace 1629..1630 " "
Punct(LBrace) 1630..1631 "{"
    trail Whitespace 1631..1632 " "
Ident 1632..1637 "print"
Punct(LParen) 1637..1638 "("
StrBegin(Plain) 1638..1639 "\""
StrFragment 1639..1646 "killed "
InterpOpen 1646..1647 "{"
Ident 1647..1653 "reason"
InterpClose 1653..1654 "}"
StrEnd { dedent: 0 } 1654..1655 "\""
Punct(RParen) 1655..1656 ")"
    trail Whitespace 1656..1657 " "
Punct(RBrace) 1657..1658 "}"
Punct(Comma) 1658..1659 ","
    lead  Whitespace 1659..1668 "\n        "
Ident 1668..1675 "timeout"
Punct(LParen) 1675..1676 "("
Int 1676..1677 "1"
Punct(Dot) 1677..1678 "."
Ident 1678..1679 "s"
Punct(RParen) 1679..1680 ")"
    trail Whitespace 1680..1681 " "
Punct(FatArrow) 1681..1683 "=>"
    trail Whitespace 1683..1684 " "
Punct(LBrace) 1684..1685 "{"
    trail Whitespace 1685..1686 " "
Ident 1686..1691 "print"
Punct(LParen) 1691..1692 "("
StrBegin(Plain) 1692..1693 "\""
StrFragment 1693..1705 "killed stuck"
StrEnd { dedent: 0 } 1705..1706 "\""
Punct(RParen) 1706..1707 ")"
    trail Whitespace 1707..1708 " "
Punct(RBrace) 1708..1709 "}"
Punct(Comma) 1709..1710 ","
    lead  Whitespace 1710..1715 "\n    "
Punct(RBrace) 1715..1716 "}"
Term 1716..1717 "\n"
    lead  Whitespace 1717..1721 "    "
Kw(Let) 1721..1724 "let"
    trail Whitespace 1724..1725 " "
Ident 1725..1726 "f"
    trail Whitespace 1726..1727 " "
Punct(Eq) 1727..1728 "="
    trail Whitespace 1728..1729 " "
Kw(Spawn) 1729..1734 "spawn"
    trail Whitespace 1734..1735 " "
Kw(Proc) 1735..1739 "proc"
    trail Whitespace 1739..1740 " "
Ident 1740..1746 "faulty"
Punct(LParen) 1746..1747 "("
Punct(RParen) 1747..1748 ")"
Term 1748..1749 "\n"
    lead  Whitespace 1749..1753 "    "
Kw(Let) 1753..1756 "let"
    trail Whitespace 1756..1757 " "
Ident 1757..1759 "mf"
    trail Whitespace 1759..1760 " "
Punct(Eq) 1760..1761 "="
    trail Whitespace 1761..1762 " "
Ident 1762..1763 "f"
Punct(Dot) 1763..1764 "."
Ident 1764..1771 "monitor"
Punct(LParen) 1771..1772 "("
Punct(RParen) 1772..1773 ")"
Term 1773..1774 "\n"
    lead  Whitespace 1774..1778 "    "
Kw(Select) 1778..1784 "select"
    trail Whitespace 1784..1785 " "
Punct(LBrace) 1785..1786 "{"
    lead  Whitespace 1786..1795 "\n        "
Ident 1795..1799 "exit"
Punct(LParen) 1799..1800 "("
Ident 1800..1806 "reason"
Punct(RParen) 1806..1807 ")"
    trail Whitespace 1807..1808 " "
Ident 1808..1812 "from"
    trail Whitespace 1812..1813 " "
Ident 1813..1815 "mf"
    trail Whitespace 1815..1816 " "
Punct(FatArrow) 1816..1818 "=>"
    trail Whitespace 1818..1819 " "
Punct(LBrace) 1819..1820 "{"
    trail Whitespace 1820..1821 " "
Ident 1821..1826 "print"
Punct(LParen) 1826..1827 "("
StrBegin(Plain) 1827..1828 "\""
StrFragment 1828..1835 "faulty "
InterpOpen 1835..1836 "{"
Ident 1836..1842 "reason"
InterpClose 1842..1843 "}"
StrEnd { dedent: 0 } 1843..1844 "\""
Punct(RParen) 1844..1845 ")"
    trail Whitespace 1845..1846 " "
Punct(RBrace) 1846..1847 "}"
Punct(Comma) 1847..1848 ","
    lead  Whitespace 1848..1857 "\n        "
Ident 1857..1864 "timeout"
Punct(LParen) 1864..1865 "("
Int 1865..1866 "1"
Punct(Dot) 1866..1867 "."
Ident 1867..1868 "s"
Punct(RParen) 1868..1869 ")"
    trail Whitespace 1869..1870 " "
Punct(FatArrow) 1870..1872 "=>"
    trail Whitespace 1872..1873 " "
Punct(LBrace) 1873..1874 "{"
    trail Whitespace 1874..1875 " "
Ident 1875..1880 "print"
Punct(LParen) 1880..1881 "("
StrBegin(Plain) 1881..1882 "\""
StrFragment 1882..1894 "faulty stuck"
StrEnd { dedent: 0 } 1894..1895 "\""
Punct(RParen) 1895..1896 ")"
    trail Whitespace 1896..1897 " "
Punct(RBrace) 1897..1898 "}"
Punct(Comma) 1898..1899 ","
    lead  Whitespace 1899..1904 "\n    "
Punct(RBrace) 1904..1905 "}"
Term 1905..1906 "\n"
    lead  Whitespace 1906..1910 "    "
Int 1910..1911 "0"
Term 1911..1912 "\n"
Punct(RBrace) 1912..1913 "}"
Term 1913..1914 "\n"
Eof 1914..1914 ""
