---
source: crates/wolf_lex/tests/corpus_snapshots.rs
expression: lexed.dump(&bytes)
---
    lead  InnerDocComment 0..22 "//! check: fail(E0410)"
    lead  Whitespace 22..23 "\n"
    lead  InnerDocComment 23..39 "//! phase: parse"
    lead  Whitespace 39..40 "\n"
    lead  InnerDocComment 40..67 "//! conforms: gram.item.let"
    lead  Whitespace 67..68 "\n"
    lead  InnerDocComment 68..71 "//!"
    lead  Whitespace 71..72 "\n"
    lead  InnerDocComment 72..144 "//! Issue #2\'s missing pin: `let` is…"
    lead  Whitespace 144..145 "\n"
    lead  InnerDocComment 145..215 "//! immutable, `var` mutable\"), yet …"
    lead  Whitespace 215..216 "\n"
    lead  InnerDocComment 216..283 "//! reassignment through four differ…"
    lead  Whitespace 283..284 "\n"
    lead  InnerDocComment 284..355 "//! file exercised it. The fix-it of…"
    lead  Whitespace 355..356 "\n"
    lead  InnerDocComment 356..402 "//! `let x = …` is the other legal s…"
    lead  Whitespace 402..403 "\n"
    lead  InnerDocComment 403..406 "//!"
    lead  Whitespace 406..407 "\n"
    lead  InnerDocComment 407..475 "//! Phase re-pinned resolve → parse …"
    lead  Whitespace 475..476 "\n"
    lead  InnerDocComment 476..544 "//! structure is lexical, so E0410 f…"
    lead  Whitespace 544..545 "\n"
    lead  InnerDocComment 545..615 "//! implementations now — the deepes…"
    lead  Whitespace 615..617 "\n\n"
Kw(Fn) 617..619 "fn"
    trail Whitespace 619..620 " "
Ident 620..624 "main"
Punct(LParen) 624..625 "("
Punct(RParen) 625..626 ")"
    trail Whitespace 626..627 " "
Punct(Arrow) 627..629 "->"
    trail Whitespace 629..630 " "
Punct(Not) 630..631 "!"
Ident 631..634 "int"
    trail Whitespace 634..635 " "
Punct(LBrace) 635..636 "{"
    lead  Whitespace 636..641 "\n    "
Kw(Let) 641..644 "let"
    trail Whitespace 644..645 " "
Ident 645..646 "x"
    trail Whitespace 646..647 " "
Punct(Eq) 647..648 "="
    trail Whitespace 648..649 " "
Int 649..650 "1"
Term 650..651 "\n"
    lead  Whitespace 651..655 "    "
Ident 655..656 "x"
    trail Whitespace 656..657 " "
Punct(Eq) 657..658 "="
    trail Whitespace 658..659 " "
Int 659..660 "2"
Term 660..661 "\n"
    lead  Whitespace 661..665 "    "
Int 665..666 "0"
Term 666..667 "\n"
Punct(RBrace) 667..668 "}"
Term 668..669 "\n"
Eof 669..669 ""
