---
source: crates/wolf_lex/tests/corpus_snapshots.rs
expression: lexed.dump(&bytes)
---
    lead  InnerDocComment 0..16 "//! member: true"
    lead  Whitespace 16..18 "\n\n"
Kw(Use) 18..21 "use"
    trail Whitespace 21..22 " "
Ident 22..27 "alpha"
Term 27..28 "\n"
    lead  Whitespace 28..29 "\n"
    lead  DocComment 29..94 "/// Counts down through `alpha.ping`…"
    lead  Whitespace 94..95 "\n"
Kw(Pub) 95..98 "pub"
    trail Whitespace 98..99 " "
Kw(Fn) 99..101 "fn"
    trail Whitespace 101..102 " "
Ident 102..106 "pong"
Punct(LParen) 106..107 "("
Ident 107..108 "n"
Punct(Colon) 108..109 ":"
    trail Whitespace 109..110 " "
Ident 110..113 "int"
Punct(RParen) 113..114 ")"
    trail Whitespace 114..115 " "
Punct(Arrow) 115..117 "->"
    trail Whitespace 117..118 " "
Ident 118..121 "int"
    trail Whitespace 121..122 " "
Punct(LBrace) 122..123 "{"
    lead  Whitespace 123..128 "\n    "
Kw(If) 128..130 "if"
    trail Whitespace 130..131 " "
Ident 131..132 "n"
    trail Whitespace 132..133 " "
Punct(EqEq) 133..135 "=="
    trail Whitespace 135..136 " "
Int 136..137 "0"
    trail Whitespace 137..138 " "
Punct(LBrace) 138..139 "{"
    trail Whitespace 139..140 " "
Int 140..141 "1"
    trail Whitespace 141..142 " "
Punct(RBrace) 142..143 "}"
    trail Whitespace 143..144 " "
Kw(Else) 144..148 "else"
    trail Whitespace 148..149 " "
Punct(LBrace) 149..150 "{"
    trail Whitespace 150..151 " "
Ident 151..156 "alpha"
Punct(Dot) 156..157 "."
Ident 157..161 "ping"
Punct(LParen) 161..162 "("
Ident 162..163 "n"
    trail Whitespace 163..164 " "
Punct(Minus) 164..165 "-"
    trail Whitespace 165..166 " "
Int 166..167 "1"
Punct(RParen) 167..168 ")"
    trail Whitespace 168..169 " "
Punct(RBrace) 169..170 "}"
Term 170..171 "\n"
Punct(RBrace) 171..172 "}"
Term 172..173 "\n"
Eof 173..173 ""
