---
source: crates/wolf_lex/tests/corpus_snapshots.rs
expression: lexed.dump(&bytes)
---
    lead  InnerDocComment 0..35 "//! check: run(exit=trap(overflow))"
    lead  Whitespace 35..36 "\n"
    lead  InnerDocComment 36..56 "//! phase: typecheck"
    lead  Whitespace 56..57 "\n"
    lead  InnerDocComment 57..116 "//! conforms: arith.checked, arith.w…"
    lead  Whitespace 116..117 "\n"
    lead  InnerDocComment 117..120 "//!"
    lead  Whitespace 120..121 "\n"
    lead  InnerDocComment 121..195 "//! Checked arithmetic in EVERY prof…"
    lead  Whitespace 195..196 "\n"
    lead  InnerDocComment 196..267 "//! deterministically — debug and re…"
    lead  Whitespace 267..268 "\n"
    lead  InnerDocComment 268..335 "//! two-behaviors trap, no C UB). In…"
    lead  Whitespace 335..336 "\n"
    lead  InnerDocComment 336..405 "//! wrapping types. This program tra…"
    lead  Whitespace 405..407 "\n\n"
Kw(Fn) 407..409 "fn"
    trail Whitespace 409..410 " "
Ident 410..414 "main"
Punct(LParen) 414..415 "("
Punct(RParen) 415..416 ")"
    trail Whitespace 416..417 " "
Punct(Arrow) 417..419 "->"
    trail Whitespace 419..420 " "
Punct(Not) 420..421 "!"
Ident 421..424 "int"
    trail Whitespace 424..425 " "
Punct(LBrace) 425..426 "{"
    lead  Whitespace 426..431 "\n    "
    lead  LineComment 431..463 "// wrapping is explicit and fine"
    lead  Whitespace 463..468 "\n    "
Kw(Var) 468..471 "var"
    trail Whitespace 471..472 " "
Ident 472..473 "h"
Punct(Colon) 473..474 ":"
    trail Whitespace 474..475 " "
Ident 475..483 "wrapping"
Punct(LBracket) 483..484 "["
Ident 484..487 "u32"
Punct(RBracket) 487..488 "]"
    trail Whitespace 488..489 " "
Punct(Eq) 489..490 "="
    trail Whitespace 490..491 " "
Int 491..501 "0x9e3779b9"
Term 501..502 "\n"
    lead  Whitespace 502..506 "    "
Kw(For) 506..509 "for"
    trail Whitespace 509..510 " "
Underscore 510..511 "_"
    trail Whitespace 511..512 " "
Kw(In) 512..514 "in"
    trail Whitespace 514..515 " "
Int 515..516 "0"
Punct(DotDot) 516..518 ".."
Int 518..519 "8"
    trail Whitespace 519..520 " "
Punct(LBrace) 520..521 "{"
    trail Whitespace 521..522 " "
Ident 522..523 "h"
    trail Whitespace 523..524 " "
Punct(Eq) 524..525 "="
    trail Whitespace 525..526 " "
Ident 526..527 "h"
    trail Whitespace 527..528 " "
Punct(Star) 528..529 "*"
    trail Whitespace 529..530 " "
Int 530..537 "1664525"
    trail Whitespace 537..538 " "
Punct(Plus) 538..539 "+"
    trail Whitespace 539..540 " "
Int 540..550 "1013904223"
    trail Whitespace 550..551 " "
Punct(RBrace) 551..552 "}"
Term 552..553 "\n"
    lead  Whitespace 553..558 "\n    "
    lead  LineComment 558..627 "// plain arithmetic is checked; this…"
    lead  Whitespace 627..632 "\n    "
Kw(Var) 632..635 "var"
    trail Whitespace 635..636 " "
Ident 636..637 "x"
Punct(Colon) 637..638 ":"
    trail Whitespace 638..639 " "
Ident 639..642 "i32"
    trail Whitespace 642..643 " "
Punct(Eq) 643..644 "="
    trail Whitespace 644..645 " "
Int 645..658 "2_147_483_647"
Term 658..659 "\n"
    lead  Whitespace 659..663 "    "
Ident 663..664 "x"
    trail Whitespace 664..665 " "
Punct(PlusEq) 665..667 "+="
    trail Whitespace 667..668 " "
Int 668..669 "1"
Term 669..670 "\n"
    lead  Whitespace 670..674 "    "
Int 674..675 "0"
    trail Whitespace 675..678 "   "
    trail LineComment 678..692 "// unreachable"
Term 692..693 "\n"
Punct(RBrace) 693..694 "}"
Term 694..695 "\n"
Eof 695..695 ""
