---
source: crates/wolf_lex/tests/corpus_snapshots.rs
expression: lexed.dump(&bytes)
---
    lead  InnerDocComment 0..75 "//! check: run(exit=0, stdout=\"10 0 …"
    lead  Whitespace 75..76 "\n"
    lead  InnerDocComment 76..90 "//! phase: run"
    lead  Whitespace 90..91 "\n"
    lead  InnerDocComment 91..158 "//! conforms: abi.layout.query, abi.…"
    lead  Whitespace 158..159 "\n"
    lead  InnerDocComment 159..162 "//!"
    lead  Whitespace 162..163 "\n"
    lead  InnerDocComment 163..229 "//! kw08 (K4): a packed struct\'s fie…"
    lead  Whitespace 229..230 "\n"
    lead  InnerDocComment 230..302 "//! `offset_of`, which every machine…"
    lead  Whitespace 302..303 "\n"
    lead  InnerDocComment 303..375 "//! which refuses a whole-aggregate …"
    lead  Whitespace 375..376 "\n"
    lead  InnerDocComment 376..445 "//! byte by byte at its fields\' offs…"
    lead  Whitespace 445..446 "\n"
    lead  InnerDocComment 446..518 "//! `lgdt` reads) and read back the …"
    lead  Whitespace 518..519 "\n"
    lead  InnerDocComment 519..563 "//! was E0817 and `offset_of` did no…"
    lead  Whitespace 563..565 "\n\n"
Kw(Import) 565..571 "import"
    trail Whitespace 571..572 " "
Ident 572..573 "c"
    trail Whitespace 573..574 " "
StrBegin(Plain) 574..575 "\""
StrFragment 575..583 "stdlib.h"
StrEnd { dedent: 0 } 583..584 "\""
Term 584..585 "\n"
    lead  Whitespace 585..586 "\n"
PoundBracket 586..588 "#["
Ident 588..592 "repr"
Punct(LParen) 592..593 "("
Ident 593..594 "c"
Punct(Comma) 594..595 ","
    trail Whitespace 595..596 " "
Ident 596..602 "packed"
Punct(RParen) 602..603 ")"
Punct(RBracket) 603..604 "]"
    lead  Whitespace 604..605 "\n"
Kw(Struct) 605..611 "struct"
    trail Whitespace 611..612 " "
Ident 612..616 "Gdtr"
    trail Whitespace 616..617 " "
Punct(LBrace) 617..618 "{"
    lead  Whitespace 618..623 "\n    "
Ident 623..628 "limit"
Punct(Colon) 628..629 ":"
    trail Whitespace 629..630 " "
Ident 630..633 "u16"
Punct(Comma) 633..634 ","
    lead  Whitespace 634..639 "\n    "
Ident 639..643 "base"
Punct(Colon) 643..644 ":"
    trail Whitespace 644..645 " "
Ident 645..648 "u64"
Punct(Comma) 648..649 ","
    lead  Whitespace 649..650 "\n"
Punct(RBrace) 650..651 "}"
Term 651..652 "\n"
    lead  Whitespace 652..653 "\n"
    lead  LineComment 653..704 "// The little-endian bytes of `v`, `…"
    lead  Whitespace 704..705 "\n"
Kw(Fn) 705..707 "fn"
    trail Whitespace 707..708 " "
Ident 708..716 "le_bytes"
Punct(LParen) 716..717 "("
Ident 717..718 "v"
Punct(Colon) 718..719 ":"
    trail Whitespace 719..720 " "
Ident 720..723 "int"
Punct(Comma) 723..724 ","
    trail Whitespace 724..725 " "
Ident 725..730 "width"
Punct(Colon) 730..731 ":"
    trail Whitespace 731..732 " "
Ident 732..735 "int"
Punct(RParen) 735..736 ")"
    trail Whitespace 736..737 " "
Punct(Arrow) 737..739 "->"
    trail Whitespace 739..740 " "
Ident 740..744 "List"
Punct(LBracket) 744..745 "["
Ident 745..748 "int"
Punct(RBracket) 748..749 "]"
    trail Whitespace 749..750 " "
Punct(LBrace) 750..751 "{"
    lead  Whitespace 751..756 "\n    "
Kw(Var) 756..759 "var"
    trail Whitespace 759..760 " "
Ident 760..763 "out"
    trail Whitespace 763..764 " "
Punct(Eq) 764..765 "="
    trail Whitespace 765..766 " "
Ident 766..770 "List"
Punct(LBracket) 770..771 "["
Ident 771..774 "int"
Punct(RBracket) 774..775 "]"
Punct(LParen) 775..776 "("
Punct(RParen) 776..777 ")"
Term 777..778 "\n"
    lead  Whitespace 778..782 "    "
Kw(Var) 782..785 "var"
    trail Whitespace 785..786 " "
Ident 786..787 "x"
    trail Whitespace 787..788 " "
Punct(Eq) 788..789 "="
    trail Whitespace 789..790 " "
Ident 790..791 "v"
Term 791..792 "\n"
    lead  Whitespace 792..796 "    "
Kw(Var) 796..799 "var"
    trail Whitespace 799..800 " "
Ident 800..801 "i"
    trail Whitespace 801..802 " "
Punct(Eq) 802..803 "="
    trail Whitespace 803..804 " "
Int 804..805 "0"
Term 805..806 "\n"
    lead  Whitespace 806..810 "    "
Kw(While) 810..815 "while"
    trail Whitespace 815..816 " "
Ident 816..817 "i"
    trail Whitespace 817..818 " "
Punct(Lt) 818..819 "<"
    trail Whitespace 819..820 " "
Ident 820..825 "width"
    trail Whitespace 825..826 " "
Punct(LBrace) 826..827 "{"
    lead  Whitespace 827..836 "\n        "
Punct(LParen) 836..837 "("
Kw(Mut) 837..840 "mut"
    trail Whitespace 840..841 " "
Ident 841..844 "out"
Punct(RParen) 844..845 ")"
Punct(Dot) 845..846 "."
Ident 846..850 "push"
Punct(LParen) 850..851 "("
Ident 851..852 "x"
    trail Whitespace 852..853 " "
Punct(Percent) 853..854 "%"
    trail Whitespace 854..855 " "
Int 855..858 "256"
Punct(RParen) 858..859 ")"
Term 859..860 "\n"
    lead  Whitespace 860..868 "        "
Ident 868..869 "x"
    trail Whitespace 869..870 " "
Punct(Eq) 870..871 "="
    trail Whitespace 871..872 " "
Ident 872..873 "x"
    trail Whitespace 873..874 " "
Punct(Slash) 874..875 "/"
    trail Whitespace 875..876 " "
Int 876..879 "256"
Term 879..880 "\n"
    lead  Whitespace 880..888 "        "
Ident 888..889 "i"
    trail Whitespace 889..890 " "
Punct(PlusEq) 890..892 "+="
    trail Whitespace 892..893 " "
Int 893..894 "1"
Term 894..895 "\n"
    lead  Whitespace 895..899 "    "
Punct(RBrace) 899..900 "}"
Term 900..901 "\n"
    lead  Whitespace 901..905 "    "
Ident 905..908 "out"
Term 908..909 "\n"
Punct(RBrace) 909..910 "}"
Term 910..911 "\n"
    lead  Whitespace 911..912 "\n"
Kw(Fn) 912..914 "fn"
    trail Whitespace 914..915 " "
Ident 915..919 "main"
Punct(LParen) 919..920 "("
Punct(RParen) 920..921 ")"
    trail Whitespace 921..922 " "
Punct(Arrow) 922..924 "->"
    trail Whitespace 924..925 " "
Ident 925..928 "int"
    trail Whitespace 928..929 " "
Punct(LBrace) 929..930 "{"
    lead  Whitespace 930..935 "\n    "
Kw(Const) 935..940 "const"
    trail Whitespace 940..941 " "
Ident 941..945 "SIZE"
    trail Whitespace 945..946 " "
Punct(Eq) 946..947 "="
    trail Whitespace 947..948 " "
Ident 948..955 "size_of"
Punct(LParen) 955..956 "("
Ident 956..960 "Gdtr"
Punct(RParen) 960..961 ")"
Term 961..962 "\n"
    lead  Whitespace 962..966 "    "
Kw(Const) 966..971 "const"
    trail Whitespace 971..972 " "
Ident 972..977 "LIMIT"
    trail Whitespace 977..978 " "
Punct(Eq) 978..979 "="
    trail Whitespace 979..980 " "
Ident 980..989 "offset_of"
Punct(LParen) 989..990 "("
Ident 990..994 "Gdtr"
Punct(Comma) 994..995 ","
    trail Whitespace 995..996 " "
Ident 996..1001 "limit"
Punct(RParen) 1001..1002 ")"
Term 1002..1003 "\n"
    lead  Whitespace 1003..1007 "    "
Kw(Const) 1007..1012 "const"
    trail Whitespace 1012..1013 " "
Ident 1013..1017 "BASE"
    trail Whitespace 1017..1018 " "
Punct(Eq) 1018..1019 "="
    trail Whitespace 1019..1020 " "
Ident 1020..1029 "offset_of"
Punct(LParen) 1029..1030 "("
Ident 1030..1034 "Gdtr"
Punct(Comma) 1034..1035 ","
    trail Whitespace 1035..1036 " "
Ident 1036..1040 "base"
Punct(RParen) 1040..1041 ")"
Term 1041..1042 "\n"
    lead  Whitespace 1042..1046 "    "
Ident 1046..1051 "print"
Punct(LParen) 1051..1052 "("
StrBegin(Plain) 1052..1053 "\""
InterpOpen 1053..1054 "{"
Ident 1054..1058 "SIZE"
InterpClose 1058..1059 "}"
StrFragment 1059..1060 " "
InterpOpen 1060..1061 "{"
Ident 1061..1066 "LIMIT"
InterpClose 1066..1067 "}"
StrFragment 1067..1068 " "
InterpOpen 1068..1069 "{"
Ident 1069..1073 "BASE"
InterpClose 1073..1074 "}"
StrEnd { dedent: 0 } 1074..1075 "\""
Punct(RParen) 1075..1076 ")"
Term 1076..1077 "\n"
    lead  Whitespace 1077..1081 "    "
    lead  LineComment 1081..1149 "// # Safety: 16 zeroed bytes from ca…"
    lead  Whitespace 1149..1154 "\n    "
    lead  LineComment 1154..1187 "// struct\'s 10 bytes; freed once."
    lead  Whitespace 1187..1192 "\n    "
Kw(Unsafe) 1192..1198 "unsafe"
    trail Whitespace 1198..1199 " "
Punct(LBrace) 1199..1200 "{"
    lead  Whitespace 1200..1209 "\n        "
Kw(Let) 1209..1212 "let"
    trail Whitespace 1212..1213 " "
Ident 1213..1214 "q"
    trail Whitespace 1214..1215 " "
Punct(Eq) 1215..1216 "="
    trail Whitespace 1216..1217 " "
Ident 1217..1218 "c"
Punct(Dot) 1218..1219 "."
Ident 1219..1225 "calloc"
Punct(LParen) 1225..1226 "("
Int 1226..1227 "1"
Punct(Comma) 1227..1228 ","
    trail Whitespace 1228..1229 " "
Int 1229..1231 "16"
Punct(RParen) 1231..1232 ")"
    trail Whitespace 1232..1233 " "
Kw(As) 1233..1235 "as"
    trail Whitespace 1235..1236 " "
Punct(Star) 1236..1237 "*"
Ident 1237..1239 "u8"
Term 1239..1240 "\n"
    lead  Whitespace 1240..1248 "        "
Kw(Var) 1248..1251 "var"
    trail Whitespace 1251..1252 " "
Ident 1252..1253 "k"
    trail Whitespace 1253..1254 " "
Punct(Eq) 1254..1255 "="
    trail Whitespace 1255..1256 " "
Int 1256..1257 "0"
Term 1257..1258 "\n"
    lead  Whitespace 1258..1266 "        "
Kw(For) 1266..1269 "for"
    trail Whitespace 1269..1270 " "
Ident 1270..1271 "b"
    trail Whitespace 1271..1272 " "
Kw(In) 1272..1274 "in"
    trail Whitespace 1274..1275 " "
Ident 1275..1283 "le_bytes"
Punct(LParen) 1283..1284 "("
Int 1284..1287 "255"
Punct(Comma) 1287..1288 ","
    trail Whitespace 1288..1289 " "
Int 1289..1290 "2"
Punct(RParen) 1290..1291 ")"
    trail Whitespace 1291..1292 " "
Punct(LBrace) 1292..1293 "{"
    lead  Whitespace 1293..1306 "\n            "
Ident 1306..1307 "q"
Punct(LBracket) 1307..1308 "["
Ident 1308..1313 "LIMIT"
    trail Whitespace 1313..1314 " "
Punct(Plus) 1314..1315 "+"
    trail Whitespace 1315..1316 " "
Ident 1316..1317 "k"
Punct(RBracket) 1317..1318 "]"
    trail Whitespace 1318..1319 " "
Punct(Eq) 1319..1320 "="
    trail Whitespace 1320..1321 " "
Ident 1321..1322 "b"
    trail Whitespace 1322..1323 " "
Kw(As) 1323..1325 "as"
    trail Whitespace 1325..1326 " "
Ident 1326..1328 "u8"
Term 1328..1329 "\n"
    lead  Whitespace 1329..1341 "            "
Ident 1341..1342 "k"
    trail Whitespace 1342..1343 " "
Punct(PlusEq) 1343..1345 "+="
    trail Whitespace 1345..1346 " "
Int 1346..1347 "1"
Term 1347..1348 "\n"
    lead  Whitespace 1348..1356 "        "
Punct(RBrace) 1356..1357 "}"
Term 1357..1358 "\n"
    lead  Whitespace 1358..1366 "        "
Ident 1366..1367 "k"
    trail Whitespace 1367..1368 " "
Punct(Eq) 1368..1369 "="
    trail Whitespace 1369..1370 " "
Int 1370..1371 "0"
Term 1371..1372 "\n"
    lead  Whitespace 1372..1380 "        "
Kw(For) 1380..1383 "for"
    trail Whitespace 1383..1384 " "
Ident 1384..1385 "b"
    trail Whitespace 1385..1386 " "
Kw(In) 1386..1388 "in"
    trail Whitespace 1388..1389 " "
Ident 1389..1397 "le_bytes"
Punct(LParen) 1397..1398 "("
Int 1398..1402 "4096"
Punct(Comma) 1402..1403 ","
    trail Whitespace 1403..1404 " "
Int 1404..1405 "8"
Punct(RParen) 1405..1406 ")"
    trail Whitespace 1406..1407 " "
Punct(LBrace) 1407..1408 "{"
    lead  Whitespace 1408..1421 "\n            "
Ident 1421..1422 "q"
Punct(LBracket) 1422..1423 "["
Ident 1423..1427 "BASE"
    trail Whitespace 1427..1428 " "
Punct(Plus) 1428..1429 "+"
    trail Whitespace 1429..1430 " "
Ident 1430..1431 "k"
Punct(RBracket) 1431..1432 "]"
    trail Whitespace 1432..1433 " "
Punct(Eq) 1433..1434 "="
    trail Whitespace 1434..1435 " "
Ident 1435..1436 "b"
    trail Whitespace 1436..1437 " "
Kw(As) 1437..1439 "as"
    trail Whitespace 1439..1440 " "
Ident 1440..1442 "u8"
Term 1442..1443 "\n"
    lead  Whitespace 1443..1455 "            "
Ident 1455..1456 "k"
    trail Whitespace 1456..1457 " "
Punct(PlusEq) 1457..1459 "+="
    trail Whitespace 1459..1460 " "
Int 1460..1461 "1"
Term 1461..1462 "\n"
    lead  Whitespace 1462..1470 "        "
Punct(RBrace) 1470..1471 "}"
Term 1471..1472 "\n"
    lead  Whitespace 1472..1480 "        "
Kw(Var) 1480..1483 "var"
    trail Whitespace 1483..1484 " "
Ident 1484..1485 "s"
    trail Whitespace 1485..1486 " "
Punct(Eq) 1486..1487 "="
    trail Whitespace 1487..1488 " "
StrBegin(Plain) 1488..1489 "\""
StrEnd { dedent: 0 } 1489..1490 "\""
Term 1490..1491 "\n"
    lead  Whitespace 1491..1499 "        "
Kw(Var) 1499..1502 "var"
    trail Whitespace 1502..1503 " "
Ident 1503..1504 "i"
    trail Whitespace 1504..1505 " "
Punct(Eq) 1505..1506 "="
    trail Whitespace 1506..1507 " "
Int 1507..1508 "0"
Term 1508..1509 "\n"
    lead  Whitespace 1509..1517 "        "
Kw(While) 1517..1522 "while"
    trail Whitespace 1522..1523 " "
Ident 1523..1524 "i"
    trail Whitespace 1524..1525 " "
Punct(Lt) 1525..1526 "<"
    trail Whitespace 1526..1527 " "
Ident 1527..1531 "SIZE"
    trail Whitespace 1531..1532 " "
Punct(LBrace) 1532..1533 "{"
    lead  Whitespace 1533..1546 "\n            "
Kw(If) 1546..1548 "if"
    trail Whitespace 1548..1549 " "
Ident 1549..1550 "i"
    trail Whitespace 1550..1551 " "
Punct(Gt) 1551..1552 ">"
    trail Whitespace 1552..1553 " "
Int 1553..1554 "0"
    trail Whitespace 1554..1555 " "
Punct(LBrace) 1555..1556 "{"
    lead  Whitespace 1556..1573 "\n                "
Ident 1573..1574 "s"
    trail Whitespace 1574..1575 " "
Punct(Eq) 1575..1576 "="
    trail Whitespace 1576..1577 " "
Ident 1577..1578 "s"
    trail Whitespace 1578..1579 " "
Punct(Plus) 1579..1580 "+"
    trail Whitespace 1580..1581 " "
StrBegin(Plain) 1581..1582 "\""
StrFragment 1582..1583 " "
StrEnd { dedent: 0 } 1583..1584 "\""
Term 1584..1585 "\n"
    lead  Whitespace 1585..1597 "            "
Punct(RBrace) 1597..1598 "}"
Term 1598..1599 "\n"
    lead  Whitespace 1599..1611 "            "
Ident 1611..1612 "s"
    trail Whitespace 1612..1613 " "
Punct(Eq) 1613..1614 "="
    trail Whitespace 1614..1615 " "
Ident 1615..1616 "s"
    trail Whitespace 1616..1617 " "
Punct(Plus) 1617..1618 "+"
    trail Whitespace 1618..1619 " "
StrBegin(Plain) 1619..1620 "\""
InterpOpen 1620..1621 "{"
Ident 1621..1622 "q"
Punct(LBracket) 1622..1623 "["
Ident 1623..1624 "i"
Punct(RBracket) 1624..1625 "]"
    trail Whitespace 1625..1626 " "
Kw(As) 1626..1628 "as"
    trail Whitespace 1628..1629 " "
Ident 1629..1632 "int"
InterpClose 1632..1633 "}"
StrEnd { dedent: 0 } 1633..1634 "\""
Term 1634..1635 "\n"
    lead  Whitespace 1635..1647 "            "
Ident 1647..1648 "i"
    trail Whitespace 1648..1649 " "
Punct(PlusEq) 1649..1651 "+="
    trail Whitespace 1651..1652 " "
Int 1652..1653 "1"
Term 1653..1654 "\n"
    lead  Whitespace 1654..1662 "        "
Punct(RBrace) 1662..1663 "}"
Term 1663..1664 "\n"
    lead  Whitespace 1664..1672 "        "
Ident 1672..1677 "print"
Punct(LParen) 1677..1678 "("
Ident 1678..1679 "s"
Punct(RParen) 1679..1680 ")"
Term 1680..1681 "\n"
    lead  Whitespace 1681..1689 "        "
Kw(Var) 1689..1692 "var"
    trail Whitespace 1692..1693 " "
Ident 1693..1698 "limit"
    trail Whitespace 1698..1699 " "
Punct(Eq) 1699..1700 "="
    trail Whitespace 1700..1701 " "
Int 1701..1702 "0"
Term 1702..1703 "\n"
    lead  Whitespace 1703..1711 "        "
Kw(Var) 1711..1714 "var"
    trail Whitespace 1714..1715 " "
Ident 1715..1719 "base"
    trail Whitespace 1719..1720 " "
Punct(Eq) 1720..1721 "="
    trail Whitespace 1721..1722 " "
Int 1722..1723 "0"
Term 1723..1724 "\n"
    lead  Whitespace 1724..1732 "        "
Ident 1732..1733 "k"
    trail Whitespace 1733..1734 " "
Punct(Eq) 1734..1735 "="
    trail Whitespace 1735..1736 " "
Int 1736..1737 "2"
Term 1737..1738 "\n"
    lead  Whitespace 1738..1746 "        "
Kw(While) 1746..1751 "while"
    trail Whitespace 1751..1752 " "
Ident 1752..1753 "k"
    trail Whitespace 1753..1754 " "
Punct(Gt) 1754..1755 ">"
    trail Whitespace 1755..1756 " "
Int 1756..1757 "0"
    trail Whitespace 1757..1758 " "
Punct(LBrace) 1758..1759 "{"
    lead  Whitespace 1759..1772 "\n            "
Ident 1772..1773 "k"
    trail Whitespace 1773..1774 " "
Punct(MinusEq) 1774..1776 "-="
    trail Whitespace 1776..1777 " "
Int 1777..1778 "1"
Term 1778..1779 "\n"
    lead  Whitespace 1779..1791 "            "
Ident 1791..1796 "limit"
    trail Whitespace 1796..1797 " "
Punct(Eq) 1797..1798 "="
    trail Whitespace 1798..1799 " "
Ident 1799..1804 "limit"
    trail Whitespace 1804..1805 " "
Punct(Star) 1805..1806 "*"
    trail Whitespace 1806..1807 " "
Int 1807..1810 "256"
    trail Whitespace 1810..1811 " "
Punct(Plus) 1811..1812 "+"
    trail Whitespace 1812..1813 " "
Ident 1813..1814 "q"
Punct(LBracket) 1814..1815 "["
Ident 1815..1820 "LIMIT"
    trail Whitespace 1820..1821 " "
Punct(Plus) 1821..1822 "+"
    trail Whitespace 1822..1823 " "
Ident 1823..1824 "k"
Punct(RBracket) 1824..1825 "]"
    trail Whitespace 1825..1826 " "
Kw(As) 1826..1828 "as"
    trail Whitespace 1828..1829 " "
Ident 1829..1832 "int"
Term 1832..1833 "\n"
    lead  Whitespace 1833..1841 "        "
Punct(RBrace) 1841..1842 "}"
Term 1842..1843 "\n"
    lead  Whitespace 1843..1851 "        "
Ident 1851..1852 "k"
    trail Whitespace 1852..1853 " "
Punct(Eq) 1853..1854 "="
    trail Whitespace 1854..1855 " "
Int 1855..1856 "8"
Term 1856..1857 "\n"
    lead  Whitespace 1857..1865 "        "
Kw(While) 1865..1870 "while"
    trail Whitespace 1870..1871 " "
Ident 1871..1872 "k"
    trail Whitespace 1872..1873 " "
Punct(Gt) 1873..1874 ">"
    trail Whitespace 1874..1875 " "
Int 1875..1876 "0"
    trail Whitespace 1876..1877 " "
Punct(LBrace) 1877..1878 "{"
    lead  Whitespace 1878..1891 "\n            "
Ident 1891..1892 "k"
    trail Whitespace 1892..1893 " "
Punct(MinusEq) 1893..1895 "-="
    trail Whitespace 1895..1896 " "
Int 1896..1897 "1"
Term 1897..1898 "\n"
    lead  Whitespace 1898..1910 "            "
Ident 1910..1914 "base"
    trail Whitespace 1914..1915 " "
Punct(Eq) 1915..1916 "="
    trail Whitespace 1916..1917 " "
Ident 1917..1921 "base"
    trail Whitespace 1921..1922 " "
Punct(Star) 1922..1923 "*"
    trail Whitespace 1923..1924 " "
Int 1924..1927 "256"
    trail Whitespace 1927..1928 " "
Punct(Plus) 1928..1929 "+"
    trail Whitespace 1929..1930 " "
Ident 1930..1931 "q"
Punct(LBracket) 1931..1932 "["
Ident 1932..1936 "BASE"
    trail Whitespace 1936..1937 " "
Punct(Plus) 1937..1938 "+"
    trail Whitespace 1938..1939 " "
Ident 1939..1940 "k"
Punct(RBracket) 1940..1941 "]"
    trail Whitespace 1941..1942 " "
Kw(As) 1942..1944 "as"
    trail Whitespace 1944..1945 " "
Ident 1945..1948 "int"
Term 1948..1949 "\n"
    lead  Whitespace 1949..1957 "        "
Punct(RBrace) 1957..1958 "}"
Term 1958..1959 "\n"
    lead  Whitespace 1959..1967 "        "
Ident 1967..1972 "print"
Punct(LParen) 1972..1973 "("
StrBegin(Plain) 1973..1974 "\""
InterpOpen 1974..1975 "{"
Ident 1975..1980 "limit"
InterpClose 1980..1981 "}"
StrFragment 1981..1982 " "
InterpOpen 1982..1983 "{"
Ident 1983..1987 "base"
InterpClose 1987..1988 "}"
StrEnd { dedent: 0 } 1988..1989 "\""
Punct(RParen) 1989..1990 ")"
Term 1990..1991 "\n"
    lead  Whitespace 1991..1999 "        "
Ident 1999..2000 "c"
Punct(Dot) 2000..2001 "."
Ident 2001..2005 "free"
Punct(LParen) 2005..2006 "("
Ident 2006..2007 "q"
Punct(RParen) 2007..2008 ")"
Term 2008..2009 "\n"
    lead  Whitespace 2009..2013 "    "
Punct(RBrace) 2013..2014 "}"
Term 2014..2015 "\n"
    lead  Whitespace 2015..2019 "    "
Int 2019..2020 "0"
Term 2020..2021 "\n"
Punct(RBrace) 2021..2022 "}"
Term 2022..2023 "\n"
Eof 2023..2023 ""
