---
source: crates/wolf_lex/tests/corpus_snapshots.rs
expression: lexed.dump(&bytes)
---
    lead  InnerDocComment 0..59 "//! check: run(exit=0, stdout=\"z=0 b…"
    lead  Whitespace 59..60 "\n"
    lead  InnerDocComment 60..74 "//! phase: run"
    lead  Whitespace 74..75 "\n"
    lead  InnerDocComment 75..103 "//! conforms: os.random.fill"
    lead  Whitespace 103..104 "\n"
    lead  InnerDocComment 104..107 "//!"
    lead  Whitespace 107..108 "\n"
    lead  InnerDocComment 108..176 "//! The OS random source (s118, wolf…"
    lead  Whitespace 176..177 "\n"
    lead  InnerDocComment 177..246 "//! `os_random(0)` is a valid reques…"
    lead  Whitespace 246..247 "\n"
    lead  InnerDocComment 247..315 "//! never a trap and never a row ([o…"
    lead  Whitespace 315..316 "\n"
    lead  InnerDocComment 316..382 "//! (64 KiB — far past the 256-byte …"
    lead  Whitespace 382..383 "\n"
    lead  InnerDocComment 383..451 "//! no-interrupt window and getentro…"
    lead  Whitespace 451..452 "\n"
    lead  InnerDocComment 452..523 "//! length exactly n and every eleme…"
    lead  Whitespace 523..524 "\n"
    lead  InnerDocComment 524..590 "//! the short-read/chunk boundary, t…"
    lead  Whitespace 590..591 "\n"
    lead  InnerDocComment 591..660 "//! answer. Both properties are dete…"
    lead  Whitespace 660..661 "\n"
    lead  InnerDocComment 661..732 "//! nothing here samples the DISTRIB…"
    lead  Whitespace 732..733 "\n"
    lead  InnerDocComment 733..773 "//! research instrument, not a witne…"
    lead  Whitespace 773..775 "\n\n"
Kw(Fn) 775..777 "fn"
    trail Whitespace 777..778 " "
Ident 778..782 "main"
Punct(LParen) 782..783 "("
Punct(RParen) 783..784 ")"
    trail Whitespace 784..785 " "
Punct(Arrow) 785..787 "->"
    trail Whitespace 787..788 " "
Punct(Not) 788..789 "!"
Ident 789..792 "int"
    trail Whitespace 792..793 " "
Punct(LBrace) 793..794 "{"
    lead  Whitespace 794..799 "\n    "
Kw(Let) 799..802 "let"
    trail Whitespace 802..803 " "
Ident 803..804 "z"
    trail Whitespace 804..805 " "
Punct(Eq) 805..806 "="
    trail Whitespace 806..807 " "
Ident 807..816 "os_random"
Punct(LParen) 816..817 "("
Int 817..818 "0"
Punct(RParen) 818..819 ")"
Term 819..820 "\n"
    lead  Whitespace 820..824 "    "
Kw(Let) 824..827 "let"
    trail Whitespace 827..828 " "
Ident 828..831 "big"
    trail Whitespace 831..832 " "
Punct(Eq) 832..833 "="
    trail Whitespace 833..834 " "
Ident 834..843 "os_random"
Punct(LParen) 843..844 "("
Int 844..849 "65536"
Punct(RParen) 849..850 ")"
Term 850..851 "\n"
    lead  Whitespace 851..855 "    "
Kw(Var) 855..858 "var"
    trail Whitespace 858..859 " "
Ident 859..864 "range"
    trail Whitespace 864..865 " "
Punct(Eq) 865..866 "="
    trail Whitespace 866..867 " "
Kw(True) 867..871 "true"
Term 871..872 "\n"
    lead  Whitespace 872..876 "    "
Kw(For) 876..879 "for"
    trail Whitespace 879..880 " "
Ident 880..881 "x"
    trail Whitespace 881..882 " "
Kw(In) 882..884 "in"
    trail Whitespace 884..885 " "
Ident 885..888 "big"
    trail Whitespace 888..889 " "
Punct(LBrace) 889..890 "{"
    lead  Whitespace 890..899 "\n        "
Kw(If) 899..901 "if"
    trail Whitespace 901..902 " "
Ident 902..903 "x"
    trail Whitespace 903..904 " "
Punct(Lt) 904..905 "<"
    trail Whitespace 905..906 " "
Int 906..907 "0"
    trail Whitespace 907..908 " "
Punct(PipePipe) 908..910 "||"
    trail Whitespace 910..911 " "
Ident 911..912 "x"
    trail Whitespace 912..913 " "
Punct(Gt) 913..914 ">"
    trail Whitespace 914..915 " "
Int 915..918 "255"
    trail Whitespace 918..919 " "
Punct(LBrace) 919..920 "{"
    trail Whitespace 920..921 " "
Ident 921..926 "range"
    trail Whitespace 926..927 " "
Punct(Eq) 927..928 "="
    trail Whitespace 928..929 " "
Kw(False) 929..934 "false"
    trail Whitespace 934..935 " "
Punct(RBrace) 935..936 "}"
Term 936..937 "\n"
    lead  Whitespace 937..941 "    "
Punct(RBrace) 941..942 "}"
Term 942..943 "\n"
    lead  Whitespace 943..947 "    "
Ident 947..952 "print"
Punct(LParen) 952..953 "("
StrBegin(Plain) 953..954 "\""
StrFragment 954..956 "z="
InterpOpen 956..957 "{"
Ident 957..958 "z"
Punct(Dot) 958..959 "."
Ident 959..962 "len"
InterpClose 962..963 "}"
StrFragment 963..968 " big="
InterpOpen 968..969 "{"
Ident 969..972 "big"
Punct(Dot) 972..973 "."
Ident 973..976 "len"
InterpClose 976..977 "}"
StrFragment 977..984 " range="
InterpOpen 984..985 "{"
Ident 985..990 "range"
InterpClose 990..991 "}"
StrEnd { dedent: 0 } 991..992 "\""
Punct(RParen) 992..993 ")"
Term 993..994 "\n"
    lead  Whitespace 994..998 "    "
Int 998..999 "0"
Term 999..1000 "\n"
Punct(RBrace) 1000..1001 "}"
Term 1001..1002 "\n"
Eof 1002..1002 ""
