---
source: crates/wolf_lex/tests/corpus_snapshots.rs
expression: lexed.dump(&bytes)
---
    lead  InnerDocComment 0..22 "//! check: fail(E1001)"
    lead  Whitespace 22..23 "\n"
    lead  InnerDocComment 23..43 "//! phase: typecheck"
    lead  Whitespace 43..44 "\n"
    lead  InnerDocComment 44..74 "//! conforms: mem.tier0.move.2"
    lead  Whitespace 74..75 "\n"
    lead  InnerDocComment 75..139 "//! Use of a moved-from place is a c…"
    lead  Whitespace 139..140 "\n"
    lead  InnerDocComment 140..207 "//! use-after-move trap in the inter…"
    lead  Whitespace 207..208 "\n"
    lead  InnerDocComment 208..281 "//! s18 note: the body sheds its `Li…"
    lead  Whitespace 281..282 "\n"
    lead  InnerDocComment 282..353 "//! are s05\'s std surface, and this …"
    lead  Whitespace 353..354 "\n"
    lead  InnerDocComment 354..424 "//! them. The shape (take-consume, t…"
    lead  Whitespace 424..426 "\n\n"
Kw(Struct) 426..432 "struct"
    trail Whitespace 432..433 " "
Ident 433..436 "Big"
    trail Whitespace 436..437 " "
Punct(LBrace) 437..438 "{"
    trail Whitespace 438..439 " "
Ident 439..443 "data"
Punct(Colon) 443..444 ":"
    trail Whitespace 444..445 " "
Ident 445..448 "int"
    trail Whitespace 448..449 " "
Punct(RBrace) 449..450 "}"
Term 450..451 "\n"
    lead  Whitespace 451..452 "\n"
Kw(Fn) 452..454 "fn"
    trail Whitespace 454..455 " "
Ident 455..462 "consume"
Punct(LParen) 462..463 "("
Kw(Take) 463..467 "take"
    trail Whitespace 467..468 " "
Ident 468..469 "b"
Punct(Colon) 469..470 ":"
    trail Whitespace 470..471 " "
Ident 471..474 "Big"
Punct(RParen) 474..475 ")"
    trail Whitespace 475..476 " "
Punct(Arrow) 476..478 "->"
    trail Whitespace 478..479 " "
Ident 479..482 "int"
    trail Whitespace 482..483 " "
Punct(LBrace) 483..484 "{"
    trail Whitespace 484..485 " "
Ident 485..486 "b"
Punct(Dot) 486..487 "."
Ident 487..491 "data"
    trail Whitespace 491..492 " "
Punct(RBrace) 492..493 "}"
Term 493..494 "\n"
    lead  Whitespace 494..495 "\n"
Kw(Fn) 495..497 "fn"
    trail Whitespace 497..498 " "
Ident 498..502 "main"
Punct(LParen) 502..503 "("
Punct(RParen) 503..504 ")"
    trail Whitespace 504..505 " "
Punct(Arrow) 505..507 "->"
    trail Whitespace 507..508 " "
Punct(Not) 508..509 "!"
Ident 509..512 "int"
    trail Whitespace 512..513 " "
Punct(LBrace) 513..514 "{"
    lead  Whitespace 514..519 "\n    "
Kw(Let) 519..522 "let"
    trail Whitespace 522..523 " "
Ident 523..524 "b"
    trail Whitespace 524..525 " "
Punct(Eq) 525..526 "="
    trail Whitespace 526..527 " "
Ident 527..530 "Big"
    trail Whitespace 530..531 " "
Punct(LBrace) 531..532 "{"
    trail Whitespace 532..533 " "
Ident 533..537 "data"
Punct(Colon) 537..538 ":"
    trail Whitespace 538..539 " "
Int 539..540 "2"
    trail Whitespace 540..541 " "
Punct(RBrace) 541..542 "}"
Term 542..543 "\n"
    lead  Whitespace 543..547 "    "
Kw(Let) 547..550 "let"
    trail Whitespace 550..551 " "
Ident 551..552 "n"
    trail Whitespace 552..553 " "
Punct(Eq) 553..554 "="
    trail Whitespace 554..555 " "
Ident 555..562 "consume"
Punct(LParen) 562..563 "("
Kw(Take) 563..567 "take"
    trail Whitespace 567..568 " "
Ident 568..569 "b"
Punct(RParen) 569..570 ")"
Term 570..571 "\n"
    lead  Whitespace 571..575 "    "
Kw(Let) 575..578 "let"
    trail Whitespace 578..579 " "
Ident 579..580 "m"
    trail Whitespace 580..581 " "
Punct(Eq) 581..582 "="
    trail Whitespace 582..583 " "
Ident 583..584 "b"
Punct(Dot) 584..585 "."
Ident 585..589 "data"
    trail Whitespace 589..606 "                 "
    trail LineComment 606..633 "// ERROR E1001: b was moved"
Term 633..634 "\n"
    lead  Whitespace 634..638 "    "
Ident 638..639 "n"
    trail Whitespace 639..640 " "
Punct(Plus) 640..641 "+"
    trail Whitespace 641..642 " "
Ident 642..643 "m"
Term 643..644 "\n"
Punct(RBrace) 644..645 "}"
Term 645..646 "\n"
Eof 646..646 ""
