---
source: crates/wolf_lex/tests/corpus_snapshots.rs
expression: lexed.dump(&bytes)
---
    lead  InnerDocComment 0..50 "//! check: run(exit=0, stdout=\"300 4…"
    lead  Whitespace 50..51 "\n"
    lead  InnerDocComment 51..65 "//! phase: run"
    lead  Whitespace 65..66 "\n"
    lead  InnerDocComment 66..94 "//! conforms: arith.wrapping"
    lead  Whitespace 94..95 "\n"
    lead  InnerDocComment 95..98 "//!"
    lead  Whitespace 98..99 "\n"
    lead  InnerDocComment 99..171 "//! `int as wrapping[u32]` — the nar…"
    lead  Whitespace 171..172 "\n"
    lead  InnerDocComment 172..242 "//! mask-to-width is the family\'s me…"
    lead  Whitespace 242..243 "\n"
    lead  InnerDocComment 243..311 "//! the native rung), the committed …"
    lead  Whitespace 311..312 "\n"
    lead  InnerDocComment 312..379 "//! extension. The general narrowing…"
    lead  Whitespace 379..380 "\n"
    lead  InnerDocComment 380..448 "//! question; a wrapping target does…"
    lead  Whitespace 448..449 "\n"
    lead  InnerDocComment 449..517 "//! directions: a value in range (30…"
    lead  Whitespace 517..518 "\n"
    lead  InnerDocComment 518..587 "//! mask (0x1_0000_002c wraps to 44)…"
    lead  Whitespace 587..588 "\n"
    lead  InnerDocComment 588..657 "//! 0xffffffff — reading back throug…"
    lead  Whitespace 657..659 "\n\n"
Kw(Fn) 659..661 "fn"
    trail Whitespace 661..662 " "
Ident 662..666 "main"
Punct(LParen) 666..667 "("
Punct(RParen) 667..668 ")"
    trail Whitespace 668..669 " "
Punct(Arrow) 669..671 "->"
    trail Whitespace 671..672 " "
Ident 672..675 "int"
    trail Whitespace 675..676 " "
Punct(LBrace) 676..677 "{"
    lead  Whitespace 677..682 "\n    "
Kw(Let) 682..685 "let"
    trail Whitespace 685..686 " "
Ident 686..687 "a"
Punct(Colon) 687..688 ":"
    trail Whitespace 688..689 " "
Ident 689..692 "int"
    trail Whitespace 692..693 " "
Punct(Eq) 693..694 "="
    trail Whitespace 694..695 " "
Int 695..698 "300"
Term 698..699 "\n"
    lead  Whitespace 699..703 "    "
Kw(Let) 703..706 "let"
    trail Whitespace 706..707 " "
Ident 707..715 "in_range"
    trail Whitespace 715..716 " "
Punct(Eq) 716..717 "="
    trail Whitespace 717..718 " "
Ident 718..719 "a"
    trail Whitespace 719..720 " "
Kw(As) 720..722 "as"
    trail Whitespace 722..723 " "
Ident 723..731 "wrapping"
Punct(LBracket) 731..732 "["
Ident 732..735 "u32"
Punct(RBracket) 735..736 "]"
    trail Whitespace 736..737 " "
Kw(As) 737..739 "as"
    trail Whitespace 739..740 " "
Ident 740..743 "int"
Term 743..744 "\n"
    lead  Whitespace 744..748 "    "
Kw(Let) 748..751 "let"
    trail Whitespace 751..752 " "
Ident 752..755 "big"
Punct(Colon) 755..756 ":"
    trail Whitespace 756..757 " "
Ident 757..760 "int"
    trail Whitespace 760..761 " "
Punct(Eq) 761..762 "="
    trail Whitespace 762..763 " "
Int 763..776 "0x1_0000_002c"
Term 776..777 "\n"
    lead  Whitespace 777..781 "    "
Kw(Let) 781..784 "let"
    trail Whitespace 784..785 " "
Ident 785..791 "masked"
    trail Whitespace 791..792 " "
Punct(Eq) 792..793 "="
    trail Whitespace 793..794 " "
Ident 794..797 "big"
    trail Whitespace 797..798 " "
Kw(As) 798..800 "as"
    trail Whitespace 800..801 " "
Ident 801..809 "wrapping"
Punct(LBracket) 809..810 "["
Ident 810..813 "u32"
Punct(RBracket) 813..814 "]"
    trail Whitespace 814..815 " "
Kw(As) 815..817 "as"
    trail Whitespace 817..818 " "
Ident 818..821 "int"
Term 821..822 "\n"
    lead  Whitespace 822..826 "    "
Kw(Let) 826..829 "let"
    trail Whitespace 829..830 " "
Ident 830..833 "neg"
Punct(Colon) 833..834 ":"
    trail Whitespace 834..835 " "
Ident 835..838 "int"
    trail Whitespace 838..839 " "
Punct(Eq) 839..840 "="
    trail Whitespace 840..841 " "
Int 841..842 "0"
    trail Whitespace 842..843 " "
Punct(Minus) 843..844 "-"
    trail Whitespace 844..845 " "
Int 845..846 "1"
Term 846..847 "\n"
    lead  Whitespace 847..851 "    "
Kw(Let) 851..854 "let"
    trail Whitespace 854..855 " "
Ident 855..859 "bits"
    trail Whitespace 859..860 " "
Punct(Eq) 860..861 "="
    trail Whitespace 861..862 " "
Ident 862..865 "neg"
    trail Whitespace 865..866 " "
Kw(As) 866..868 "as"
    trail Whitespace 868..869 " "
Ident 869..877 "wrapping"
Punct(LBracket) 877..878 "["
Ident 878..881 "u32"
Punct(RBracket) 881..882 "]"
    trail Whitespace 882..883 " "
Kw(As) 883..885 "as"
    trail Whitespace 885..886 " "
Ident 886..889 "int"
Term 889..890 "\n"
    lead  Whitespace 890..894 "    "
Ident 894..899 "print"
Punct(LParen) 899..900 "("
StrBegin(Plain) 900..901 "\""
InterpOpen 901..902 "{"
Ident 902..910 "in_range"
InterpClose 910..911 "}"
StrFragment 911..912 " "
InterpOpen 912..913 "{"
Ident 913..919 "masked"
InterpClose 919..920 "}"
StrFragment 920..921 " "
InterpOpen 921..922 "{"
Ident 922..926 "bits"
InterpClose 926..927 "}"
StrEnd { dedent: 0 } 927..928 "\""
Punct(RParen) 928..929 ")"
Term 929..930 "\n"
    lead  Whitespace 930..934 "    "
Int 934..935 "0"
Term 935..936 "\n"
Punct(RBrace) 936..937 "}"
Term 937..938 "\n"
Eof 938..938 ""
