---
source: crates/wolf_lex/tests/corpus_snapshots.rs
expression: lexed.dump(&bytes)
---
    lead  InnerDocComment 0..42 "//! check: run(exit=0, stdout=\"99 99…"
    lead  Whitespace 42..43 "\n"
    lead  InnerDocComment 43..57 "//! phase: run"
    lead  Whitespace 57..58 "\n"
    lead  InnerDocComment 58..114 "//! conforms: mem.static, mem.static…"
    lead  Whitespace 114..115 "\n"
    lead  InnerDocComment 115..118 "//!"
    lead  Whitespace 118..119 "\n"
    lead  InnerDocComment 119..191 "//! s214 (wolf-lang#598, P0): a modu…"
    lead  Whitespace 191..192 "\n"
    lead  InnerDocComment 192..265 "//! back after the call (`[mem.stati…"
    lead  Whitespace 265..266 "\n"
    lead  InnerDocComment 266..338 "//! read, across calls). The first b…"
    lead  Whitespace 338..339 "\n"
    lead  InnerDocComment 339..412 "//! — store, call a writer, read; th…"
    lead  Whitespace 412..413 "\n"
    lead  InnerDocComment 413..482 "//! reads again. At wolf 0.2.24 (294…"
    lead  Whitespace 482..483 "\n"
    lead  InnerDocComment 483..549 "//! `0 0 0`: the WIR builder forward…"
    lead  Whitespace 549..550 "\n"
    lead  InnerDocComment 550..616 "//! hash-consed the second read into…"
    lead  Whitespace 616..617 "\n"
    lead  InnerDocComment 617..688 "//! consumed none of the module stat…"
    lead  Whitespace 688..689 "\n"
    lead  InnerDocComment 689..733 "//! lupin 0.1.47 printed what this r…"
    lead  Whitespace 733..735 "\n\n"
Kw(Var) 735..738 "var"
    trail Whitespace 738..739 " "
Ident 739..740 "v"
Punct(Colon) 740..741 ":"
    trail Whitespace 741..742 " "
Ident 742..745 "int"
    trail Whitespace 745..746 " "
Punct(Eq) 746..747 "="
    trail Whitespace 747..748 " "
Int 748..749 "0"
Term 749..750 "\n"
    lead  Whitespace 750..751 "\n"
Kw(Fn) 751..753 "fn"
    trail Whitespace 753..754 " "
Ident 754..758 "bump"
Punct(LParen) 758..759 "("
Punct(RParen) 759..760 ")"
    trail Whitespace 760..761 " "
Punct(LBrace) 761..762 "{"
    lead  Whitespace 762..767 "\n    "
    lead  LineComment 767..791 "// # Safety: one thread."
    lead  Whitespace 791..796 "\n    "
Kw(Unsafe) 796..802 "unsafe"
    trail Whitespace 802..803 " "
Punct(LBrace) 803..804 "{"
    lead  Whitespace 804..813 "\n        "
Ident 813..814 "v"
    trail Whitespace 814..815 " "
Punct(Eq) 815..816 "="
    trail Whitespace 816..817 " "
Int 817..819 "99"
Term 819..820 "\n"
    lead  Whitespace 820..824 "    "
Punct(RBrace) 824..825 "}"
Term 825..826 "\n"
Punct(RBrace) 826..827 "}"
Term 827..828 "\n"
    lead  Whitespace 828..829 "\n"
Kw(Fn) 829..831 "fn"
    trail Whitespace 831..832 " "
Ident 832..837 "reset"
Punct(LParen) 837..838 "("
Punct(RParen) 838..839 ")"
    trail Whitespace 839..840 " "
Punct(LBrace) 840..841 "{"
    lead  Whitespace 841..846 "\n    "
    lead  LineComment 846..870 "// # Safety: one thread."
    lead  Whitespace 870..875 "\n    "
Kw(Unsafe) 875..881 "unsafe"
    trail Whitespace 881..882 " "
Punct(LBrace) 882..883 "{"
    lead  Whitespace 883..892 "\n        "
Ident 892..893 "v"
    trail Whitespace 893..894 " "
Punct(Eq) 894..895 "="
    trail Whitespace 895..896 " "
Int 896..897 "1"
Term 897..898 "\n"
    lead  Whitespace 898..902 "    "
Punct(RBrace) 902..903 "}"
Term 903..904 "\n"
Punct(RBrace) 904..905 "}"
Term 905..906 "\n"
    lead  Whitespace 906..907 "\n"
Kw(Fn) 907..909 "fn"
    trail Whitespace 909..910 " "
Ident 910..914 "main"
Punct(LParen) 914..915 "("
Punct(RParen) 915..916 ")"
    trail Whitespace 916..917 " "
Punct(Arrow) 917..919 "->"
    trail Whitespace 919..920 " "
Ident 920..923 "int"
    trail Whitespace 923..924 " "
Punct(LBrace) 924..925 "{"
    lead  Whitespace 925..930 "\n    "
Kw(Var) 930..933 "var"
    trail Whitespace 933..934 " "
Ident 934..935 "b"
    trail Whitespace 935..936 " "
Punct(Eq) 936..937 "="
    trail Whitespace 937..938 " "
Int 938..939 "0"
Term 939..940 "\n"
    lead  Whitespace 940..944 "    "
    lead  LineComment 944..968 "// # Safety: one thread."
    lead  Whitespace 968..973 "\n    "
Kw(Unsafe) 973..979 "unsafe"
    trail Whitespace 979..980 " "
Punct(LBrace) 980..981 "{"
    lead  Whitespace 981..990 "\n        "
Ident 990..991 "v"
    trail Whitespace 991..992 " "
Punct(Eq) 992..993 "="
    trail Whitespace 993..994 " "
Int 994..995 "0"
Term 995..996 "\n"
    lead  Whitespace 996..1000 "    "
Punct(RBrace) 1000..1001 "}"
Term 1001..1002 "\n"
    lead  Whitespace 1002..1006 "    "
Ident 1006..1010 "bump"
Punct(LParen) 1010..1011 "("
Punct(RParen) 1011..1012 ")"
Term 1012..1013 "\n"
    lead  Whitespace 1013..1017 "    "
    lead  LineComment 1017..1041 "// # Safety: one thread."
    lead  Whitespace 1041..1046 "\n    "
Kw(Unsafe) 1046..1052 "unsafe"
    trail Whitespace 1052..1053 " "
Punct(LBrace) 1053..1054 "{"
    lead  Whitespace 1054..1063 "\n        "
Ident 1063..1064 "b"
    trail Whitespace 1064..1065 " "
Punct(Eq) 1065..1066 "="
    trail Whitespace 1066..1067 " "
Ident 1067..1068 "v"
Term 1068..1069 "\n"
    lead  Whitespace 1069..1073 "    "
Punct(RBrace) 1073..1074 "}"
Term 1074..1075 "\n"
    lead  Whitespace 1075..1079 "    "
Kw(Var) 1079..1082 "var"
    trail Whitespace 1082..1083 " "
Ident 1083..1089 "before"
    trail Whitespace 1089..1090 " "
Punct(Eq) 1090..1091 "="
    trail Whitespace 1091..1092 " "
Int 1092..1093 "0"
Term 1093..1094 "\n"
    lead  Whitespace 1094..1098 "    "
Kw(Var) 1098..1101 "var"
    trail Whitespace 1101..1102 " "
Ident 1102..1107 "after"
    trail Whitespace 1107..1108 " "
Punct(Eq) 1108..1109 "="
    trail Whitespace 1109..1110 " "
Int 1110..1111 "0"
Term 1111..1112 "\n"
    lead  Whitespace 1112..1116 "    "
    lead  LineComment 1116..1140 "// # Safety: one thread."
    lead  Whitespace 1140..1145 "\n    "
Kw(Unsafe) 1145..1151 "unsafe"
    trail Whitespace 1151..1152 " "
Punct(LBrace) 1152..1153 "{"
    lead  Whitespace 1153..1162 "\n        "
Ident 1162..1168 "before"
    trail Whitespace 1168..1169 " "
Punct(Eq) 1169..1170 "="
    trail Whitespace 1170..1171 " "
Ident 1171..1172 "v"
Term 1172..1173 "\n"
    lead  Whitespace 1173..1181 "        "
Ident 1181..1186 "reset"
Punct(LParen) 1186..1187 "("
Punct(RParen) 1187..1188 ")"
Term 1188..1189 "\n"
    lead  Whitespace 1189..1197 "        "
Ident 1197..1202 "after"
    trail Whitespace 1202..1203 " "
Punct(Eq) 1203..1204 "="
    trail Whitespace 1204..1205 " "
Ident 1205..1206 "v"
Term 1206..1207 "\n"
    lead  Whitespace 1207..1211 "    "
Punct(RBrace) 1211..1212 "}"
Term 1212..1213 "\n"
    lead  Whitespace 1213..1217 "    "
Ident 1217..1222 "print"
Punct(LParen) 1222..1223 "("
StrBegin(Plain) 1223..1224 "\""
InterpOpen 1224..1225 "{"
Ident 1225..1226 "b"
InterpClose 1226..1227 "}"
StrFragment 1227..1228 " "
InterpOpen 1228..1229 "{"
Ident 1229..1235 "before"
InterpClose 1235..1236 "}"
StrFragment 1236..1237 " "
InterpOpen 1237..1238 "{"
Ident 1238..1243 "after"
InterpClose 1243..1244 "}"
StrEnd { dedent: 0 } 1244..1245 "\""
Punct(RParen) 1245..1246 ")"
Term 1246..1247 "\n"
    lead  Whitespace 1247..1251 "    "
Int 1251..1252 "0"
Term 1252..1253 "\n"
Punct(RBrace) 1253..1254 "}"
Term 1254..1255 "\n"
Eof 1255..1255 ""
