---
source: crates/wolf_lex/tests/corpus_snapshots.rs
expression: lexed.dump(&bytes)
---
    lead  InnerDocComment 0..40 "//! check: run(exit=0, stdout=\"1 1 2…"
    lead  Whitespace 40..41 "\n"
    lead  InnerDocComment 41..55 "//! phase: run"
    lead  Whitespace 55..56 "\n"
    lead  InnerDocComment 56..90 "//! conforms: mem.region.edge.elem"
    lead  Whitespace 90..91 "\n"
    lead  InnerDocComment 91..94 "//!"
    lead  Whitespace 94..95 "\n"
    lead  InnerDocComment 95..165 "//! s156 (#333): a `[K, V]`-generic …"
    lead  Whitespace 165..166 "\n"
    lead  InnerDocComment 166..239 "//! function a keyed container has —…"
    lead  Whitespace 239..240 "\n"
    lead  InnerDocComment 240..306 "//! was refused (\"this stores a valu…"
    lead  Whitespace 306..307 "\n"
    lead  InnerDocComment 307..377 "//! region\" — the code is pinned by …"
    lead  Whitespace 377..378 "\n"
    lead  InnerDocComment 378..432 "//! `(mut xs).push(v)` was not, beca…"
    lead  Whitespace 432..433 "\n"
    lead  InnerDocComment 433..501 "//! parameter is a `read` and a read…"
    lead  Whitespace 501..502 "\n"
    lead  InnerDocComment 502..572 "//! the region solver the value land…"
    lead  Whitespace 572..573 "\n"
    lead  InnerDocComment 573..643 "//! took the WHOLE module down on bo…"
    lead  Whitespace 643..644 "\n"
    lead  InnerDocComment 644..712 "//! std.map\'s twelve functions was r…"
    lead  Whitespace 712..713 "\n"
    lead  InnerDocComment 713..777 "//! neighbour does not need went in.…"
    lead  Whitespace 777..778 "\n"
    lead  InnerDocComment 778..849 "//! index lends now (`[mem.region.ed…"
    lead  Whitespace 849..850 "\n"
    lead  InnerDocComment 850..894 "//! refusal, in `region_conflict_par…"
    lead  Whitespace 894..896 "\n\n"
Kw(Fn) 896..898 "fn"
    trail Whitespace 898..899 " "
Ident 899..904 "set_g"
Punct(LBracket) 904..905 "["
Ident 905..906 "K"
Punct(Comma) 906..907 ","
    trail Whitespace 907..908 " "
Ident 908..909 "V"
Punct(RBracket) 909..910 "]"
Punct(LParen) 910..911 "("
Kw(Mut) 911..914 "mut"
    trail Whitespace 914..915 " "
Ident 915..916 "m"
Punct(Colon) 916..917 ":"
    trail Whitespace 917..918 " "
Ident 918..921 "Map"
Punct(LBracket) 921..922 "["
Ident 922..923 "K"
Punct(Comma) 923..924 ","
    trail Whitespace 924..925 " "
Ident 925..926 "V"
Punct(RBracket) 926..927 "]"
Punct(Comma) 927..928 ","
    trail Whitespace 928..929 " "
Ident 929..930 "k"
Punct(Colon) 930..931 ":"
    trail Whitespace 931..932 " "
Ident 932..933 "K"
Punct(Comma) 933..934 ","
    trail Whitespace 934..935 " "
Ident 935..936 "v"
Punct(Colon) 936..937 ":"
    trail Whitespace 937..938 " "
Ident 938..939 "V"
Punct(RParen) 939..940 ")"
    trail Whitespace 940..941 " "
Punct(LBrace) 941..942 "{"
    lead  Whitespace 942..947 "\n    "
Ident 947..948 "m"
Punct(LBracket) 948..949 "["
Ident 949..950 "k"
Punct(RBracket) 950..951 "]"
    trail Whitespace 951..952 " "
Punct(Eq) 952..953 "="
    trail Whitespace 953..954 " "
Ident 954..955 "v"
Term 955..956 "\n"
Punct(RBrace) 956..957 "}"
Term 957..958 "\n"
    lead  Whitespace 958..959 "\n"
Kw(Fn) 959..961 "fn"
    trail Whitespace 961..962 " "
Ident 962..968 "push_g"
Punct(LBracket) 968..969 "["
Ident 969..970 "T"
Punct(RBracket) 970..971 "]"
Punct(LParen) 971..972 "("
Kw(Mut) 972..975 "mut"
    trail Whitespace 975..976 " "
Ident 976..978 "xs"
Punct(Colon) 978..979 ":"
    trail Whitespace 979..980 " "
Ident 980..984 "List"
Punct(LBracket) 984..985 "["
Ident 985..986 "T"
Punct(RBracket) 986..987 "]"
Punct(Comma) 987..988 ","
    trail Whitespace 988..989 " "
Ident 989..990 "v"
Punct(Colon) 990..991 ":"
    trail Whitespace 991..992 " "
Ident 992..993 "T"
Punct(RParen) 993..994 ")"
    trail Whitespace 994..995 " "
Punct(LBrace) 995..996 "{"
    lead  Whitespace 996..1001 "\n    "
Punct(LParen) 1001..1002 "("
Kw(Mut) 1002..1005 "mut"
    trail Whitespace 1005..1006 " "
Ident 1006..1008 "xs"
Punct(RParen) 1008..1009 ")"
Punct(Dot) 1009..1010 "."
Ident 1010..1014 "push"
Punct(LParen) 1014..1015 "("
Ident 1015..1016 "v"
Punct(RParen) 1016..1017 ")"
Term 1017..1018 "\n"
Punct(RBrace) 1018..1019 "}"
Term 1019..1020 "\n"
    lead  Whitespace 1020..1021 "\n"
Kw(Fn) 1021..1023 "fn"
    trail Whitespace 1023..1024 " "
Ident 1024..1028 "main"
Punct(LParen) 1028..1029 "("
Punct(RParen) 1029..1030 ")"
    trail Whitespace 1030..1031 " "
Punct(Arrow) 1031..1033 "->"
    trail Whitespace 1033..1034 " "
Punct(Not) 1034..1035 "!"
Ident 1035..1038 "int"
    trail Whitespace 1038..1039 " "
Punct(LBrace) 1039..1040 "{"
    lead  Whitespace 1040..1045 "\n    "
Kw(Var) 1045..1048 "var"
    trail Whitespace 1048..1049 " "
Ident 1049..1050 "m"
    trail Whitespace 1050..1051 " "
Punct(Eq) 1051..1052 "="
    trail Whitespace 1052..1053 " "
Ident 1053..1056 "Map"
Punct(LBracket) 1056..1057 "["
Ident 1057..1060 "str"
Punct(Comma) 1060..1061 ","
    trail Whitespace 1061..1062 " "
Ident 1062..1065 "int"
Punct(RBracket) 1065..1066 "]"
Punct(LParen) 1066..1067 "("
Punct(RParen) 1067..1068 ")"
Term 1068..1069 "\n"
    lead  Whitespace 1069..1073 "    "
Ident 1073..1078 "set_g"
Punct(LParen) 1078..1079 "("
Kw(Mut) 1079..1082 "mut"
    trail Whitespace 1082..1083 " "
Ident 1083..1084 "m"
Punct(Comma) 1084..1085 ","
    trail Whitespace 1085..1086 " "
StrBegin(Plain) 1086..1087 "\""
StrFragment 1087..1088 "a"
StrEnd { dedent: 0 } 1088..1089 "\""
Punct(Comma) 1089..1090 ","
    trail Whitespace 1090..1091 " "
Int 1091..1092 "1"
Punct(RParen) 1092..1093 ")"
Term 1093..1094 "\n"
    lead  Whitespace 1094..1098 "    "
Kw(Var) 1098..1101 "var"
    trail Whitespace 1101..1102 " "
Ident 1102..1104 "xs"
    trail Whitespace 1104..1105 " "
Punct(Eq) 1105..1106 "="
    trail Whitespace 1106..1107 " "
Ident 1107..1111 "List"
Punct(LBracket) 1111..1112 "["
Ident 1112..1115 "int"
Punct(RBracket) 1115..1116 "]"
Punct(LParen) 1116..1117 "("
Punct(RParen) 1117..1118 ")"
Term 1118..1119 "\n"
    lead  Whitespace 1119..1123 "    "
Ident 1123..1129 "push_g"
Punct(LParen) 1129..1130 "("
Kw(Mut) 1130..1133 "mut"
    trail Whitespace 1133..1134 " "
Ident 1134..1136 "xs"
Punct(Comma) 1136..1137 ","
    trail Whitespace 1137..1138 " "
Int 1138..1139 "7"
Punct(RParen) 1139..1140 ")"
Term 1140..1141 "\n"
    lead  Whitespace 1141..1145 "    "
Ident 1145..1151 "push_g"
Punct(LParen) 1151..1152 "("
Kw(Mut) 1152..1155 "mut"
    trail Whitespace 1155..1156 " "
Ident 1156..1158 "xs"
Punct(Comma) 1158..1159 ","
    trail Whitespace 1159..1160 " "
Int 1160..1161 "8"
Punct(RParen) 1161..1162 ")"
Term 1162..1163 "\n"
    lead  Whitespace 1163..1167 "    "
Ident 1167..1172 "print"
Punct(LParen) 1172..1173 "("
StrBegin(Plain) 1173..1174 "\""
InterpOpen 1174..1175 "{"
Ident 1175..1176 "m"
Punct(Dot) 1176..1177 "."
Ident 1177..1180 "len"
InterpClose 1180..1181 "}"
StrFragment 1181..1182 " "
InterpOpen 1182..1183 "{"
Ident 1183..1184 "m"
Punct(LBracket) 1184..1185 "["
StrBegin(Plain) 1185..1186 "\""
StrFragment 1186..1187 "a"
StrEnd { dedent: 0 } 1187..1188 "\""
Punct(RBracket) 1188..1189 "]"
    trail Whitespace 1189..1190 " "
Kw(Else) 1190..1194 "else"
    trail Whitespace 1194..1195 " "
Int 1195..1196 "0"
InterpClose 1196..1197 "}"
StrFragment 1197..1198 " "
InterpOpen 1198..1199 "{"
Ident 1199..1201 "xs"
Punct(Dot) 1201..1202 "."
Ident 1202..1205 "len"
InterpClose 1205..1206 "}"
StrEnd { dedent: 0 } 1206..1207 "\""
Punct(RParen) 1207..1208 ")"
Term 1208..1209 "\n"
    lead  Whitespace 1209..1213 "    "
Int 1213..1214 "0"
Term 1214..1215 "\n"
Punct(RBrace) 1215..1216 "}"
Term 1216..1217 "\n"
Eof 1217..1217 ""
