---
source: crates/wolf_lex/tests/corpus_snapshots.rs
expression: lexed.dump(&bytes)
---
    lead  InnerDocComment 0..22 "//! check: run(exit=0)"
    lead  Whitespace 22..23 "\n"
    lead  InnerDocComment 23..39 "//! phase: parse"
    lead  Whitespace 39..40 "\n"
    lead  InnerDocComment 40..103 "//! conforms: conc.mm.hb.chan, conc.…"
    lead  Whitespace 103..104 "\n"
    lead  InnerDocComment 104..172 "//! The message-passing litmus: ever…"
    lead  Whitespace 172..173 "\n"
    lead  InnerDocComment 173..249 "//! `move` send is visible to the re…"
    lead  Whitespace 249..251 "\n\n"
Kw(Fn) 251..253 "fn"
    trail Whitespace 253..254 " "
Ident 254..258 "main"
Punct(LParen) 258..259 "("
Punct(RParen) 259..260 ")"
    trail Whitespace 260..261 " "
Punct(Arrow) 261..263 "->"
    trail Whitespace 263..264 " "
Punct(Not) 264..265 "!"
Ident 265..268 "int"
    trail Whitespace 268..269 " "
Punct(LBrace) 269..270 "{"
    lead  Whitespace 270..275 "\n    "
Kw(Let) 275..278 "let"
    trail Whitespace 278..279 " "
Ident 279..281 "ch"
    trail Whitespace 281..282 " "
Punct(Eq) 282..283 "="
    trail Whitespace 283..284 " "
Ident 284..291 "channel"
Punct(LBracket) 291..292 "["
Kw(Region) 292..298 "region"
Punct(RBracket) 298..299 "]"
Punct(LParen) 299..300 "("
Int 300..301 "1"
Punct(RParen) 301..302 ")"
Term 302..303 "\n"
    lead  Whitespace 303..307 "    "
Kw(Var) 307..310 "var"
    trail Whitespace 310..311 " "
Ident 311..314 "got"
    trail Whitespace 314..315 " "
Punct(Eq) 315..316 "="
    trail Whitespace 316..317 " "
Int 317..318 "0"
Term 318..319 "\n"
    lead  Whitespace 319..323 "    "
Kw(Scope) 323..328 "scope"
    trail Whitespace 328..329 " "
Ident 329..330 "s"
    trail Whitespace 330..331 " "
Punct(LBrace) 331..332 "{"
    lead  Whitespace 332..341 "\n        "
Ident 341..342 "s"
Punct(Dot) 342..343 "."
Kw(Spawn) 343..348 "spawn"
Punct(LParen) 348..349 "("
Kw(Fn) 349..351 "fn"
Punct(LParen) 351..352 "("
Punct(RParen) 352..353 ")"
    trail Whitespace 353..354 " "
Punct(LBrace) 354..355 "{"
    lead  Whitespace 355..368 "\n            "
Kw(Let) 368..371 "let"
    trail Whitespace 371..372 " "
Ident 372..373 "r"
    trail Whitespace 373..374 " "
Punct(Eq) 374..375 "="
    trail Whitespace 375..376 " "
Kw(Region) 376..382 "region"
Punct(LParen) 382..383 "("
Punct(RParen) 383..384 ")"
Term 384..385 "\n"
    lead  Whitespace 385..397 "            "
Kw(Let) 397..400 "let"
    trail Whitespace 400..401 " "
Ident 401..403 "xs"
    trail Whitespace 403..404 " "
Punct(Eq) 404..405 "="
    trail Whitespace 405..406 " "
Kw(In) 406..408 "in"
    trail Whitespace 408..409 " "
Ident 409..410 "r"
    trail Whitespace 410..411 " "
Punct(LBrace) 411..412 "{"
    lead  Whitespace 412..429 "\n                "
Kw(Var) 429..432 "var"
    trail Whitespace 432..433 " "
Ident 433..434 "v"
    trail Whitespace 434..435 " "
Punct(Eq) 435..436 "="
    trail Whitespace 436..437 " "
Ident 437..441 "List"
Punct(LBracket) 441..442 "["
Ident 442..445 "int"
Punct(RBracket) 445..446 "]"
Punct(LParen) 446..447 "("
Punct(RParen) 447..448 ")"
Term 448..449 "\n"
    lead  Whitespace 449..465 "                "
Ident 465..466 "v"
Punct(Dot) 466..467 "."
Ident 467..471 "push"
Punct(LParen) 471..472 "("
Int 472..474 "41"
Punct(RParen) 474..475 ")"
Term 475..476 "\n"
    lead  Whitespace 476..492 "                "
Ident 492..493 "v"
Punct(Dot) 493..494 "."
Ident 494..498 "push"
Punct(LParen) 498..499 "("
Int 499..500 "1"
Punct(RParen) 500..501 ")"
Term 501..502 "\n"
    lead  Whitespace 502..518 "                "
Ident 518..519 "v"
Term 519..520 "\n"
    lead  Whitespace 520..532 "            "
Punct(RBrace) 532..533 "}"
Term 533..534 "\n"
    lead  Whitespace 534..546 "            "
Ident 546..548 "ch"
Punct(Dot) 548..549 "."
Ident 549..553 "send"
Punct(LParen) 553..554 "("
Kw(Move) 554..558 "move"
    trail Whitespace 558..559 " "
Ident 559..560 "r"
Punct(RParen) 560..561 ")"
    trail Whitespace 561..571 "          "
    trail LineComment 571..613 "// publishes both pushes [conc.mm.hb…"
Term 613..614 "\n"
    lead  Whitespace 614..622 "        "
Punct(RBrace) 622..623 "}"
Punct(RParen) 623..624 ")"
Term 624..625 "\n"
    lead  Whitespace 625..633 "        "
Kw(Let) 633..636 "let"
    trail Whitespace 636..637 " "
Ident 637..639 "r2"
    trail Whitespace 639..640 " "
Punct(Eq) 640..641 "="
    trail Whitespace 641..642 " "
Ident 642..644 "ch"
Punct(Dot) 644..645 "."
Ident 645..649 "recv"
Punct(LParen) 649..650 "("
Punct(RParen) 650..651 ")"
    trail Whitespace 651..652 " "
Kw(Else) 652..656 "else"
    trail Whitespace 656..657 " "
Punct(Pipe) 657..658 "|"
Underscore 658..659 "_"
Punct(Pipe) 659..660 "|"
    trail Whitespace 660..661 " "
Punct(LBrace) 661..662 "{"
    trail Whitespace 662..663 " "
Kw(Return) 663..669 "return"
    trail Whitespace 669..670 " "
Int 670..671 "1"
    trail Whitespace 671..672 " "
Punct(RBrace) 672..673 "}"
Term 673..674 "\n"
    lead  Whitespace 674..682 "        "
Ident 682..685 "got"
    trail Whitespace 685..686 " "
Punct(Eq) 686..687 "="
    trail Whitespace 687..688 " "
Kw(In) 688..690 "in"
    trail Whitespace 690..691 " "
Ident 691..693 "r2"
    trail Whitespace 693..694 " "
Punct(LBrace) 694..695 "{"
    trail Whitespace 695..696 " "
Int 696..698 "42"
    trail Whitespace 698..699 " "
Punct(RBrace) 699..700 "}"
    trail Whitespace 700..711 "           "
    trail LineComment 711..741 "// receiver owns the graph now"
Term 741..742 "\n"
    lead  Whitespace 742..746 "    "
Punct(RBrace) 746..747 "}"
Term 747..748 "\n"
    lead  Whitespace 748..752 "    "
Kw(If) 752..754 "if"
    trail Whitespace 754..755 " "
Ident 755..758 "got"
    trail Whitespace 758..759 " "
Punct(EqEq) 759..761 "=="
    trail Whitespace 761..762 " "
Int 762..764 "42"
    trail Whitespace 764..765 " "
Punct(LBrace) 765..766 "{"
    trail Whitespace 766..767 " "
Int 767..768 "0"
    trail Whitespace 768..769 " "
Punct(RBrace) 769..770 "}"
    trail Whitespace 770..771 " "
Kw(Else) 771..775 "else"
    trail Whitespace 775..776 " "
Punct(LBrace) 776..777 "{"
    trail Whitespace 777..778 " "
Int 778..779 "1"
    trail Whitespace 779..780 " "
Punct(RBrace) 780..781 "}"
Term 781..782 "\n"
Punct(RBrace) 782..783 "}"
Term 783..784 "\n"
Eof 784..784 ""
