---
source: crates/wolf_lex/tests/corpus_snapshots.rs
expression: lexed.dump(&bytes)
---
    lead  InnerDocComment 0..16 "//! member: true"
    lead  Whitespace 16..17 "\n"
    lead  InnerDocComment 17..43 "//! conforms: mem.static.2"
    lead  Whitespace 43..44 "\n"
    lead  InnerDocComment 44..47 "//!"
    lead  Whitespace 47..48 "\n"
    lead  InnerDocComment 48..111 "//! counter — a public `var`, a writ…"
    lead  Whitespace 111..113 "\n\n"
    lead  DocComment 113..127 "/// The count."
    lead  Whitespace 127..128 "\n"
Kw(Pub) 128..131 "pub"
    trail Whitespace 131..132 " "
Kw(Var) 132..135 "var"
    trail Whitespace 135..136 " "
Ident 136..141 "COUNT"
Punct(Colon) 141..142 ":"
    trail Whitespace 142..143 " "
Ident 143..146 "int"
    trail Whitespace 146..147 " "
Punct(Eq) 147..148 "="
    trail Whitespace 148..149 " "
Int 149..151 "40"
Term 151..152 "\n"
    lead  Whitespace 152..153 "\n"
    lead  DocComment 153..165 "/// Add two."
    lead  Whitespace 165..166 "\n"
Kw(Pub) 166..169 "pub"
    trail Whitespace 169..170 " "
Kw(Fn) 170..172 "fn"
    trail Whitespace 172..173 " "
Ident 173..177 "bump"
Punct(LParen) 177..178 "("
Punct(RParen) 178..179 ")"
    trail Whitespace 179..180 " "
Punct(LBrace) 180..181 "{"
    lead  Whitespace 181..186 "\n    "
    lead  LineComment 186..210 "// # Safety: one thread."
    lead  Whitespace 210..215 "\n    "
Kw(Unsafe) 215..221 "unsafe"
    trail Whitespace 221..222 " "
Punct(LBrace) 222..223 "{"
    lead  Whitespace 223..232 "\n        "
Ident 232..237 "COUNT"
    trail Whitespace 237..238 " "
Punct(PlusEq) 238..240 "+="
    trail Whitespace 240..241 " "
Int 241..242 "2"
Term 242..243 "\n"
    lead  Whitespace 243..247 "    "
Punct(RBrace) 247..248 "}"
Term 248..249 "\n"
Punct(RBrace) 249..250 "}"
Term 250..251 "\n"
    lead  Whitespace 251..252 "\n"
    lead  DocComment 252..294 "/// The count, read through the bare…"
    lead  Whitespace 294..295 "\n"
Kw(Pub) 295..298 "pub"
    trail Whitespace 298..299 " "
Kw(Fn) 299..301 "fn"
    trail Whitespace 301..302 " "
Ident 302..306 "read"
Punct(LParen) 306..307 "("
Punct(RParen) 307..308 ")"
    trail Whitespace 308..309 " "
Punct(Arrow) 309..311 "->"
    trail Whitespace 311..312 " "
Ident 312..315 "int"
    trail Whitespace 315..316 " "
Punct(LBrace) 316..317 "{"
    lead  Whitespace 317..322 "\n    "
    lead  LineComment 322..346 "// # Safety: one thread."
    lead  Whitespace 346..351 "\n    "
Kw(Unsafe) 351..357 "unsafe"
    trail Whitespace 357..358 " "
Punct(LBrace) 358..359 "{"
    lead  Whitespace 359..368 "\n        "
Ident 368..373 "COUNT"
Term 373..374 "\n"
    lead  Whitespace 374..378 "    "
Punct(RBrace) 378..379 "}"
Term 379..380 "\n"
Punct(RBrace) 380..381 "}"
Term 381..382 "\n"
Eof 382..382 ""
