---
source: crates/wolf_lex/tests/corpus_snapshots.rs
expression: lexed.dump(&bytes)
---
    lead  InnerDocComment 0..46 "//! check: run(exit=0, stdout=\"2 - 6…"
    lead  Whitespace 46..47 "\n"
    lead  InnerDocComment 47..61 "//! phase: run"
    lead  Whitespace 61..62 "\n"
    lead  InnerDocComment 62..95 "//! conforms: ty.match.exhaustive"
    lead  Whitespace 95..96 "\n"
    lead  InnerDocComment 96..99 "//!"
    lead  Whitespace 99..100 "\n"
    lead  InnerDocComment 100..169 "//! #151\'s neighbour, found by its w…"
    lead  Whitespace 169..170 "\n"
    lead  InnerDocComment 170..238 "//! decision-chain block — the inter…"
    lead  Whitespace 238..239 "\n"
    lead  InnerDocComment 239..307 "//! constant of every arm past the f…"
    lead  Whitespace 307..308 "\n"
    lead  InnerDocComment 308..375 "//! ENCLOSING GVN scope, so a later …"
    lead  Whitespace 375..376 "\n"
    lead  InnerDocComment 376..443 "//! the same function reused a defin…"
    lead  Whitespace 443..444 "\n"
    lead  InnerDocComment 444..511 "//! (the [dominance] verify ICE). Th…"
    lead  Whitespace 511..512 "\n"
    lead  InnerDocComment 512..580 "//! carry their own GVN scopes, popp…"
    lead  Whitespace 580..581 "\n"
    lead  InnerDocComment 581..642 "//! re-emits its constant instead of…"
    lead  Whitespace 642..644 "\n\n"
Kw(Fn) 644..646 "fn"
    trail Whitespace 646..647 " "
Ident 647..651 "pick"
Punct(LParen) 651..652 "("
Ident 652..653 "n"
Punct(Colon) 653..654 ":"
    trail Whitespace 654..655 " "
Ident 655..658 "int"
Punct(RParen) 658..659 ")"
    trail Whitespace 659..660 " "
Punct(Arrow) 660..662 "->"
    trail Whitespace 662..663 " "
Ident 663..666 "str"
    trail Whitespace 666..667 " "
Punct(LBrace) 667..668 "{"
    lead  Whitespace 668..673 "\n    "
Kw(If) 673..675 "if"
    trail Whitespace 675..676 " "
Ident 676..677 "n"
    trail Whitespace 677..678 " "
Punct(Gt) 678..679 ">"
    trail Whitespace 679..680 " "
Int 680..681 "0"
    trail Whitespace 681..682 " "
Punct(LBrace) 682..683 "{"
    trail Whitespace 683..684 " "
StrBegin(Plain) 684..685 "\""
StrFragment 685..686 "-"
StrEnd { dedent: 0 } 686..687 "\""
    trail Whitespace 687..688 " "
Punct(RBrace) 688..689 "}"
    trail Whitespace 689..690 " "
Kw(Else) 690..694 "else"
    trail Whitespace 694..695 " "
Punct(LBrace) 695..696 "{"
    trail Whitespace 696..697 " "
StrBegin(Plain) 697..698 "\""
StrFragment 698..699 "+"
StrEnd { dedent: 0 } 699..700 "\""
    trail Whitespace 700..701 " "
Punct(RBrace) 701..702 "}"
Term 702..703 "\n"
Punct(RBrace) 703..704 "}"
Term 704..705 "\n"
    lead  Whitespace 705..706 "\n"
Kw(Fn) 706..708 "fn"
    trail Whitespace 708..709 " "
Ident 709..714 "picki"
Punct(LParen) 714..715 "("
Ident 715..716 "n"
Punct(Colon) 716..717 ":"
    trail Whitespace 717..718 " "
Ident 718..721 "int"
Punct(RParen) 721..722 ")"
    trail Whitespace 722..723 " "
Punct(Arrow) 723..725 "->"
    trail Whitespace 725..726 " "
Ident 726..729 "int"
    trail Whitespace 729..730 " "
Punct(LBrace) 730..731 "{"
    lead  Whitespace 731..736 "\n    "
Kw(If) 736..738 "if"
    trail Whitespace 738..739 " "
Ident 739..740 "n"
    trail Whitespace 740..741 " "
Punct(Gt) 741..742 ">"
    trail Whitespace 742..743 " "
Int 743..744 "0"
    trail Whitespace 744..745 " "
Punct(LBrace) 745..746 "{"
    trail Whitespace 746..747 " "
Int 747..749 "22"
    trail Whitespace 749..750 " "
Punct(RBrace) 750..751 "}"
    trail Whitespace 751..752 " "
Kw(Else) 752..756 "else"
    trail Whitespace 756..757 " "
Punct(LBrace) 757..758 "{"
    trail Whitespace 758..759 " "
Int 759..761 "11"
    trail Whitespace 761..762 " "
Punct(RBrace) 762..763 "}"
Term 763..764 "\n"
Punct(RBrace) 764..765 "}"
Term 765..766 "\n"
    lead  Whitespace 766..767 "\n"
Kw(Fn) 767..769 "fn"
    trail Whitespace 769..770 " "
Ident 770..774 "main"
Punct(LParen) 774..775 "("
Punct(RParen) 775..776 ")"
    trail Whitespace 776..777 " "
Punct(Arrow) 777..779 "->"
    trail Whitespace 779..780 " "
Punct(Not) 780..781 "!"
Ident 781..784 "int"
    trail Whitespace 784..785 " "
Punct(LBrace) 785..786 "{"
    lead  Whitespace 786..791 "\n    "
    lead  LineComment 791..851 "// The second arm\'s literal is re-me…"
    lead  Whitespace 851..856 "\n    "
Kw(Let) 856..859 "let"
    trail Whitespace 859..860 " "
Ident 860..862 "op"
    trail Whitespace 862..863 " "
Punct(Eq) 863..864 "="
    trail Whitespace 864..865 " "
Ident 865..869 "pick"
Punct(LParen) 869..870 "("
Int 870..871 "1"
Punct(RParen) 871..872 ")"
Term 872..873 "\n"
    lead  Whitespace 873..877 "    "
Kw(Let) 877..880 "let"
    trail Whitespace 880..881 " "
Ident 881..882 "r"
    trail Whitespace 882..883 " "
Punct(Eq) 883..884 "="
    trail Whitespace 884..885 " "
Kw(Match) 885..890 "match"
    trail Whitespace 890..891 " "
Ident 891..893 "op"
    trail Whitespace 893..894 " "
Punct(LBrace) 894..895 "{"
    lead  Whitespace 895..904 "\n        "
StrBegin(Plain) 904..905 "\""
StrFragment 905..906 "+"
StrEnd { dedent: 0 } 906..907 "\""
    trail Whitespace 907..908 " "
Punct(FatArrow) 908..910 "=>"
    trail Whitespace 910..911 " "
Int 911..912 "1"
Punct(Comma) 912..913 ","
    lead  Whitespace 913..922 "\n        "
StrBegin(Plain) 922..923 "\""
StrFragment 923..924 "-"
StrEnd { dedent: 0 } 924..925 "\""
    trail Whitespace 925..926 " "
Punct(FatArrow) 926..928 "=>"
    trail Whitespace 928..929 " "
Int 929..930 "2"
Punct(Comma) 930..931 ","
    lead  Whitespace 931..940 "\n        "
Underscore 940..941 "_"
    trail Whitespace 941..942 " "
Punct(FatArrow) 942..944 "=>"
    trail Whitespace 944..945 " "
Int 945..946 "0"
Punct(Comma) 946..947 ","
    lead  Whitespace 947..952 "\n    "
Punct(RBrace) 952..953 "}"
Term 953..954 "\n"
    lead  Whitespace 954..958 "    "
Kw(Let) 958..961 "let"
    trail Whitespace 961..962 " "
Ident 962..963 "d"
    trail Whitespace 963..964 " "
Punct(Eq) 964..965 "="
    trail Whitespace 965..966 " "
StrBegin(Plain) 966..967 "\""
StrFragment 967..968 "-"
StrEnd { dedent: 0 } 968..969 "\""
Term 969..970 "\n"
    lead  Whitespace 970..974 "    "
Kw(Let) 974..977 "let"
    trail Whitespace 977..978 " "
Ident 978..979 "s"
    trail Whitespace 979..980 " "
Punct(Eq) 980..981 "="
    trail Whitespace 981..982 " "
Ident 982..986 "pick"
Punct(LParen) 986..987 "("
Int 987..988 "0"
Punct(RParen) 988..989 ")"
Term 989..990 "\n"
    lead  Whitespace 990..994 "    "
Kw(Let) 994..997 "let"
    trail Whitespace 997..998 " "
Ident 998..999 "q"
    trail Whitespace 999..1000 " "
Punct(Eq) 1000..1001 "="
    trail Whitespace 1001..1002 " "
Kw(Match) 1002..1007 "match"
    trail Whitespace 1007..1008 " "
Ident 1008..1009 "s"
    trail Whitespace 1009..1010 " "
Punct(LBrace) 1010..1011 "{"
    lead  Whitespace 1011..1020 "\n        "
StrBegin(Plain) 1020..1021 "\""
StrFragment 1021..1022 "-"
StrEnd { dedent: 0 } 1022..1023 "\""
    trail Whitespace 1023..1024 " "
Punct(FatArrow) 1024..1026 "=>"
    trail Whitespace 1026..1027 " "
Int 1027..1028 "5"
Punct(Comma) 1028..1029 ","
    lead  Whitespace 1029..1038 "\n        "
Underscore 1038..1039 "_"
    trail Whitespace 1039..1040 " "
Punct(FatArrow) 1040..1042 "=>"
    trail Whitespace 1042..1043 " "
Int 1043..1044 "6"
Punct(Comma) 1044..1045 ","
    lead  Whitespace 1045..1050 "\n    "
Punct(RBrace) 1050..1051 "}"
Term 1051..1052 "\n"
    lead  Whitespace 1052..1056 "    "
Ident 1056..1061 "print"
Punct(LParen) 1061..1062 "("
StrBegin(Plain) 1062..1063 "\""
InterpOpen 1063..1064 "{"
Ident 1064..1065 "r"
InterpClose 1065..1066 "}"
StrFragment 1066..1067 " "
InterpOpen 1067..1068 "{"
Ident 1068..1069 "d"
InterpClose 1069..1070 "}"
StrFragment 1070..1071 " "
InterpOpen 1071..1072 "{"
Ident 1072..1073 "q"
InterpClose 1073..1074 "}"
StrEnd { dedent: 0 } 1074..1075 "\""
Punct(RParen) 1075..1076 ")"
Term 1076..1077 "\n"
    lead  Whitespace 1077..1081 "    "
    lead  LineComment 1081..1122 "// The scalar spelling of the same r…"
    lead  Whitespace 1122..1127 "\n    "
Kw(Let) 1127..1130 "let"
    trail Whitespace 1130..1131 " "
Ident 1131..1132 "v"
    trail Whitespace 1132..1133 " "
Punct(Eq) 1133..1134 "="
    trail Whitespace 1134..1135 " "
Ident 1135..1140 "picki"
Punct(LParen) 1140..1141 "("
Int 1141..1142 "1"
Punct(RParen) 1142..1143 ")"
Term 1143..1144 "\n"
    lead  Whitespace 1144..1148 "    "
Kw(Let) 1148..1151 "let"
    trail Whitespace 1151..1152 " "
Ident 1152..1154 "r2"
    trail Whitespace 1154..1155 " "
Punct(Eq) 1155..1156 "="
    trail Whitespace 1156..1157 " "
Kw(Match) 1157..1162 "match"
    trail Whitespace 1162..1163 " "
Ident 1163..1164 "v"
    trail Whitespace 1164..1165 " "
Punct(LBrace) 1165..1166 "{"
    lead  Whitespace 1166..1175 "\n        "
Int 1175..1177 "11"
    trail Whitespace 1177..1178 " "
Punct(FatArrow) 1178..1180 "=>"
    trail Whitespace 1180..1181 " "
Int 1181..1182 "1"
Punct(Comma) 1182..1183 ","
    lead  Whitespace 1183..1192 "\n        "
Int 1192..1194 "22"
    trail Whitespace 1194..1195 " "
Punct(FatArrow) 1195..1197 "=>"
    trail Whitespace 1197..1198 " "
Int 1198..1199 "2"
Punct(Comma) 1199..1200 ","
    lead  Whitespace 1200..1209 "\n        "
Underscore 1209..1210 "_"
    trail Whitespace 1210..1211 " "
Punct(FatArrow) 1211..1213 "=>"
    trail Whitespace 1213..1214 " "
Int 1214..1215 "0"
Punct(Comma) 1215..1216 ","
    lead  Whitespace 1216..1221 "\n    "
Punct(RBrace) 1221..1222 "}"
Term 1222..1223 "\n"
    lead  Whitespace 1223..1227 "    "
Kw(Let) 1227..1230 "let"
    trail Whitespace 1230..1231 " "
Ident 1231..1233 "d2"
    trail Whitespace 1233..1234 " "
Punct(Eq) 1234..1235 "="
    trail Whitespace 1235..1236 " "
Int 1236..1238 "22"
Term 1238..1239 "\n"
    lead  Whitespace 1239..1243 "    "
Ident 1243..1248 "print"
Punct(LParen) 1248..1249 "("
StrBegin(Plain) 1249..1250 "\""
InterpOpen 1250..1251 "{"
Ident 1251..1253 "r2"
InterpClose 1253..1254 "}"
StrFragment 1254..1255 " "
InterpOpen 1255..1256 "{"
Ident 1256..1258 "d2"
InterpClose 1258..1259 "}"
StrEnd { dedent: 0 } 1259..1260 "\""
Punct(RParen) 1260..1261 ")"
Term 1261..1262 "\n"
    lead  Whitespace 1262..1266 "    "
Int 1266..1267 "0"
Term 1267..1268 "\n"
Punct(RBrace) 1268..1269 "}"
Term 1269..1270 "\n"
Eof 1270..1270 ""
