---
source: crates/wolf_lex/tests/corpus_snapshots.rs
expression: lexed.dump(&bytes)
---
    lead  InnerDocComment 0..67 "//! check: run(exit=0, stdout=\"ada w…"
    lead  Whitespace 67..68 "\n"
    lead  InnerDocComment 68..82 "//! phase: run"
    lead  Whitespace 82..83 "\n"
    lead  InnerDocComment 83..138 "//! conforms: mem.tier0.move.1, mem.…"
    lead  Whitespace 138..139 "\n"
    lead  InnerDocComment 139..142 "//!"
    lead  Whitespace 142..143 "\n"
    lead  InnerDocComment 143..213 "//! wolf-book ch07 §7.2\'s own exampl…"
    lead  Whitespace 213..214 "\n"
    lead  InnerDocComment 214..282 "//! one leaf out of a value tree emp…"
    lead  Whitespace 282..283 "\n"
    lead  InnerDocComment 283..353 "//! `d.meta.author` is gone; `d.titl…"
    lead  Whitespace 353..354 "\n"
    lead  InnerDocComment 354..407 "//! places and stay live ([mem.model…"
    lead  Whitespace 407..408 "\n"
    lead  InnerDocComment 408..411 "//!"
    lead  Whitespace 411..412 "\n"
    lead  InnerDocComment 412..459 "//! This is the over-refusal guard f…"
    lead  Whitespace 459..460 "\n"
    lead  InnerDocComment 460..528 "//! `move_field_use_after.lu`: a fix…"
    lead  Whitespace 528..529 "\n"
    lead  InnerDocComment 529..591 "//! must not make the book\'s program…"
    lead  Whitespace 591..592 "\n"
    lead  InnerDocComment 592..637 "//! together and neither is meaningf…"
    lead  Whitespace 637..639 "\n\n"
Kw(Struct) 639..645 "struct"
    trail Whitespace 645..646 " "
Ident 646..650 "Meta"
    trail Whitespace 650..651 " "
Punct(LBrace) 651..652 "{"
    trail Whitespace 652..653 " "
Ident 653..659 "author"
Punct(Colon) 659..660 ":"
    trail Whitespace 660..661 " "
Ident 661..664 "str"
Punct(Comma) 664..665 ","
    trail Whitespace 665..666 " "
Ident 666..671 "words"
Punct(Colon) 671..672 ":"
    trail Whitespace 672..673 " "
Ident 673..676 "int"
    trail Whitespace 676..677 " "
Punct(RBrace) 677..678 "}"
Term 678..679 "\n"
    lead  Whitespace 679..680 "\n"
Kw(Struct) 680..686 "struct"
    trail Whitespace 686..687 " "
Ident 687..690 "Doc"
    trail Whitespace 690..691 " "
Punct(LBrace) 691..692 "{"
    trail Whitespace 692..693 " "
Ident 693..698 "title"
Punct(Colon) 698..699 ":"
    trail Whitespace 699..700 " "
Ident 700..703 "str"
Punct(Comma) 703..704 ","
    trail Whitespace 704..705 " "
Ident 705..709 "meta"
Punct(Colon) 709..710 ":"
    trail Whitespace 710..711 " "
Ident 711..715 "Meta"
    trail Whitespace 715..716 " "
Punct(RBrace) 716..717 "}"
Term 717..718 "\n"
    lead  Whitespace 718..719 "\n"
Kw(Fn) 719..721 "fn"
    trail Whitespace 721..722 " "
Ident 722..726 "main"
Punct(LParen) 726..727 "("
Punct(RParen) 727..728 ")"
    trail Whitespace 728..729 " "
Punct(Arrow) 729..731 "->"
    trail Whitespace 731..732 " "
Punct(Not) 732..733 "!"
Ident 733..736 "int"
    trail Whitespace 736..737 " "
Punct(LBrace) 737..738 "{"
    lead  Whitespace 738..743 "\n    "
Kw(Var) 743..746 "var"
    trail Whitespace 746..747 " "
Ident 747..748 "d"
    trail Whitespace 748..749 " "
Punct(Eq) 749..750 "="
    trail Whitespace 750..751 " "
Ident 751..754 "Doc"
    trail Whitespace 754..755 " "
Punct(LBrace) 755..756 "{"
    trail Whitespace 756..757 " "
Ident 757..762 "title"
Punct(Colon) 762..763 ":"
    trail Whitespace 763..764 " "
StrBegin(Plain) 764..765 "\""
StrFragment 765..772 "regions"
StrEnd { dedent: 0 } 772..773 "\""
Punct(Comma) 773..774 ","
    trail Whitespace 774..775 " "
Ident 775..779 "meta"
Punct(Colon) 779..780 ":"
    trail Whitespace 780..781 " "
Ident 781..785 "Meta"
    trail Whitespace 785..786 " "
Punct(LBrace) 786..787 "{"
    trail Whitespace 787..788 " "
Ident 788..794 "author"
Punct(Colon) 794..795 ":"
    trail Whitespace 795..796 " "
StrBegin(Plain) 796..797 "\""
StrFragment 797..800 "ada"
StrEnd { dedent: 0 } 800..801 "\""
Punct(Comma) 801..802 ","
    trail Whitespace 802..803 " "
Ident 803..808 "words"
Punct(Colon) 808..809 ":"
    trail Whitespace 809..810 " "
Int 810..813 "900"
    trail Whitespace 813..814 " "
Punct(RBrace) 814..815 "}"
    trail Whitespace 815..816 " "
Punct(RBrace) 816..817 "}"
Term 817..818 "\n"
    lead  Whitespace 818..822 "    "
Kw(Let) 822..825 "let"
    trail Whitespace 825..826 " "
Ident 826..829 "who"
    trail Whitespace 829..830 " "
Punct(Eq) 830..831 "="
    trail Whitespace 831..832 " "
Kw(Move) 832..836 "move"
    trail Whitespace 836..837 " "
Ident 837..838 "d"
Punct(Dot) 838..839 "."
Ident 839..843 "meta"
Punct(Dot) 843..844 "."
Ident 844..850 "author"
Term 850..851 "\n"
    lead  Whitespace 851..855 "    "
Ident 855..860 "print"
Punct(LParen) 860..861 "("
StrBegin(Plain) 861..862 "\""
InterpOpen 862..863 "{"
Ident 863..866 "who"
InterpClose 866..867 "}"
StrFragment 867..876 " wrote it"
StrEnd { dedent: 0 } 876..877 "\""
Punct(RParen) 877..878 ")"
Term 878..879 "\n"
    lead  Whitespace 879..883 "    "
Ident 883..888 "print"
Punct(LParen) 888..889 "("
StrBegin(Plain) 889..890 "\""
InterpOpen 890..891 "{"
Ident 891..892 "d"
Punct(Dot) 892..893 "."
Ident 893..898 "title"
InterpClose 898..899 "}"
StrFragment 899..901 ", "
InterpOpen 901..902 "{"
Ident 902..903 "d"
Punct(Dot) 903..904 "."
Ident 904..908 "meta"
Punct(Dot) 908..909 "."
Ident 909..914 "words"
InterpClose 914..915 "}"
StrFragment 915..921 " words"
StrEnd { dedent: 0 } 921..922 "\""
Punct(RParen) 922..923 ")"
Term 923..924 "\n"
    lead  Whitespace 924..928 "    "
Int 928..929 "0"
Term 929..930 "\n"
Punct(RBrace) 930..931 "}"
Term 931..932 "\n"
Eof 932..932 ""
