---
source: crates/wolf_lex/tests/corpus_snapshots.rs
expression: lexed.dump(&bytes)
---
    lead  InnerDocComment 0..22 "//! check: fail(E1001)"
    lead  Whitespace 22..23 "\n"
    lead  InnerDocComment 23..43 "//! phase: typecheck"
    lead  Whitespace 43..44 "\n"
    lead  InnerDocComment 44..111 "//! conforms: gram.expr.primary, mem…"
    lead  Whitespace 111..112 "\n"
    lead  InnerDocComment 112..115 "//!"
    lead  Whitespace 115..116 "\n"
    lead  InnerDocComment 116..189 "//! s190 (wolf-lang#486) — shorthand…"
    lead  Whitespace 189..190 "\n"
    lead  InnerDocComment 190..260 "//! `M { xs, n, ys: ys }` moves `xs`…"
    lead  Whitespace 260..261 "\n"
    lead  InnerDocComment 261..330 "//! `n`, and moves `ys`. The read of…"
    lead  Whitespace 330..331 "\n"
    lead  InnerDocComment 331..396 "//! 0.2.19 printed `2 2 2 1` on nati…"
    lead  Whitespace 396..397 "\n"
    lead  InnerDocComment 397..412 "//! `1 2 2 1`)."
    lead  Whitespace 412..414 "\n\n"
Kw(Struct) 414..420 "struct"
    trail Whitespace 420..421 " "
Ident 421..422 "M"
    trail Whitespace 422..423 " "
Punct(LBrace) 423..424 "{"
    trail Whitespace 424..425 " "
Ident 425..427 "xs"
Punct(Colon) 427..428 ":"
    trail Whitespace 428..429 " "
Ident 429..433 "List"
Punct(LBracket) 433..434 "["
Ident 434..437 "int"
Punct(RBracket) 437..438 "]"
Punct(Comma) 438..439 ","
    trail Whitespace 439..440 " "
Ident 440..441 "n"
Punct(Colon) 441..442 ":"
    trail Whitespace 442..443 " "
Ident 443..446 "int"
Punct(Comma) 446..447 ","
    trail Whitespace 447..448 " "
Ident 448..450 "ys"
Punct(Colon) 450..451 ":"
    trail Whitespace 451..452 " "
Ident 452..456 "List"
Punct(LBracket) 456..457 "["
Ident 457..460 "int"
Punct(RBracket) 460..461 "]"
    trail Whitespace 461..462 " "
Punct(RBrace) 462..463 "}"
Term 463..464 "\n"
    lead  Whitespace 464..465 "\n"
Kw(Fn) 465..467 "fn"
    trail Whitespace 467..468 " "
Ident 468..472 "main"
Punct(LParen) 472..473 "("
Punct(RParen) 473..474 ")"
    trail Whitespace 474..475 " "
Punct(Arrow) 475..477 "->"
    trail Whitespace 477..478 " "
Punct(Not) 478..479 "!"
Ident 479..482 "int"
    trail Whitespace 482..483 " "
Punct(LBrace) 483..484 "{"
    lead  Whitespace 484..489 "\n    "
Kw(Var) 489..492 "var"
    trail Whitespace 492..493 " "
Ident 493..495 "xs"
    trail Whitespace 495..496 " "
Punct(Eq) 496..497 "="
    trail Whitespace 497..498 " "
Punct(LBracket) 498..499 "["
Int 499..500 "1"
Punct(RBracket) 500..501 "]"
Term 501..502 "\n"
    lead  Whitespace 502..506 "    "
Kw(Let) 506..509 "let"
    trail Whitespace 509..510 " "
Ident 510..511 "n"
    trail Whitespace 511..512 " "
Punct(Eq) 512..513 "="
    trail Whitespace 513..514 " "
Int 514..515 "2"
Term 515..516 "\n"
    lead  Whitespace 516..520 "    "
Kw(Var) 520..523 "var"
    trail Whitespace 523..524 " "
Ident 524..526 "ys"
    trail Whitespace 526..527 " "
Punct(Eq) 527..528 "="
    trail Whitespace 528..529 " "
Punct(LBracket) 529..530 "["
Int 530..531 "3"
Punct(RBracket) 531..532 "]"
Term 532..533 "\n"
    lead  Whitespace 533..537 "    "
Kw(Var) 537..540 "var"
    trail Whitespace 540..541 " "
Ident 541..542 "m"
    trail Whitespace 542..543 " "
Punct(Eq) 543..544 "="
    trail Whitespace 544..545 " "
Ident 545..546 "M"
    trail Whitespace 546..547 " "
Punct(LBrace) 547..548 "{"
    trail Whitespace 548..549 " "
Ident 549..551 "xs"
Punct(Comma) 551..552 ","
    trail Whitespace 552..553 " "
Ident 553..554 "n"
Punct(Comma) 554..555 ","
    trail Whitespace 555..556 " "
Ident 556..558 "ys"
Punct(Colon) 558..559 ":"
    trail Whitespace 559..560 " "
Ident 560..562 "ys"
    trail Whitespace 562..563 " "
Punct(RBrace) 563..564 "}"
Term 564..565 "\n"
    lead  Whitespace 565..569 "    "
Punct(LParen) 569..570 "("
Kw(Mut) 570..573 "mut"
    trail Whitespace 573..574 " "
Ident 574..575 "m"
Punct(Dot) 575..576 "."
Ident 576..578 "xs"
Punct(RParen) 578..579 ")"
Punct(Dot) 579..580 "."
Ident 580..584 "push"
Punct(LParen) 584..585 "("
Int 585..586 "9"
Punct(RParen) 586..587 ")"
Term 587..588 "\n"
    lead  Whitespace 588..592 "    "
Ident 592..597 "print"
Punct(LParen) 597..598 "("
StrBegin(Plain) 598..599 "\""
InterpOpen 599..600 "{"
Ident 600..602 "xs"
Punct(Dot) 602..603 "."
Ident 603..606 "len"
InterpClose 606..607 "}"
StrFragment 607..608 " "
InterpOpen 608..609 "{"
Ident 609..610 "m"
Punct(Dot) 610..611 "."
Ident 611..613 "xs"
Punct(Dot) 613..614 "."
Ident 614..617 "len"
InterpClose 617..618 "}"
StrFragment 618..619 " "
InterpOpen 619..620 "{"
Ident 620..621 "m"
Punct(Dot) 621..622 "."
Ident 622..623 "n"
InterpClose 623..624 "}"
StrFragment 624..625 " "
InterpOpen 625..626 "{"
Ident 626..627 "m"
Punct(Dot) 627..628 "."
Ident 628..630 "ys"
Punct(Dot) 630..631 "."
Ident 631..634 "len"
InterpClose 634..635 "}"
StrEnd { dedent: 0 } 635..636 "\""
Punct(RParen) 636..637 ")"
    trail Whitespace 637..640 "   "
    trail LineComment 640..671 "// ERROR E1001: xs moved into m"
Term 671..672 "\n"
    lead  Whitespace 672..676 "    "
Int 676..677 "0"
Term 677..678 "\n"
Punct(RBrace) 678..679 "}"
Term 679..680 "\n"
Eof 680..680 ""
