---
source: crates/wolf_lex/tests/corpus_snapshots.rs
expression: lexed.dump(&bytes)
---
    lead  InnerDocComment 0..22 "//! check: fail(E1309)"
    lead  Whitespace 22..23 "\n"
    lead  InnerDocComment 23..41 "//! phase: resolve"
    lead  Whitespace 41..42 "\n"
    lead  InnerDocComment 42..113 "//! conforms: conc.mm.atomic.order, …"
    lead  Whitespace 113..114 "\n"
    lead  InnerDocComment 114..117 "//!"
    lead  Whitespace 117..118 "\n"
    lead  InnerDocComment 118..175 "//! kw11 (K5 = A): the orders an ope…"
    lead  Whitespace 175..176 "\n"
    lead  InnerDocComment 176..246 "//! (`[conc.mm.atomic.raw.2]`, `[con…"
    lead  Whitespace 246..247 "\n"
    lead  InnerDocComment 247..317 "//! not a mark written at the call (…"
    lead  Whitespace 317..318 "\n"
    lead  InnerDocComment 318..389 "//! E1309: a load with no release ha…"
    lead  Whitespace 389..390 "\n"
    lead  InnerDocComment 390..459 "//! half, a compare-and-swap whose f…"
    lead  Whitespace 459..460 "\n"
    lead  InnerDocComment 460..531 "//! success order or is a release or…"
    lead  Whitespace 531..532 "\n"
    lead  InnerDocComment 532..604 "//! comes from a variable, a misspel…"
    lead  Whitespace 604..606 "\n\n"
Kw(Import) 606..612 "import"
    trail Whitespace 612..613 " "
Ident 613..614 "c"
    trail Whitespace 614..615 " "
StrBegin(Plain) 615..616 "\""
StrFragment 616..624 "stdlib.h"
StrEnd { dedent: 0 } 624..625 "\""
Term 625..626 "\n"
    lead  Whitespace 626..627 "\n"
Kw(Fn) 627..629 "fn"
    trail Whitespace 629..630 " "
Ident 630..634 "main"
Punct(LParen) 634..635 "("
Punct(RParen) 635..636 ")"
    trail Whitespace 636..637 " "
Punct(Arrow) 637..639 "->"
    trail Whitespace 639..640 " "
Ident 640..643 "int"
    trail Whitespace 643..644 " "
Punct(LBrace) 644..645 "{"
    lead  Whitespace 645..650 "\n    "
    lead  LineComment 650..709 "// # Safety: one live 8-byte allocat…"
    lead  Whitespace 709..714 "\n    "
Kw(Unsafe) 714..720 "unsafe"
    trail Whitespace 720..721 " "
Punct(LBrace) 721..722 "{"
    lead  Whitespace 722..731 "\n        "
Kw(Let) 731..734 "let"
    trail Whitespace 734..735 " "
Ident 735..736 "p"
    trail Whitespace 736..737 " "
Punct(Eq) 737..738 "="
    trail Whitespace 738..739 " "
Ident 739..740 "c"
Punct(Dot) 740..741 "."
Ident 741..747 "calloc"
Punct(LParen) 747..748 "("
Int 748..749 "1"
Punct(Comma) 749..750 ","
    trail Whitespace 750..751 " "
Int 751..752 "8"
Punct(RParen) 752..753 ")"
    trail Whitespace 753..754 " "
Kw(As) 754..756 "as"
    trail Whitespace 756..757 " "
Punct(Star) 757..758 "*"
Ident 758..761 "u64"
Term 761..762 "\n"
    lead  Whitespace 762..770 "        "
Kw(Let) 770..773 "let"
    trail Whitespace 773..774 " "
Ident 774..775 "a"
    trail Whitespace 775..776 " "
Punct(Eq) 776..777 "="
    trail Whitespace 777..778 " "
Ident 778..779 "p"
Punct(Dot) 779..780 "."
Ident 780..791 "atomic_load"
Punct(LParen) 791..792 "("
Ident 792..797 "Order"
Punct(Dot) 797..798 "."
Ident 798..805 "release"
Punct(RParen) 805..806 ")"
    trail Whitespace 806..826 "                    "
    trail LineComment 826..834 "// E1309"
Term 834..835 "\n"
    lead  Whitespace 835..843 "        "
Ident 843..844 "p"
Punct(Dot) 844..845 "."
Ident 845..857 "atomic_store"
Punct(LParen) 857..858 "("
Int 858..859 "1"
Punct(Comma) 859..860 ","
    trail Whitespace 860..861 " "
Ident 861..866 "Order"
Punct(Dot) 866..867 "."
Ident 867..874 "acquire"
Punct(RParen) 874..875 ")"
    trail Whitespace 875..899 "                        "
    trail LineComment 899..907 "// E1309"
Term 907..908 "\n"
    lead  Whitespace 908..916 "        "
Kw(Let) 916..919 "let"
    trail Whitespace 919..920 " "
Ident 920..921 "b"
    trail Whitespace 921..922 " "
Punct(Eq) 922..923 "="
    trail Whitespace 923..924 " "
Ident 924..925 "p"
Punct(Dot) 925..926 "."
Ident 926..936 "atomic_cas"
Punct(LParen) 936..937 "("
Int 937..938 "0"
Punct(Comma) 938..939 ","
    trail Whitespace 939..940 " "
Int 940..941 "1"
Punct(Comma) 941..942 ","
    trail Whitespace 942..943 " "
Ident 943..948 "Order"
Punct(Dot) 948..949 "."
Ident 949..956 "relaxed"
Punct(Comma) 956..957 ","
    trail Whitespace 957..958 " "
Ident 958..963 "Order"
Punct(Dot) 963..964 "."
Ident 964..971 "acquire"
Punct(RParen) 971..972 ")"
    trail Whitespace 972..975 "   "
    trail LineComment 975..993 "// E1309: stronger"
Term 993..994 "\n"
    lead  Whitespace 994..1002 "        "
Kw(Let) 1002..1005 "let"
    trail Whitespace 1005..1006 " "
Ident 1006..1007 "d"
    trail Whitespace 1007..1008 " "
Punct(Eq) 1008..1009 "="
    trail Whitespace 1009..1010 " "
Ident 1010..1011 "p"
Punct(Dot) 1011..1012 "."
Ident 1012..1022 "atomic_cas"
Punct(LParen) 1022..1023 "("
Int 1023..1024 "0"
Punct(Comma) 1024..1025 ","
    trail Whitespace 1025..1026 " "
Int 1026..1027 "1"
Punct(Comma) 1027..1028 ","
    trail Whitespace 1028..1029 " "
Ident 1029..1034 "Order"
Punct(Dot) 1034..1035 "."
Ident 1035..1042 "seq_cst"
Punct(Comma) 1042..1043 ","
    trail Whitespace 1043..1044 " "
Ident 1044..1049 "Order"
Punct(Dot) 1049..1050 "."
Ident 1050..1057 "release"
Punct(RParen) 1057..1058 ")"
    trail Whitespace 1058..1061 "   "
    trail LineComment 1061..1088 "// E1309: a release failure"
Term 1088..1089 "\n"
    lead  Whitespace 1089..1097 "        "
Ident 1097..1102 "fence"
Punct(LParen) 1102..1103 "("
Ident 1103..1108 "Order"
Punct(Dot) 1108..1109 "."
Ident 1109..1116 "relaxed"
Punct(RParen) 1116..1117 ")"
    trail Whitespace 1117..1153 "                                    "
    trail LineComment 1153..1161 "// E1309"
Term 1161..1162 "\n"
    lead  Whitespace 1162..1170 "        "
Kw(Let) 1170..1173 "let"
    trail Whitespace 1173..1174 " "
Ident 1174..1175 "o"
    trail Whitespace 1175..1176 " "
Punct(Eq) 1176..1177 "="
    trail Whitespace 1177..1178 " "
Ident 1178..1183 "Order"
Punct(Dot) 1183..1184 "."
Ident 1184..1191 "seq_cst"
    trail Whitespace 1191..1226 "                                   "
    trail LineComment 1226..1243 "// E1309: a value"
Term 1243..1244 "\n"
    lead  Whitespace 1244..1252 "        "
Kw(Let) 1252..1255 "let"
    trail Whitespace 1255..1256 " "
Ident 1256..1257 "e"
    trail Whitespace 1257..1258 " "
Punct(Eq) 1258..1259 "="
    trail Whitespace 1259..1260 " "
Ident 1260..1261 "p"
Punct(Dot) 1261..1262 "."
Ident 1262..1273 "atomic_load"
Punct(LParen) 1273..1274 "("
Ident 1274..1275 "o"
Punct(RParen) 1275..1276 ")"
    trail Whitespace 1276..1308 "                                "
    trail LineComment 1308..1328 "// E1309: not a mark"
Term 1328..1329 "\n"
    lead  Whitespace 1329..1337 "        "
Kw(Let) 1337..1340 "let"
    trail Whitespace 1340..1341 " "
Ident 1341..1342 "f"
    trail Whitespace 1342..1343 " "
Punct(Eq) 1343..1344 "="
    trail Whitespace 1344..1345 " "
Ident 1345..1346 "p"
Punct(Dot) 1346..1347 "."
Ident 1347..1357 "atomic_add"
Punct(LParen) 1357..1358 "("
Int 1358..1359 "1"
Punct(Comma) 1359..1360 ","
    trail Whitespace 1360..1361 " "
Ident 1361..1366 "Order"
Punct(Dot) 1366..1367 "."
Ident 1367..1377 "sequential"
Punct(RParen) 1377..1378 ")"
    trail Whitespace 1378..1393 "               "
    trail LineComment 1393..1415 "// E1309: no such mark"
Term 1415..1416 "\n"
    lead  Whitespace 1416..1424 "        "
Ident 1424..1425 "c"
Punct(Dot) 1425..1426 "."
Ident 1426..1430 "free"
Punct(LParen) 1430..1431 "("
Ident 1431..1432 "p"
    trail Whitespace 1432..1433 " "
Kw(As) 1433..1435 "as"
    trail Whitespace 1435..1436 " "
Punct(Star) 1436..1437 "*"
Ident 1437..1439 "u8"
Punct(RParen) 1439..1440 ")"
Term 1440..1441 "\n"
    lead  Whitespace 1441..1445 "    "
Punct(RBrace) 1445..1446 "}"
Term 1446..1447 "\n"
    lead  Whitespace 1447..1451 "    "
Int 1451..1452 "0"
Term 1452..1453 "\n"
Punct(RBrace) 1453..1454 "}"
Term 1454..1455 "\n"
Eof 1455..1455 ""
