---
source: crates/wolf_lex/tests/corpus_snapshots.rs
expression: lexed.dump(&bytes)
---
    lead  InnerDocComment 0..38 "//! check: run(exit=0, stdout=\"204\\n…"
    lead  Whitespace 38..39 "\n"
    lead  InnerDocComment 39..53 "//! phase: run"
    lead  Whitespace 53..54 "\n"
    lead  InnerDocComment 54..131 "//! conforms: conc.task.spawn, conc.…"
    lead  Whitespace 131..132 "\n"
    lead  InnerDocComment 132..200 "//! The shape every reader writes se…"
    lead  Whitespace 200..201 "\n"
    lead  InnerDocComment 201..270 "//! tasks, each closing over the loo…"
    lead  Whitespace 270..271 "\n"
    lead  InnerDocComment 271..342 "//! an honest refusal — `spawn insid…"
    lead  Whitespace 342..343 "\n"
    lead  InnerDocComment 343..411 "//! because the capture record was a…"
    lead  Whitespace 411..412 "\n"
    lead  InnerDocComment 412..475 "//! serve eight live tasks: every ta…"
    lead  Whitespace 475..476 "\n"
    lead  InnerDocComment 476..539 "//! iteration\'s `i` and the total wo…"
    lead  Whitespace 539..540 "\n"
    lead  InnerDocComment 540..543 "//!"
    lead  Whitespace 543..544 "\n"
    lead  InnerDocComment 544..611 "//! The fix is the contract\'s own wo…"
    lead  Whitespace 611..612 "\n"
    lead  InnerDocComment 612..681 "//! the SCOPE\'s region, so each iter…"
    lead  Whitespace 681..682 "\n"
    lead  InnerDocComment 682..751 "//! the arena frees wholesale after …"
    lead  Whitespace 751..752 "\n"
    lead  InnerDocComment 752..821 "//! order that makes it safe, since …"
    lead  Whitespace 821..822 "\n"
    lead  InnerDocComment 822..856 "//! the join has already returned."
    lead  Whitespace 856..857 "\n"
    lead  InnerDocComment 857..860 "//!"
    lead  Whitespace 860..861 "\n"
    lead  InnerDocComment 861..924 "//! The total is order-independent o…"
    lead  Whitespace 924..925 "\n"
    lead  InnerDocComment 925..994 "//! interleave the eight tasks any w…"
    lead  Whitespace 994..995 "\n"
    lead  InnerDocComment 995..1065 "//! reads the same, so this file pin…"
    lead  Whitespace 1065..1067 "\n\n"
Kw(Fn) 1067..1069 "fn"
    trail Whitespace 1069..1070 " "
Ident 1070..1074 "main"
Punct(LParen) 1074..1075 "("
Punct(RParen) 1075..1076 ")"
    trail Whitespace 1076..1077 " "
Punct(Arrow) 1077..1079 "->"
    trail Whitespace 1079..1080 " "
Punct(Not) 1080..1081 "!"
Ident 1081..1084 "int"
    trail Whitespace 1084..1085 " "
Punct(LBrace) 1085..1086 "{"
    lead  Whitespace 1086..1091 "\n    "
Kw(Var) 1091..1094 "var"
    trail Whitespace 1094..1095 " "
Ident 1095..1100 "total"
    trail Whitespace 1100..1101 " "
Punct(Eq) 1101..1102 "="
    trail Whitespace 1102..1103 " "
Int 1103..1104 "0"
Term 1104..1105 "\n"
    lead  Whitespace 1105..1109 "    "
Kw(Scope) 1109..1114 "scope"
    trail Whitespace 1114..1115 " "
Ident 1115..1116 "s"
    trail Whitespace 1116..1117 " "
Punct(LBrace) 1117..1118 "{"
    lead  Whitespace 1118..1127 "\n        "
Kw(Let) 1127..1130 "let"
    trail Whitespace 1130..1131 " "
Ident 1131..1133 "ch"
    trail Whitespace 1133..1134 " "
Punct(Eq) 1134..1135 "="
    trail Whitespace 1135..1136 " "
Ident 1136..1143 "channel"
Punct(LBracket) 1143..1144 "["
Ident 1144..1147 "int"
Punct(RBracket) 1147..1148 "]"
Punct(LParen) 1148..1149 "("
Int 1149..1151 "16"
Punct(RParen) 1151..1152 ")"
Term 1152..1153 "\n"
    lead  Whitespace 1153..1161 "        "
Kw(For) 1161..1164 "for"
    trail Whitespace 1164..1165 " "
Ident 1165..1166 "i"
    trail Whitespace 1166..1167 " "
Kw(In) 1167..1169 "in"
    trail Whitespace 1169..1170 " "
Int 1170..1171 "1"
Punct(DotDotEq) 1171..1174 "..="
Int 1174..1175 "8"
    trail Whitespace 1175..1176 " "
Punct(LBrace) 1176..1177 "{"
    lead  Whitespace 1177..1190 "\n            "
Ident 1190..1191 "s"
Punct(Dot) 1191..1192 "."
Kw(Spawn) 1192..1197 "spawn"
Punct(LParen) 1197..1198 "("
Kw(Fn) 1198..1200 "fn"
Punct(LParen) 1200..1201 "("
Punct(RParen) 1201..1202 ")"
    trail Whitespace 1202..1203 " "
Punct(LBrace) 1203..1204 "{"
    trail Whitespace 1204..1205 " "
Ident 1205..1207 "ch"
Punct(Dot) 1207..1208 "."
Ident 1208..1212 "send"
Punct(LParen) 1212..1213 "("
Ident 1213..1214 "i"
    trail Whitespace 1214..1215 " "
Punct(Star) 1215..1216 "*"
    trail Whitespace 1216..1217 " "
Ident 1217..1218 "i"
Punct(RParen) 1218..1219 ")"
    trail Whitespace 1219..1220 " "
Punct(RBrace) 1220..1221 "}"
Punct(RParen) 1221..1222 ")"
Term 1222..1223 "\n"
    lead  Whitespace 1223..1231 "        "
Punct(RBrace) 1231..1232 "}"
Term 1232..1233 "\n"
    lead  Whitespace 1233..1241 "        "
Kw(For) 1241..1244 "for"
    trail Whitespace 1244..1245 " "
Ident 1245..1246 "k"
    trail Whitespace 1246..1247 " "
Kw(In) 1247..1249 "in"
    trail Whitespace 1249..1250 " "
Int 1250..1251 "1"
Punct(DotDotEq) 1251..1254 "..="
Int 1254..1255 "8"
    trail Whitespace 1255..1256 " "
Punct(LBrace) 1256..1257 "{"
    trail Whitespace 1257..1258 " "
Ident 1258..1263 "total"
    trail Whitespace 1263..1264 " "
Punct(PlusEq) 1264..1266 "+="
    trail Whitespace 1266..1267 " "
Ident 1267..1269 "ch"
Punct(Dot) 1269..1270 "."
Ident 1270..1274 "recv"
Punct(LParen) 1274..1275 "("
Punct(RParen) 1275..1276 ")"
Punct(Question) 1276..1277 "?"
    trail Whitespace 1277..1278 " "
Punct(RBrace) 1278..1279 "}"
Term 1279..1280 "\n"
    lead  Whitespace 1280..1284 "    "
Punct(RBrace) 1284..1285 "}"
Term 1285..1286 "\n"
    lead  Whitespace 1286..1290 "    "
Ident 1290..1295 "print"
Punct(LParen) 1295..1296 "("
StrBegin(Plain) 1296..1297 "\""
InterpOpen 1297..1298 "{"
Ident 1298..1303 "total"
InterpClose 1303..1304 "}"
StrEnd { dedent: 0 } 1304..1305 "\""
Punct(RParen) 1305..1306 ")"
Term 1306..1307 "\n"
    lead  Whitespace 1307..1311 "    "
Kw(If) 1311..1313 "if"
    trail Whitespace 1313..1314 " "
Ident 1314..1319 "total"
    trail Whitespace 1319..1320 " "
Punct(EqEq) 1320..1322 "=="
    trail Whitespace 1322..1323 " "
Int 1323..1326 "204"
    trail Whitespace 1326..1327 " "
Punct(LBrace) 1327..1328 "{"
    trail Whitespace 1328..1329 " "
Int 1329..1330 "0"
    trail Whitespace 1330..1331 " "
Punct(RBrace) 1331..1332 "}"
    trail Whitespace 1332..1333 " "
Kw(Else) 1333..1337 "else"
    trail Whitespace 1337..1338 " "
Punct(LBrace) 1338..1339 "{"
    trail Whitespace 1339..1340 " "
Int 1340..1341 "1"
    trail Whitespace 1341..1342 " "
Punct(RBrace) 1342..1343 "}"
Term 1343..1344 "\n"
Punct(RBrace) 1344..1345 "}"
Term 1345..1346 "\n"
Eof 1346..1346 ""
