---
source: crates/wolf_lex/tests/corpus_snapshots.rs
expression: lexed.dump(&bytes)
---
    lead  InnerDocComment 0..22 "//! check: run(exit=0)"
    lead  Whitespace 22..23 "\n"
    lead  InnerDocComment 23..37 "//! phase: run"
    lead  Whitespace 37..38 "\n"
    lead  InnerDocComment 38..63 "//! conforms: mod.vis.pkg"
    lead  Whitespace 63..64 "\n"
    lead  InnerDocComment 64..80 "//! warns: W0314"
    lead  Whitespace 80..81 "\n"
    lead  InnerDocComment 81..84 "//!"
    lead  Whitespace 84..85 "\n"
    lead  InnerDocComment 85..154 "//! `pub(pkg)` is visible package-wi…"
    lead  Whitespace 154..155 "\n"
    lead  InnerDocComment 155..224 "//! live in the same package, so the…"
    lead  Whitespace 224..225 "\n"
    lead  InnerDocComment 225..286 "//! covers items like this — `export…"
    lead  Whitespace 286..288 "\n\n"
Kw(Use) 288..291 "use"
    trail Whitespace 291..292 " "
Ident 292..297 "store"
Term 297..298 "\n"
    lead  Whitespace 298..299 "\n"
Kw(Fn) 299..301 "fn"
    trail Whitespace 301..302 " "
Ident 302..306 "main"
Punct(LParen) 306..307 "("
Punct(RParen) 307..308 ")"
    trail Whitespace 308..309 " "
Punct(Arrow) 309..311 "->"
    trail Whitespace 311..312 " "
Punct(Not) 312..313 "!"
Ident 313..316 "int"
    trail Whitespace 316..317 " "
Punct(LBrace) 317..318 "{"
    lead  Whitespace 318..323 "\n    "
Kw(If) 323..325 "if"
    trail Whitespace 325..326 " "
Ident 326..331 "store"
Punct(Dot) 331..332 "."
Ident 332..337 "limit"
Punct(LParen) 337..338 "("
Punct(RParen) 338..339 ")"
    trail Whitespace 339..340 " "
Punct(EqEq) 340..342 "=="
    trail Whitespace 342..343 " "
Int 343..344 "8"
    trail Whitespace 344..345 " "
Punct(LBrace) 345..346 "{"
    trail Whitespace 346..347 " "
Int 347..348 "0"
    trail Whitespace 348..349 " "
Punct(RBrace) 349..350 "}"
    trail Whitespace 350..351 " "
Kw(Else) 351..355 "else"
    trail Whitespace 355..356 " "
Punct(LBrace) 356..357 "{"
    trail Whitespace 357..358 " "
Int 358..359 "1"
    trail Whitespace 359..360 " "
Punct(RBrace) 360..361 "}"
Term 361..362 "\n"
Punct(RBrace) 362..363 "}"
Term 363..364 "\n"
Eof 364..364 ""
