---
source: crates/wolf_lex/tests/corpus_snapshots.rs
expression: lexed.dump(&bytes)
---
    lead  InnerDocComment 0..15 "//! check: pass"
    lead  Whitespace 15..16 "\n"
    lead  InnerDocComment 16..36 "//! phase: typecheck"
    lead  Whitespace 36..37 "\n"
    lead  InnerDocComment 37..68 "//! conforms: ty.trait.dyn.safe"
    lead  Whitespace 68..69 "\n"
    lead  InnerDocComment 69..72 "//!"
    lead  Whitespace 72..73 "\n"
    lead  InnerDocComment 73..132 "//! A dyn-safe trait (receiver-only …"
    lead  Whitespace 132..133 "\n"
    lead  InnerDocComment 133..199 "//! associated escapes): the `dyn` o…"
    lead  Whitespace 199..200 "\n"
    lead  InnerDocComment 200..263 "//! and sema records the dyn-safe me…"
    lead  Whitespace 263..265 "\n\n"
Kw(Trait) 265..270 "trait"
    trail Whitespace 270..271 " "
Ident 271..275 "Draw"
    trail Whitespace 275..276 " "
Punct(LBrace) 276..277 "{"
    lead  Whitespace 277..282 "\n    "
Kw(Fn) 282..284 "fn"
    trail Whitespace 284..285 " "
Ident 285..289 "draw"
Punct(LParen) 289..290 "("
Ident 290..294 "self"
Punct(RParen) 294..295 ")"
    trail Whitespace 295..296 " "
Punct(Arrow) 296..298 "->"
    trail Whitespace 298..299 " "
Ident 299..302 "str"
Term 302..303 "\n"
Punct(RBrace) 303..304 "}"
Term 304..305 "\n"
    lead  Whitespace 305..306 "\n"
Kw(Struct) 306..312 "struct"
    trail Whitespace 312..313 " "
Ident 313..316 "Dot"
    trail Whitespace 316..317 " "
Punct(LBrace) 317..318 "{"
    lead  Whitespace 318..323 "\n    "
Ident 323..324 "x"
Punct(Colon) 324..325 ":"
    trail Whitespace 325..326 " "
Ident 326..329 "int"
Punct(Comma) 329..330 ","
    lead  Whitespace 330..331 "\n"
Punct(RBrace) 331..332 "}"
Term 332..333 "\n"
    lead  Whitespace 333..334 "\n"
Kw(Impl) 334..338 "impl"
    trail Whitespace 338..339 " "
Ident 339..343 "Draw"
    trail Whitespace 343..344 " "
Kw(For) 344..347 "for"
    trail Whitespace 347..348 " "
Ident 348..351 "Dot"
    trail Whitespace 351..352 " "
Punct(LBrace) 352..353 "{"
    lead  Whitespace 353..358 "\n    "
Kw(Fn) 358..360 "fn"
    trail Whitespace 360..361 " "
Ident 361..365 "draw"
Punct(LParen) 365..366 "("
Ident 366..370 "self"
Punct(RParen) 370..371 ")"
    trail Whitespace 371..372 " "
Punct(Arrow) 372..374 "->"
    trail Whitespace 374..375 " "
Ident 375..378 "str"
    trail Whitespace 378..379 " "
Punct(LBrace) 379..380 "{"
    lead  Whitespace 380..389 "\n        "
StrBegin(Plain) 389..390 "\""
StrFragment 390..393 "dot"
StrEnd { dedent: 0 } 393..394 "\""
Term 394..395 "\n"
    lead  Whitespace 395..399 "    "
Punct(RBrace) 399..400 "}"
Term 400..401 "\n"
Punct(RBrace) 401..402 "}"
Term 402..403 "\n"
    lead  Whitespace 403..404 "\n"
Kw(Fn) 404..406 "fn"
    trail Whitespace 406..407 " "
Ident 407..413 "render"
Punct(LParen) 413..414 "("
Ident 414..415 "d"
Punct(Colon) 415..416 ":"
    trail Whitespace 416..417 " "
Kw(Dyn) 417..420 "dyn"
    trail Whitespace 420..421 " "
Ident 421..425 "Draw"
Punct(RParen) 425..426 ")"
    trail Whitespace 426..427 " "
Punct(Arrow) 427..429 "->"
    trail Whitespace 429..430 " "
Ident 430..433 "str"
    trail Whitespace 433..434 " "
Punct(LBrace) 434..435 "{"
    lead  Whitespace 435..440 "\n    "
Ident 440..444 "Draw"
Punct(Dot) 444..445 "."
Ident 445..449 "draw"
Punct(LParen) 449..450 "("
Ident 450..451 "d"
Punct(RParen) 451..452 ")"
Term 452..453 "\n"
Punct(RBrace) 453..454 "}"
Term 454..455 "\n"
    lead  Whitespace 455..456 "\n"
Kw(Fn) 456..458 "fn"
    trail Whitespace 458..459 " "
Ident 459..463 "main"
Punct(LParen) 463..464 "("
Punct(RParen) 464..465 ")"
    trail Whitespace 465..466 " "
Punct(Arrow) 466..468 "->"
    trail Whitespace 468..469 " "
Punct(Not) 469..470 "!"
Ident 470..473 "int"
    trail Whitespace 473..474 " "
Punct(LBrace) 474..475 "{"
    lead  Whitespace 475..480 "\n    "
Int 480..481 "0"
Term 481..482 "\n"
Punct(RBrace) 482..483 "}"
Term 483..484 "\n"
Eof 484..484 ""
