---
source: crates/wolf_lex/tests/corpus_snapshots.rs
expression: lexed.dump(&bytes)
---
    lead  InnerDocComment 0..22 "//! check: run(exit=0)"
    lead  Whitespace 22..23 "\n"
    lead  InnerDocComment 23..37 "//! phase: mem"
    lead  Whitespace 37..38 "\n"
    lead  InnerDocComment 38..87 "//! conforms: mem.prov.region, mem.r…"
    lead  Whitespace 87..88 "\n"
    lead  InnerDocComment 88..157 "//! s105 (c25): the container ELEMEN…"
    lead  Whitespace 157..158 "\n"
    lead  InnerDocComment 158..229 "//! — a `List[region]` cell has no b…"
    lead  Whitespace 229..230 "\n"
    lead  InnerDocComment 230..300 "//! so `wir` refuses \"a region eleme…"
    lead  Whitespace 300..301 "\n"
    lead  InnerDocComment 301..351 "//! stops at the handle)\". Channels …"
    lead  Whitespace 351..352 "\n"
    lead  InnerDocComment 352..395 "//! deliberate crossing ([conc.chan.…"
    lead  Whitespace 395..397 "\n\n"
Kw(Fn) 397..399 "fn"
    trail Whitespace 399..400 " "
Ident 400..404 "main"
Punct(LParen) 404..405 "("
Punct(RParen) 405..406 ")"
    trail Whitespace 406..407 " "
Punct(Arrow) 407..409 "->"
    trail Whitespace 409..410 " "
Punct(Not) 410..411 "!"
Ident 411..414 "int"
    trail Whitespace 414..415 " "
Punct(LBrace) 415..416 "{"
    lead  Whitespace 416..421 "\n    "
Kw(Var) 421..424 "var"
    trail Whitespace 424..425 " "
Ident 425..427 "rs"
    trail Whitespace 427..428 " "
Punct(Eq) 428..429 "="
    trail Whitespace 429..430 " "
Ident 430..434 "List"
Punct(LBracket) 434..435 "["
Kw(Region) 435..441 "region"
Punct(RBracket) 441..442 "]"
Punct(LParen) 442..443 "("
Punct(RParen) 443..444 ")"
Term 444..445 "\n"
    lead  Whitespace 445..449 "    "
Kw(Let) 449..452 "let"
    trail Whitespace 452..453 " "
Ident 453..454 "r"
    trail Whitespace 454..455 " "
Punct(Eq) 455..456 "="
    trail Whitespace 456..457 " "
Kw(Region) 457..463 "region"
Punct(LParen) 463..464 "("
Punct(RParen) 464..465 ")"
Term 465..466 "\n"
    lead  Whitespace 466..470 "    "
Punct(LParen) 470..471 "("
Kw(Mut) 471..474 "mut"
    trail Whitespace 474..475 " "
Ident 475..477 "rs"
Punct(RParen) 477..478 ")"
Punct(Dot) 478..479 "."
Ident 479..483 "push"
Punct(LParen) 483..484 "("
Ident 484..485 "r"
Punct(RParen) 485..486 ")"
Term 486..487 "\n"
    lead  Whitespace 487..491 "    "
Int 491..492 "0"
Term 492..493 "\n"
Punct(RBrace) 493..494 "}"
Term 494..495 "\n"
Eof 495..495 ""
