---
source: crates/wolf_lex/tests/corpus_snapshots.rs
expression: lexed.dump(&bytes)
---
    lead  InnerDocComment 0..22 "//! check: run(exit=2)"
    lead  Whitespace 22..23 "\n"
    lead  InnerDocComment 23..41 "//! phase: resolve"
    lead  Whitespace 41..42 "\n"
    lead  InnerDocComment 42..148 "//! conforms: str.interp, str.views,…"
    lead  Whitespace 148..149 "\n"
    lead  InnerDocComment 149..152 "//!"
    lead  Whitespace 152..153 "\n"
    lead  InnerDocComment 153..225 "//! THE canonical program — the synt…"
    lead  Whitespace 225..226 "\n"
    lead  InnerDocComment 226..300 "//! (Candidate A, locked in R2). Exe…"
    lead  Whitespace 300..301 "\n"
    lead  InnerDocComment 301..375 "//! parallel map (D13/D16), `?` prop…"
    lead  Whitespace 375..376 "\n"
    lead  InnerDocComment 376..441 "//! word views (D25), f-string forma…"
    lead  Whitespace 441..442 "\n"
    lead  InnerDocComment 442..491 "//! annotations in application code …"
    lead  Whitespace 491..492 "\n"
    lead  InnerDocComment 492..564 "//! Run with no args -> prints usage…"
    lead  Whitespace 564..565 "\n"
    lead  InnerDocComment 565..568 "//!"
    lead  Whitespace 568..569 "\n"
    lead  InnerDocComment 569..633 "//! s156 (#341): the tally read `tal…"
    lead  Whitespace 633..634 "\n"
    lead  InnerDocComment 634..698 "//! \"absent key defaults to zero val…"
    lead  Whitespace 698..699 "\n"
    lead  InnerDocComment 699..772 "//! retired — `m[k]` is `V ! {none}`…"
    lead  Whitespace 772..773 "\n"
    lead  InnerDocComment 773..849 "//! profile (`[mem.map.absent]`, `co…"
    lead  Whitespace 849..850 "\n"
    lead  InnerDocComment 850..919 "//! The seed program teaches the cla…"
    lead  Whitespace 919..920 "\n"
    lead  InnerDocComment 920..985 "//! stays `resolve`: `text.words()` …"
    lead  Whitespace 985..986 "\n"
    lead  InnerDocComment 986..1054 "//! before the checker, which is why…"
    lead  Whitespace 1054..1055 "\n"
    lead  InnerDocComment 1055..1101 "//! see the stale line and lupin\'s w…"
    lead  Whitespace 1101..1103 "\n\n"
Kw(Use) 1103..1106 "use"
    trail Whitespace 1106..1107 " "
Ident 1107..1110 "std"
Punct(Dot) 1110..1111 "."
Ident 1111..1113 "fs"
Term 1113..1114 "\n"
    lead  Whitespace 1114..1115 "\n"
Kw(Let) 1115..1118 "let"
    trail Whitespace 1118..1119 " "
Ident 1119..1124 "USAGE"
    trail Whitespace 1124..1125 " "
Punct(Eq) 1125..1126 "="
    trail Whitespace 1126..1127 " "
StrBegin(Multiline) 1127..1130 "\"\"\""
StrFragment 1130..1200 "\n    usage: wc FILE...\n    Count wor…"
StrEnd { dedent: 4 } 1200..1203 "\"\"\""
    trail Whitespace 1203..1239 "                                    "
    trail LineComment 1239..1276 "// closing \"\"\" sets the dedent colum…"
Term 1276..1277 "\n"
    lead  Whitespace 1277..1278 "\n"
Kw(Fn) 1278..1280 "fn"
    trail Whitespace 1280..1281 " "
Ident 1281..1286 "count"
Punct(LParen) 1286..1287 "("
Ident 1287..1291 "text"
Punct(Colon) 1291..1292 ":"
    trail Whitespace 1292..1293 " "
Ident 1293..1296 "str"
Punct(RParen) 1296..1297 ")"
    trail Whitespace 1297..1298 " "
Punct(Arrow) 1298..1300 "->"
    trail Whitespace 1300..1301 " "
Ident 1301..1304 "Map"
Punct(LBracket) 1304..1305 "["
Ident 1305..1308 "str"
Punct(Comma) 1308..1309 ","
    trail Whitespace 1309..1310 " "
Ident 1310..1313 "int"
Punct(RBracket) 1313..1314 "]"
    trail Whitespace 1314..1315 " "
Punct(LBrace) 1315..1316 "{"
    lead  Whitespace 1316..1321 "\n    "
Kw(Var) 1321..1324 "var"
    trail Whitespace 1324..1325 " "
Ident 1325..1330 "tally"
    trail Whitespace 1330..1331 " "
Punct(Eq) 1331..1332 "="
    trail Whitespace 1332..1333 " "
Ident 1333..1336 "Map"
Punct(LBracket) 1336..1337 "["
Ident 1337..1340 "str"
Punct(Comma) 1340..1341 ","
    trail Whitespace 1341..1342 " "
Ident 1342..1345 "int"
Punct(RBracket) 1345..1346 "]"
Punct(LParen) 1346..1347 "("
Punct(RParen) 1347..1348 ")"
Term 1348..1349 "\n"
    lead  Whitespace 1349..1353 "    "
Kw(For) 1353..1356 "for"
    trail Whitespace 1356..1357 " "
Ident 1357..1361 "word"
    trail Whitespace 1361..1362 " "
Kw(In) 1362..1364 "in"
    trail Whitespace 1364..1365 " "
Ident 1365..1369 "text"
Punct(Dot) 1369..1370 "."
Ident 1370..1375 "words"
Punct(LParen) 1375..1376 "("
Punct(RParen) 1376..1377 ")"
    trail Whitespace 1377..1378 " "
Punct(LBrace) 1378..1379 "{"
    trail Whitespace 1379..1392 "             "
    trail LineComment 1392..1431 "// zero-copy word slices, Unicode-aw…"
    lead  Whitespace 1431..1440 "\n        "
Kw(Let) 1440..1443 "let"
    trail Whitespace 1443..1444 " "
Ident 1444..1445 "w"
    trail Whitespace 1445..1446 " "
Punct(Eq) 1446..1447 "="
    trail Whitespace 1447..1448 " "
Ident 1448..1452 "word"
Punct(Dot) 1452..1453 "."
Ident 1453..1457 "trim"
Punct(LParen) 1457..1458 "("
StrBegin(Plain) 1458..1459 "\""
StrFragment 1459..1463 ".,!?"
StrEnd { dedent: 0 } 1463..1464 "\""
Punct(RParen) 1464..1465 ")"
Punct(Dot) 1465..1466 "."
Ident 1466..1471 "lower"
Punct(LParen) 1471..1472 "("
Punct(RParen) 1472..1473 ")"
Term 1473..1474 "\n"
    lead  Whitespace 1474..1482 "        "
Kw(If) 1482..1484 "if"
    trail Whitespace 1484..1485 " "
Punct(Not) 1485..1486 "!"
Ident 1486..1487 "w"
Punct(Dot) 1487..1488 "."
Ident 1488..1496 "is_empty"
Punct(LParen) 1496..1497 "("
Punct(RParen) 1497..1498 ")"
    trail Whitespace 1498..1499 " "
Punct(LBrace) 1499..1500 "{"
    trail Whitespace 1500..1501 " "
Ident 1501..1506 "tally"
Punct(LBracket) 1506..1507 "["
Ident 1507..1508 "w"
Punct(RBracket) 1508..1509 "]"
    trail Whitespace 1509..1510 " "
Punct(Eq) 1510..1511 "="
    trail Whitespace 1511..1512 " "
Punct(LParen) 1512..1513 "("
Ident 1513..1518 "tally"
Punct(LBracket) 1518..1519 "["
Ident 1519..1520 "w"
Punct(RBracket) 1520..1521 "]"
    trail Whitespace 1521..1522 " "
Kw(Else) 1522..1526 "else"
    trail Whitespace 1526..1527 " "
Int 1527..1528 "0"
Punct(RParen) 1528..1529 ")"
    trail Whitespace 1529..1530 " "
Punct(Plus) 1530..1531 "+"
    trail Whitespace 1531..1532 " "
Int 1532..1533 "1"
    trail Whitespace 1533..1534 " "
Punct(RBrace) 1534..1535 "}"
    trail Whitespace 1535..1536 " "
    trail LineComment 1536..1567 "// absent key is the `none` row"
Term 1567..1568 "\n"
    lead  Whitespace 1568..1572 "    "
Punct(RBrace) 1572..1573 "}"
Term 1573..1574 "\n"
    lead  Whitespace 1574..1578 "    "
Ident 1578..1583 "tally"
    trail Whitespace 1583..1617 "                                  "
    trail LineComment 1617..1648 "// last expression is the value"
Term 1648..1649 "\n"
Punct(RBrace) 1649..1650 "}"
Term 1650..1651 "\n"
    lead  Whitespace 1651..1652 "\n"
Kw(Fn) 1652..1654 "fn"
    trail Whitespace 1654..1655 " "
Ident 1655..1658 "top"
Punct(LBracket) 1658..1659 "["
Ident 1659..1660 "T"
Punct(RBracket) 1660..1661 "]"
Punct(LParen) 1661..1662 "("
Ident 1662..1663 "m"
Punct(Colon) 1663..1664 ":"
    trail Whitespace 1664..1665 " "
Ident 1665..1668 "Map"
Punct(LBracket) 1668..1669 "["
Ident 1669..1670 "T"
Punct(Comma) 1670..1671 ","
    trail Whitespace 1671..1672 " "
Ident 1672..1675 "int"
Punct(RBracket) 1675..1676 "]"
Punct(Comma) 1676..1677 ","
    trail Whitespace 1677..1678 " "
Ident 1678..1679 "n"
Punct(Colon) 1679..1680 ":"
    trail Whitespace 1680..1681 " "
Ident 1681..1684 "int"
Punct(RParen) 1684..1685 ")"
    trail Whitespace 1685..1686 " "
Punct(Arrow) 1686..1688 "->"
    trail Whitespace 1688..1689 " "
Ident 1689..1693 "List"
Punct(LBracket) 1693..1694 "["
Punct(LParen) 1694..1695 "("
Ident 1695..1696 "T"
Punct(Comma) 1696..1697 ","
    trail Whitespace 1697..1698 " "
Ident 1698..1701 "int"
Punct(RParen) 1701..1702 ")"
Punct(RBracket) 1702..1703 "]"
    trail Whitespace 1703..1704 " "
Punct(LBrace) 1704..1705 "{"
    lead  Whitespace 1705..1710 "\n    "
Ident 1710..1711 "m"
Punct(Dot) 1711..1712 "."
Ident 1712..1717 "pairs"
Punct(LParen) 1717..1718 "("
Punct(RParen) 1718..1719 ")"
Punct(Dot) 1719..1720 "."
Ident 1720..1729 "sorted_by"
Punct(LParen) 1729..1730 "("
Kw(Fn) 1730..1732 "fn"
Punct(LParen) 1732..1733 "("
Ident 1733..1734 "a"
Punct(Comma) 1734..1735 ","
    trail Whitespace 1735..1736 " "
Ident 1736..1737 "b"
Punct(RParen) 1737..1738 ")"
    trail Whitespace 1738..1739 " "
Ident 1739..1740 "b"
Punct(Dot) 1740..1741 "."
Int 1741..1742 "1"
    trail Whitespace 1742..1743 " "
Punct(Spaceship) 1743..1746 "<=>"
    trail Whitespace 1746..1747 " "
Ident 1747..1748 "a"
Punct(Dot) 1748..1749 "."
Int 1749..1750 "1"
Punct(RParen) 1750..1751 ")"
Punct(Dot) 1751..1752 "."
Kw(Take) 1752..1756 "take"
Punct(LParen) 1756..1757 "("
Ident 1757..1758 "n"
Punct(RParen) 1758..1759 ")"
Term 1759..1760 "\n"
Punct(RBrace) 1760..1761 "}"
Term 1761..1762 "\n"
    lead  Whitespace 1762..1763 "\n"
Kw(Fn) 1763..1765 "fn"
    trail Whitespace 1765..1766 " "
Ident 1766..1770 "main"
Punct(LParen) 1770..1771 "("
Ident 1771..1775 "args"
Punct(Colon) 1775..1776 ":"
    trail Whitespace 1776..1777 " "
Ident 1777..1781 "List"
Punct(LBracket) 1781..1782 "["
Ident 1782..1785 "str"
Punct(RBracket) 1785..1786 "]"
Punct(RParen) 1786..1787 ")"
    trail Whitespace 1787..1788 " "
Punct(Arrow) 1788..1790 "->"
    trail Whitespace 1790..1791 " "
Punct(Not) 1791..1792 "!"
Ident 1792..1795 "int"
    trail Whitespace 1795..1796 " "
Punct(LBrace) 1796..1797 "{"
    lead  Whitespace 1797..1802 "\n    "
Kw(If) 1802..1804 "if"
    trail Whitespace 1804..1805 " "
Ident 1805..1809 "args"
Punct(Dot) 1809..1810 "."
Ident 1810..1818 "is_empty"
Punct(LParen) 1818..1819 "("
Punct(RParen) 1819..1820 ")"
    trail Whitespace 1820..1821 " "
Punct(LBrace) 1821..1822 "{"
    trail Whitespace 1822..1823 " "
Ident 1823..1828 "print"
Punct(LParen) 1828..1829 "("
Ident 1829..1834 "USAGE"
Punct(RParen) 1834..1835 ")"
Term 1835..1836 ";"
    trail Whitespace 1836..1837 " "
Kw(Return) 1837..1843 "return"
    trail Whitespace 1843..1844 " "
Int 1844..1845 "2"
    trail Whitespace 1845..1846 " "
Punct(RBrace) 1846..1847 "}"
Term 1847..1848 "\n"
    lead  Whitespace 1848..1852 "    "
Kw(Let) 1852..1855 "let"
    trail Whitespace 1855..1856 " "
Ident 1856..1862 "counts"
    trail Whitespace 1862..1863 " "
Punct(Eq) 1863..1864 "="
    trail Whitespace 1864..1865 " "
Ident 1865..1869 "args"
Punct(Dot) 1869..1870 "."
Ident 1870..1873 "par"
Punct(LParen) 1873..1874 "("
Kw(Fn) 1874..1876 "fn"
Punct(LParen) 1876..1877 "("
Ident 1877..1881 "path"
Punct(RParen) 1881..1882 ")"
    trail Whitespace 1882..1883 " "
Punct(LBrace) 1883..1884 "{"
    trail Whitespace 1884..1891 "       "
    trail LineComment 1891..1938 "// one task per file; joins before `…"
    lead  Whitespace 1938..1947 "\n        "
Ident 1947..1952 "count"
Punct(LParen) 1952..1953 "("
Ident 1953..1955 "fs"
Punct(Dot) 1955..1956 "."
Ident 1956..1965 "read_text"
Punct(LParen) 1965..1966 "("
Ident 1966..1970 "path"
Punct(RParen) 1970..1971 ")"
Punct(Question) 1971..1972 "?"
Punct(RParen) 1972..1973 ")"
    trail Whitespace 1973..1982 "         "
    trail LineComment 1982..2022 "// ? propagates io.Error out through…"
Term 2022..2023 "\n"
    lead  Whitespace 2023..2027 "    "
Punct(RBrace) 2027..2028 "}"
Punct(RParen) 2028..2029 ")"
Punct(Question) 2029..2030 "?"
Term 2030..2031 "\n"
    lead  Whitespace 2031..2035 "    "
Kw(Var) 2035..2038 "var"
    trail Whitespace 2038..2039 " "
Ident 2039..2044 "total"
    trail Whitespace 2044..2045 " "
Punct(Eq) 2045..2046 "="
    trail Whitespace 2046..2047 " "
Ident 2047..2050 "Map"
Punct(LBracket) 2050..2051 "["
Ident 2051..2054 "str"
Punct(Comma) 2054..2055 ","
    trail Whitespace 2055..2056 " "
Ident 2056..2059 "int"
Punct(RBracket) 2059..2060 "]"
Punct(LParen) 2060..2061 "("
Punct(RParen) 2061..2062 ")"
Term 2062..2063 "\n"
    lead  Whitespace 2063..2067 "    "
Kw(For) 2067..2070 "for"
    trail Whitespace 2070..2071 " "
Ident 2071..2072 "c"
    trail Whitespace 2072..2073 " "
Kw(In) 2073..2075 "in"
    trail Whitespace 2075..2076 " "
Ident 2076..2082 "counts"
    trail Whitespace 2082..2083 " "
Punct(LBrace) 2083..2084 "{"
    trail Whitespace 2084..2085 " "
Ident 2085..2090 "total"
Punct(Dot) 2090..2091 "."
Ident 2091..2096 "merge"
Punct(LParen) 2096..2097 "("
Ident 2097..2098 "c"
Punct(Comma) 2098..2099 ","
    trail Whitespace 2099..2100 " "
Kw(Fn) 2100..2102 "fn"
Punct(LParen) 2102..2103 "("
Ident 2103..2104 "a"
Punct(Comma) 2104..2105 ","
    trail Whitespace 2105..2106 " "
Ident 2106..2107 "b"
Punct(RParen) 2107..2108 ")"
    trail Whitespace 2108..2109 " "
Ident 2109..2110 "a"
    trail Whitespace 2110..2111 " "
Punct(Plus) 2111..2112 "+"
    trail Whitespace 2112..2113 " "
Ident 2113..2114 "b"
Punct(RParen) 2114..2115 ")"
    trail Whitespace 2115..2116 " "
Punct(RBrace) 2116..2117 "}"
Term 2117..2118 "\n"
    lead  Whitespace 2118..2122 "    "
Kw(For) 2122..2125 "for"
    trail Whitespace 2125..2126 " "
Punct(LParen) 2126..2127 "("
Ident 2127..2131 "word"
Punct(Comma) 2131..2132 ","
    trail Whitespace 2132..2133 " "
Ident 2133..2134 "n"
Punct(RParen) 2134..2135 ")"
    trail Whitespace 2135..2136 " "
Kw(In) 2136..2138 "in"
    trail Whitespace 2138..2139 " "
Ident 2139..2142 "top"
Punct(LParen) 2142..2143 "("
Ident 2143..2148 "total"
Punct(Comma) 2148..2149 ","
    trail Whitespace 2149..2150 " "
Int 2150..2152 "10"
Punct(RParen) 2152..2153 ")"
    trail Whitespace 2153..2154 " "
Punct(LBrace) 2154..2155 "{"
    lead  Whitespace 2155..2164 "\n        "
Kw(Let) 2164..2167 "let"
    trail Whitespace 2167..2168 " "
Ident 2168..2172 "name"
    trail Whitespace 2172..2173 " "
Punct(Eq) 2173..2174 "="
    trail Whitespace 2174..2175 " "
Ident 2175..2179 "word"
Punct(LBracket) 2179..2180 "["
Punct(DotDot) 2180..2182 ".."
Ident 2182..2185 "min"
Punct(LParen) 2185..2186 "("
Ident 2186..2190 "word"
Punct(Dot) 2190..2191 "."
Ident 2191..2194 "len"
Punct(Comma) 2194..2195 ","
    trail Whitespace 2195..2196 " "
Int 2196..2198 "12"
Punct(RParen) 2198..2199 ")"
Punct(RBracket) 2199..2200 "]"
    trail Whitespace 2200..2208 "        "
    trail LineComment 2208..2241 "// byte slice, checked, zero-copy"
Term 2241..2242 "\n"
    lead  Whitespace 2242..2250 "        "
Ident 2250..2255 "print"
Punct(LParen) 2255..2256 "("
StrBegin(Plain) 2256..2257 "\""
InterpOpen 2257..2258 "{"
Ident 2258..2262 "name"
FormatSpecBegin 2262..2263 ":"
StrFragment 2263..2266 "<14"
InterpClose 2266..2267 "}"
InterpOpen 2267..2268 "{"
Ident 2268..2269 "n"
FormatSpecBegin 2269..2270 ":"
StrFragment 2270..2272 ">7"
InterpClose 2272..2273 "}"
StrFragment 2273..2275 "  "
InterpOpen 2275..2276 "{"
StrBegin(Plain) 2276..2277 "\""
StrFragment 2277..2278 "#"
StrEnd { dedent: 0 } 2278..2279 "\""
Punct(Dot) 2279..2280 "."
Ident 2280..2286 "repeat"
Punct(LParen) 2286..2287 "("
Ident 2287..2288 "n"
    trail Whitespace 2288..2289 " "
Punct(Slash) 2289..2290 "/"
    trail Whitespace 2290..2291 " "
Int 2291..2293 "10"
Punct(RParen) 2293..2294 ")"
InterpClose 2294..2295 "}"
StrEnd { dedent: 0 } 2295..2296 "\""
Punct(RParen) 2296..2297 ")"
    trail Whitespace 2297..2300 "   "
    trail LineComment 2300..2345 "// nested strings need no escapes: m…"
Term 2345..2346 "\n"
    lead  Whitespace 2346..2350 "    "
Punct(RBrace) 2350..2351 "}"
Term 2351..2352 "\n"
    lead  Whitespace 2352..2356 "    "
Int 2356..2357 "0"
Term 2357..2358 "\n"
Punct(RBrace) 2358..2359 "}"
Term 2359..2360 "\n"
Eof 2360..2360 ""
