---
source: crates/wolf_lex/tests/corpus_snapshots.rs
expression: lexed.dump(&bytes)
---
    lead  InnerDocComment 0..251 "//! check: run(exit=0, stdout=\"255 6…"
    lead  Whitespace 251..252 "\n"
    lead  InnerDocComment 252..266 "//! phase: run"
    lead  Whitespace 266..267 "\n"
    lead  InnerDocComment 267..316 "//! conforms: type.interp.value, typ…"
    lead  Whitespace 316..317 "\n"
    lead  InnerDocComment 317..320 "//!"
    lead  Whitespace 320..321 "\n"
    lead  InnerDocComment 321..389 "//! s220 (wolf-lang#551, #538): an i…"
    lead  Whitespace 389..390 "\n"
    lead  InnerDocComment 390..462 "//! type holds. `u8`..`u64` and `uin…"
    lead  Whitespace 462..463 "\n"
    lead  InnerDocComment 463..531 "//! bare, under a radix and a width …"
    lead  Whitespace 531..532 "\n"
    lead  InnerDocComment 532..602 "//! 0.2.25 native and release printe…"
    lead  Whitespace 602..603 "\n"
    lead  InnerDocComment 603..672 "//! `-9223372036854775808` in every …"
    lead  Whitespace 672..673 "\n"
    lead  InnerDocComment 673..740 "//! already unsigned), and the check…"
    lead  Whitespace 740..742 "\n\n"
Kw(Fn) 742..744 "fn"
    trail Whitespace 744..745 " "
Ident 745..749 "main"
Punct(LParen) 749..750 "("
Punct(RParen) 750..751 ")"
    trail Whitespace 751..752 " "
Punct(LBrace) 752..753 "{"
    lead  Whitespace 753..758 "\n    "
Kw(Let) 758..761 "let"
    trail Whitespace 761..762 " "
Ident 762..763 "a"
Punct(Colon) 763..764 ":"
    trail Whitespace 764..765 " "
Ident 765..767 "u8"
    trail Whitespace 767..768 " "
Punct(Eq) 768..769 "="
    trail Whitespace 769..770 " "
Int 770..773 "255"
Term 773..774 "\n"
    lead  Whitespace 774..778 "    "
Kw(Let) 778..781 "let"
    trail Whitespace 781..782 " "
Ident 782..783 "b"
Punct(Colon) 783..784 ":"
    trail Whitespace 784..785 " "
Ident 785..788 "u16"
    trail Whitespace 788..789 " "
Punct(Eq) 789..790 "="
    trail Whitespace 790..791 " "
Int 791..796 "65535"
Term 796..797 "\n"
    lead  Whitespace 797..801 "    "
Kw(Let) 801..804 "let"
    trail Whitespace 804..805 " "
Ident 805..806 "c"
Punct(Colon) 806..807 ":"
    trail Whitespace 807..808 " "
Ident 808..811 "u32"
    trail Whitespace 811..812 " "
Punct(Eq) 812..813 "="
    trail Whitespace 813..814 " "
Int 814..824 "4294967295"
Term 824..825 "\n"
    lead  Whitespace 825..829 "    "
Kw(Let) 829..832 "let"
    trail Whitespace 832..833 " "
Ident 833..834 "d"
Punct(Colon) 834..835 ":"
    trail Whitespace 835..836 " "
Ident 836..839 "u64"
    trail Whitespace 839..840 " "
Punct(Eq) 840..841 "="
    trail Whitespace 841..842 " "
Int 842..862 "18446744073709551615"
Term 862..863 "\n"
    lead  Whitespace 863..867 "    "
Kw(Let) 867..870 "let"
    trail Whitespace 870..871 " "
Ident 871..872 "e"
Punct(Colon) 872..873 ":"
    trail Whitespace 873..874 " "
Ident 874..878 "uint"
    trail Whitespace 878..879 " "
Punct(Eq) 879..880 "="
    trail Whitespace 880..881 " "
Int 881..901 "18446744073709551615"
Term 901..902 "\n"
    lead  Whitespace 902..906 "    "
Kw(Let) 906..909 "let"
    trail Whitespace 909..910 " "
Ident 910..911 "f"
Punct(Colon) 911..912 ":"
    trail Whitespace 912..913 " "
Ident 913..916 "u64"
    trail Whitespace 916..917 " "
Punct(Eq) 917..918 "="
    trail Whitespace 918..919 " "
Int 919..938 "9223372036854775808"
Term 938..939 "\n"
    lead  Whitespace 939..943 "    "
Kw(Let) 943..946 "let"
    trail Whitespace 946..947 " "
Ident 947..948 "z"
Punct(Colon) 948..949 ":"
    trail Whitespace 949..950 " "
Ident 950..953 "u64"
    trail Whitespace 953..954 " "
Punct(Eq) 954..955 "="
    trail Whitespace 955..956 " "
Int 956..957 "0"
Term 957..958 "\n"
    lead  Whitespace 958..962 "    "
Kw(Let) 962..965 "let"
    trail Whitespace 965..966 " "
Ident 966..967 "s"
    trail Whitespace 967..968 " "
Punct(Eq) 968..969 "="
    trail Whitespace 969..970 " "
StrBegin(Plain) 970..971 "\""
InterpOpen 971..972 "{"
Ident 972..973 "d"
InterpClose 973..974 "}"
StrFragment 974..975 " "
InterpOpen 975..976 "{"
Ident 976..977 "e"
InterpClose 977..978 "}"
StrEnd { dedent: 0 } 978..979 "\""
Term 979..980 "\n"
    lead  Whitespace 980..984 "    "
Ident 984..989 "print"
Punct(LParen) 989..990 "("
StrBegin(Plain) 990..991 "\""
InterpOpen 991..992 "{"
Ident 992..993 "a"
InterpClose 993..994 "}"
StrFragment 994..995 " "
InterpOpen 995..996 "{"
Ident 996..997 "b"
InterpClose 997..998 "}"
StrFragment 998..999 " "
InterpOpen 999..1000 "{"
Ident 1000..1001 "c"
InterpClose 1001..1002 "}"
StrFragment 1002..1003 " "
InterpOpen 1003..1004 "{"
Ident 1004..1005 "d"
InterpClose 1005..1006 "}"
StrFragment 1006..1007 " "
InterpOpen 1007..1008 "{"
Ident 1008..1009 "e"
InterpClose 1009..1010 "}"
StrFragment 1010..1011 " "
InterpOpen 1011..1012 "{"
Ident 1012..1013 "f"
InterpClose 1013..1014 "}"
StrFragment 1014..1015 " "
InterpOpen 1015..1016 "{"
Ident 1016..1017 "z"
InterpClose 1017..1018 "}"
StrEnd { dedent: 0 } 1018..1019 "\""
Punct(RParen) 1019..1020 ")"
Term 1020..1021 "\n"
    lead  Whitespace 1021..1025 "    "
Ident 1025..1030 "print"
Punct(LParen) 1030..1031 "("
StrBegin(Plain) 1031..1032 "\""
InterpOpen 1032..1033 "{"
Ident 1033..1034 "d"
FormatSpecBegin 1034..1035 ":"
StrFragment 1035..1036 "x"
InterpClose 1036..1037 "}"
StrFragment 1037..1038 " "
InterpOpen 1038..1039 "{"
Ident 1039..1040 "e"
FormatSpecBegin 1040..1041 ":"
StrFragment 1041..1042 "X"
InterpClose 1042..1043 "}"
StrFragment 1043..1044 " "
InterpOpen 1044..1045 "{"
Ident 1045..1046 "f"
FormatSpecBegin 1046..1047 ":"
StrFragment 1047..1050 ">21"
InterpClose 1050..1051 "}"
StrFragment 1051..1052 "|"
InterpOpen 1052..1053 "{"
Ident 1053..1054 "c"
FormatSpecBegin 1054..1055 ":"
StrFragment 1055..1056 "b"
InterpClose 1056..1057 "}"
StrFragment 1057..1058 "|"
InterpOpen 1058..1059 "{"
Ident 1059..1060 "s"
InterpClose 1060..1061 "}"
StrEnd { dedent: 0 } 1061..1062 "\""
Punct(RParen) 1062..1063 ")"
Term 1063..1064 "\n"
Punct(RBrace) 1064..1065 "}"
Term 1065..1066 "\n"
Eof 1066..1066 ""
