---
source: crates/wolf_lex/tests/corpus_snapshots.rs
expression: lexed.dump(&bytes)
---
    lead  InnerDocComment 0..29 "//! check: run(exit=trap(ub))"
    lead  Whitespace 29..30 "\n"
    lead  InnerDocComment 30..44 "//! phase: wir"
    lead  Whitespace 44..45 "\n"
    lead  InnerDocComment 45..102 "//! conforms: mem.region.copyout, me…"
    lead  Whitespace 102..103 "\n"
    lead  InnerDocComment 103..106 "//!"
    lead  Whitespace 106..107 "\n"
    lead  InnerDocComment 107..180 "//! s216 — the block\'s region IS fre…"
    lead  Whitespace 180..181 "\n"
    lead  InnerDocComment 181..250 "//! backing, stashed in an outer bin…"
    lead  Whitespace 250..251 "\n"
    lead  InnerDocComment 251..322 "//! carries no site, so nothing refu…"
    lead  Whitespace 322..323 "\n"
    lead  InnerDocComment 323..395 "//! That is `[mem.ub]` row P4 (`[mem…"
    lead  Whitespace 395..396 "\n"
    lead  InnerDocComment 396..464 "//! traps `ub` naming P4 at `q[0]`; …"
    lead  Whitespace 464..465 "\n"
    lead  InnerDocComment 465..534 "//! undefined, so `wir` is the deepe…"
    lead  Whitespace 534..536 "\n\n"
Kw(Fn) 536..538 "fn"
    trail Whitespace 538..539 " "
Ident 539..543 "main"
Punct(LParen) 543..544 "("
Punct(RParen) 544..545 ")"
    trail Whitespace 545..546 " "
Punct(Arrow) 546..548 "->"
    trail Whitespace 548..549 " "
Punct(Not) 549..550 "!"
Ident 550..553 "int"
    trail Whitespace 553..554 " "
Punct(LBrace) 554..555 "{"
    lead  Whitespace 555..560 "\n    "
Kw(Var) 560..563 "var"
    trail Whitespace 563..564 " "
Ident 564..567 "out"
    trail Whitespace 567..568 " "
Punct(Eq) 568..569 "="
    trail Whitespace 569..570 " "
Int 570..571 "0"
Term 571..572 "\n"
    lead  Whitespace 572..576 "    "
Kw(Let) 576..579 "let"
    trail Whitespace 579..580 " "
Ident 580..584 "keep"
    trail Whitespace 584..585 " "
Punct(Eq) 585..586 "="
    trail Whitespace 586..587 " "
Kw(Region) 587..593 "region"
Punct(LParen) 593..594 "("
Punct(RParen) 594..595 ")"
Term 595..596 "\n"
    lead  Whitespace 596..600 "    "
    lead  LineComment 600..661 "// # Safety: none — this row exists …"
    lead  Whitespace 661..666 "\n    "
Kw(Unsafe) 666..672 "unsafe"
    trail Whitespace 672..673 " "
Punct(LBrace) 673..674 "{"
    lead  Whitespace 674..683 "\n        "
Kw(Var) 683..686 "var"
    trail Whitespace 686..687 " "
Ident 687..688 "q"
    trail Whitespace 688..689 " "
Punct(Eq) 689..690 "="
    trail Whitespace 690..691 " "
Ident 691..695 "keep"
    trail Whitespace 695..696 " "
Kw(As) 696..698 "as"
    trail Whitespace 698..699 " "
Punct(Star) 699..700 "*"
Ident 700..702 "u8"
Term 702..703 "\n"
    lead  Whitespace 703..711 "        "
Kw(Let) 711..714 "let"
    trail Whitespace 714..715 " "
Ident 715..716 "n"
    trail Whitespace 716..717 " "
Punct(Eq) 717..718 "="
    trail Whitespace 718..719 " "
Kw(Copy) 719..723 "copy"
    trail Whitespace 723..724 " "
Kw(Region) 724..730 "region"
    trail Whitespace 730..731 " "
Ident 731..738 "scratch"
    trail Whitespace 738..739 " "
Punct(LBrace) 739..740 "{"
    lead  Whitespace 740..753 "\n            "
Ident 753..754 "q"
    trail Whitespace 754..755 " "
Punct(Eq) 755..756 "="
    trail Whitespace 756..757 " "
Ident 757..764 "scratch"
    trail Whitespace 764..765 " "
Kw(As) 765..767 "as"
    trail Whitespace 767..768 " "
Punct(Star) 768..769 "*"
Ident 769..771 "u8"
Term 771..772 "\n"
    lead  Whitespace 772..784 "            "
Int 784..785 "5"
Term 785..786 "\n"
    lead  Whitespace 786..794 "        "
Punct(RBrace) 794..795 "}"
Term 795..796 "\n"
    lead  Whitespace 796..804 "        "
Kw(Let) 804..807 "let"
    trail Whitespace 807..808 " "
Ident 808..809 "v"
    trail Whitespace 809..810 " "
Punct(Eq) 810..811 "="
    trail Whitespace 811..812 " "
Ident 812..813 "q"
Punct(LBracket) 813..814 "["
Int 814..815 "0"
Punct(RBracket) 815..816 "]"
Term 816..817 "\n"
    lead  Whitespace 817..825 "        "
Ident 825..828 "out"
    trail Whitespace 828..829 " "
Punct(Eq) 829..830 "="
    trail Whitespace 830..831 " "
Ident 831..832 "v"
    trail Whitespace 832..833 " "
Kw(As) 833..835 "as"
    trail Whitespace 835..836 " "
Ident 836..839 "int"
    trail Whitespace 839..840 " "
Punct(Plus) 840..841 "+"
    trail Whitespace 841..842 " "
Ident 842..843 "n"
Term 843..844 "\n"
    lead  Whitespace 844..848 "    "
Punct(RBrace) 848..849 "}"
Term 849..850 "\n"
    lead  Whitespace 850..854 "    "
Ident 854..857 "out"
Term 857..858 "\n"
Punct(RBrace) 858..859 "}"
Term 859..860 "\n"
Eof 860..860 ""
