---
source: crates/wolf_lex/tests/corpus_snapshots.rs
assertion_line: 41
expression: lexed.dump(&bytes)
---
    lead  InnerDocComment 0..36 "//! check: run(exit=0, stdout=\"n\\n\")"
    lead  Whitespace 36..37 "\n"
    lead  InnerDocComment 37..51 "//! phase: run"
    lead  Whitespace 51..52 "\n"
    lead  InnerDocComment 52..103 "//! conforms: ty.trait.qualified-cal…"
    lead  Whitespace 103..104 "\n"
    lead  InnerDocComment 104..107 "//!"
    lead  Whitespace 107..108 "\n"
    lead  InnerDocComment 108..174 "//! An impl on a primitive (#119, D4…"
    lead  Whitespace 174..175 "\n"
    lead  InnerDocComment 175..244 "//! int` mangles as `int.Text.text` …"
    lead  Whitespace 244..245 "\n"
    lead  InnerDocComment 245..312 "//! same grammar nominals use — and …"
    lead  Whitespace 312..313 "\n"
    lead  InnerDocComment 313..378 "//! through the coherence-unique imp…"
    lead  Whitespace 378..379 "\n"
    lead  InnerDocComment 379..442 "//! D49\'s implementing campaign: `Te…"
    lead  Whitespace 442..443 "\n"
    lead  InnerDocComment 443..511 "//! literal `i32`, so the witness bi…"
    lead  Whitespace 511..512 "\n"
    lead  InnerDocComment 512..577 "//! type-adoption in impl-bound posi…"
    lead  Whitespace 577..578 "\n"
    lead  InnerDocComment 578..604 "//! when the bridge lands."
    lead  Whitespace 604..606 "\n\n"
Kw(Trait) 606..611 "trait"
    trail Whitespace 611..612 " "
Ident 612..616 "Text"
    trail Whitespace 616..617 " "
Punct(LBrace) 617..618 "{"
    lead  Whitespace 618..623 "\n    "
Kw(Fn) 623..625 "fn"
    trail Whitespace 625..626 " "
Ident 626..630 "text"
Punct(LParen) 630..631 "("
Ident 631..632 "x"
Punct(Colon) 632..633 ":"
    trail Whitespace 633..634 " "
Ident 634..638 "Self"
Punct(RParen) 638..639 ")"
    trail Whitespace 639..640 " "
Punct(Arrow) 640..642 "->"
    trail Whitespace 642..643 " "
Ident 643..646 "str"
Term 646..647 "\n"
Punct(RBrace) 647..648 "}"
Term 648..649 "\n"
    lead  Whitespace 649..650 "\n"
Kw(Impl) 650..654 "impl"
    trail Whitespace 654..655 " "
Ident 655..659 "Text"
    trail Whitespace 659..660 " "
Kw(For) 660..663 "for"
    trail Whitespace 663..664 " "
Ident 664..667 "int"
    trail Whitespace 667..668 " "
Punct(LBrace) 668..669 "{"
    lead  Whitespace 669..674 "\n    "
Kw(Fn) 674..676 "fn"
    trail Whitespace 676..677 " "
Ident 677..681 "text"
Punct(LParen) 681..682 "("
Ident 682..683 "x"
Punct(Colon) 683..684 ":"
    trail Whitespace 684..685 " "
Ident 685..689 "Self"
Punct(RParen) 689..690 ")"
    trail Whitespace 690..691 " "
Punct(Arrow) 691..693 "->"
    trail Whitespace 693..694 " "
Ident 694..697 "str"
    trail Whitespace 697..698 " "
Punct(LBrace) 698..699 "{"
    trail Whitespace 699..700 " "
StrBegin(Plain) 700..701 "\""
StrFragment 701..702 "n"
StrEnd { dedent: 0 } 702..703 "\""
    trail Whitespace 703..704 " "
Punct(RBrace) 704..705 "}"
Term 705..706 "\n"
Punct(RBrace) 706..707 "}"
Term 707..708 "\n"
    lead  Whitespace 708..709 "\n"
Kw(Fn) 709..711 "fn"
    trail Whitespace 711..712 " "
Ident 712..716 "main"
Punct(LParen) 716..717 "("
Punct(RParen) 717..718 ")"
    trail Whitespace 718..719 " "
Punct(Arrow) 719..721 "->"
    trail Whitespace 721..722 " "
Punct(Not) 722..723 "!"
Ident 723..726 "int"
    trail Whitespace 726..727 " "
Punct(LBrace) 727..728 "{"
    lead  Whitespace 728..733 "\n    "
Kw(Let) 733..736 "let"
    trail Whitespace 736..737 " "
Ident 737..738 "n"
Punct(Colon) 738..739 ":"
    trail Whitespace 739..740 " "
Ident 740..743 "int"
    trail Whitespace 743..744 " "
Punct(Eq) 744..745 "="
    trail Whitespace 745..746 " "
Int 746..747 "7"
Term 747..748 "\n"
    lead  Whitespace 748..752 "    "
Ident 752..757 "print"
Punct(LParen) 757..758 "("
Ident 758..762 "Text"
Punct(Dot) 762..763 "."
Ident 763..767 "text"
Punct(LParen) 767..768 "("
Ident 768..769 "n"
Punct(RParen) 769..770 ")"
Punct(RParen) 770..771 ")"
Term 771..772 "\n"
    lead  Whitespace 772..776 "    "
Int 776..777 "0"
Term 777..778 "\n"
Punct(RBrace) 778..779 "}"
Term 779..780 "\n"
Eof 780..780 ""
