---
source: crates/wolf_lex/tests/corpus_snapshots.rs
expression: lexed.dump(&bytes)
---
    lead  InnerDocComment 0..22 "//! check: fail(E1301)"
    lead  Whitespace 22..23 "\n"
    lead  InnerDocComment 23..43 "//! phase: typecheck"
    lead  Whitespace 43..44 "\n"
    lead  InnerDocComment 44..99 "//! conforms: mem.static.2, mem.unsa…"
    lead  Whitespace 99..100 "\n"
    lead  InnerDocComment 100..103 "//!"
    lead  Whitespace 103..104 "\n"
    lead  InnerDocComment 104..172 "//! kw09 (K11 = A): a module `var` i…"
    lead  Whitespace 172..173 "\n"
    lead  InnerDocComment 173..247 "//! read and every write of it is ra…"
    lead  Whitespace 247..248 "\n"
    lead  InnerDocComment 248..319 "//! per site (`[mem.static.2]`). Bef…"
    lead  Whitespace 319..320 "\n"
    lead  InnerDocComment 320..381 "//! was refused later for an unrelat…"
    lead  Whitespace 381..383 "\n\n"
Kw(Var) 383..386 "var"
    trail Whitespace 386..387 " "
Ident 387..392 "ticks"
Punct(Colon) 392..393 ":"
    trail Whitespace 393..394 " "
Ident 394..397 "int"
    trail Whitespace 397..398 " "
Punct(Eq) 398..399 "="
    trail Whitespace 399..400 " "
Int 400..401 "0"
Term 401..402 "\n"
    lead  Whitespace 402..403 "\n"
Kw(Fn) 403..405 "fn"
    trail Whitespace 405..406 " "
Ident 406..410 "main"
Punct(LParen) 410..411 "("
Punct(RParen) 411..412 ")"
    trail Whitespace 412..413 " "
Punct(Arrow) 413..415 "->"
    trail Whitespace 415..416 " "
Ident 416..419 "int"
    trail Whitespace 419..420 " "
Punct(LBrace) 420..421 "{"
    lead  Whitespace 421..426 "\n    "
Ident 426..431 "ticks"
    trail Whitespace 431..432 " "
Punct(Eq) 432..433 "="
    trail Whitespace 433..434 " "
Ident 434..439 "ticks"
    trail Whitespace 439..440 " "
Punct(Plus) 440..441 "+"
    trail Whitespace 441..442 " "
Int 442..443 "1"
    trail Whitespace 443..453 "          "
    trail LineComment 453..491 "// E1301 twice: the write and the re…"
Term 491..492 "\n"
    lead  Whitespace 492..496 "    "
Ident 496..501 "ticks"
    trail Whitespace 501..523 "                      "
    trail LineComment 523..539 "// E1301: a read"
Term 539..540 "\n"
Punct(RBrace) 540..541 "}"
Term 541..542 "\n"
Eof 542..542 ""
