---
source: crates/wolf_lex/tests/corpus_snapshots.rs
expression: lexed.dump(&bytes)
---
    lead  InnerDocComment 0..22 "//! check: fail(E1001)"
    lead  Whitespace 22..23 "\n"
    lead  InnerDocComment 23..43 "//! phase: typecheck"
    lead  Whitespace 43..44 "\n"
    lead  InnerDocComment 44..119 "//! conforms: mem.tier0.mode.mut, me…"
    lead  Whitespace 119..120 "\n"
    lead  InnerDocComment 120..123 "//!"
    lead  Whitespace 123..124 "\n"
    lead  InnerDocComment 124..191 "//! s184 (wolf-lang#464) — every pla…"
    lead  Whitespace 191..192 "\n"
    lead  InnerDocComment 192..261 "//! initialized at every return: `f`…"
    lead  Whitespace 261..262 "\n"
    lead  InnerDocComment 262..318 "//! returns without storing one back…"
    lead  Whitespace 318..319 "\n"
    lead  InnerDocComment 319..322 "//!"
    lead  Whitespace 322..323 "\n"
    lead  InnerDocComment 323..391 "//! Through 0.2.17 and trunk `a201c5…"
    lead  Whitespace 391..392 "\n"
    lead  InnerDocComment 392..459 "//! native and release printed `2` (…"
    lead  Whitespace 459..460 "\n"
    lead  InnerDocComment 460..531 "//! moved buffer), checked and lupin…"
    lead  Whitespace 531..532 "\n"
    lead  InnerDocComment 532..554 "//! the caller\'s read."
    lead  Whitespace 554..556 "\n\n"
Kw(Struct) 556..562 "struct"
    trail Whitespace 562..563 " "
Ident 563..564 "S"
    trail Whitespace 564..565 " "
Punct(LBrace) 565..566 "{"
    trail Whitespace 566..567 " "
Ident 567..571 "tags"
Punct(Colon) 571..572 ":"
    trail Whitespace 572..573 " "
Ident 573..577 "List"
Punct(LBracket) 577..578 "["
Ident 578..581 "int"
Punct(RBracket) 581..582 "]"
    trail Whitespace 582..583 " "
Punct(RBrace) 583..584 "}"
Term 584..585 "\n"
    lead  Whitespace 585..586 "\n"
Kw(Fn) 586..588 "fn"
    trail Whitespace 588..589 " "
Ident 589..590 "f"
Punct(LParen) 590..591 "("
Kw(Mut) 591..594 "mut"
    trail Whitespace 594..595 " "
Ident 595..596 "s"
Punct(Colon) 596..597 ":"
    trail Whitespace 597..598 " "
Ident 598..599 "S"
Punct(RParen) 599..600 ")"
    trail Whitespace 600..601 " "
Punct(LBrace) 601..602 "{"
    lead  Whitespace 602..607 "\n    "
Kw(Var) 607..610 "var"
    trail Whitespace 610..611 " "
Ident 611..612 "t"
    trail Whitespace 612..613 " "
Punct(Eq) 613..614 "="
    trail Whitespace 614..615 " "
Kw(Move) 615..619 "move"
    trail Whitespace 619..620 " "
Ident 620..621 "s"
Punct(Dot) 621..622 "."
Ident 622..626 "tags"
    trail Whitespace 626..629 "   "
    trail LineComment 629..685 "// ERROR E1001: `s.tags` returns to …"
Term 685..686 "\n"
    lead  Whitespace 686..690 "    "
Punct(LParen) 690..691 "("
Kw(Mut) 691..694 "mut"
    trail Whitespace 694..695 " "
Ident 695..696 "t"
Punct(RParen) 696..697 ")"
Punct(Dot) 697..698 "."
Ident 698..702 "push"
Punct(LParen) 702..703 "("
Int 703..704 "9"
Punct(RParen) 704..705 ")"
Term 705..706 "\n"
Punct(RBrace) 706..707 "}"
Term 707..708 "\n"
    lead  Whitespace 708..709 "\n"
Kw(Fn) 709..711 "fn"
    trail Whitespace 711..712 " "
Ident 712..716 "main"
Punct(LParen) 716..717 "("
Punct(RParen) 717..718 ")"
    trail Whitespace 718..719 " "
Punct(Arrow) 719..721 "->"
    trail Whitespace 721..722 " "
Punct(Not) 722..723 "!"
Ident 723..726 "int"
    trail Whitespace 726..727 " "
Punct(LBrace) 727..728 "{"
    lead  Whitespace 728..733 "\n    "
Kw(Var) 733..736 "var"
    trail Whitespace 736..737 " "
Ident 737..738 "s"
    trail Whitespace 738..739 " "
Punct(Eq) 739..740 "="
    trail Whitespace 740..741 " "
Ident 741..742 "S"
    trail Whitespace 742..743 " "
Punct(LBrace) 743..744 "{"
    trail Whitespace 744..745 " "
Ident 745..749 "tags"
Punct(Colon) 749..750 ":"
    trail Whitespace 750..751 " "
Punct(LBracket) 751..752 "["
Int 752..753 "1"
Punct(RBracket) 753..754 "]"
    trail Whitespace 754..755 " "
Punct(RBrace) 755..756 "}"
Term 756..757 "\n"
    lead  Whitespace 757..761 "    "
Ident 761..762 "f"
Punct(LParen) 762..763 "("
Kw(Mut) 763..766 "mut"
    trail Whitespace 766..767 " "
Ident 767..768 "s"
Punct(RParen) 768..769 ")"
Term 769..770 "\n"
    lead  Whitespace 770..774 "    "
Ident 774..779 "print"
Punct(LParen) 779..780 "("
StrBegin(Plain) 780..781 "\""
InterpOpen 781..782 "{"
Ident 782..783 "s"
Punct(Dot) 783..784 "."
Ident 784..788 "tags"
Punct(Dot) 788..789 "."
Ident 789..792 "len"
InterpClose 792..793 "}"
StrEnd { dedent: 0 } 793..794 "\""
Punct(RParen) 794..795 ")"
Term 795..796 "\n"
    lead  Whitespace 796..800 "    "
Int 800..801 "0"
Term 801..802 "\n"
Punct(RBrace) 802..803 "}"
Term 803..804 "\n"
Eof 804..804 ""
