---
source: crates/wolf_lex/tests/corpus_snapshots.rs
expression: lexed.dump(&bytes)
---
    lead  InnerDocComment 0..22 "//! check: run(exit=0)"
    lead  Whitespace 22..23 "\n"
    lead  InnerDocComment 23..37 "//! phase: run"
    lead  Whitespace 37..38 "\n"
    lead  InnerDocComment 38..74 "//! conforms: diag.sev.warn, mod.dir"
    lead  Whitespace 74..75 "\n"
    lead  InnerDocComment 75..91 "//! warns: W0314"
    lead  Whitespace 91..92 "\n"
    lead  InnerDocComment 92..95 "//!"
    lead  Whitespace 95..96 "\n"
    lead  InnerDocComment 96..168 "//! W0314 — a module holding exactly…"
    lead  Whitespace 168..169 "\n"
    lead  InnerDocComment 169..234 "//! around a single function. The wa…"
    lead  Whitespace 234..235 "\n"
    lead  InnerDocComment 235..301 "//! member file; a deliberate seam a…"
    lead  Whitespace 301..303 "\n\n"
Kw(Use) 303..306 "use"
    trail Whitespace 306..307 " "
Ident 307..311 "solo"
Term 311..312 "\n"
    lead  Whitespace 312..313 "\n"
Kw(Fn) 313..315 "fn"
    trail Whitespace 315..316 " "
Ident 316..320 "main"
Punct(LParen) 320..321 "("
Punct(RParen) 321..322 ")"
    trail Whitespace 322..323 " "
Punct(Arrow) 323..325 "->"
    trail Whitespace 325..326 " "
Punct(Not) 326..327 "!"
Ident 327..330 "int"
    trail Whitespace 330..331 " "
Punct(LBrace) 331..332 "{"
    lead  Whitespace 332..337 "\n    "
Ident 337..341 "solo"
Punct(Dot) 341..342 "."
Ident 342..346 "only"
Punct(LParen) 346..347 "("
Punct(RParen) 347..348 ")"
    trail Whitespace 348..349 " "
Punct(Minus) 349..350 "-"
    trail Whitespace 350..351 " "
Int 351..352 "1"
Term 352..353 "\n"
Punct(RBrace) 353..354 "}"
Term 354..355 "\n"
Eof 355..355 ""
