---
source: crates/wolf_lex/tests/corpus_snapshots.rs
expression: lexed.dump(&bytes)
---
    lead  InnerDocComment 0..48 "//! check: run(exit=0, stdout=\"150\\n…"
    lead  Whitespace 48..49 "\n"
    lead  InnerDocComment 49..63 "//! phase: run"
    lead  Whitespace 63..64 "\n"
    lead  InnerDocComment 64..91 "//! conforms: type.trait.op"
    lead  Whitespace 91..92 "\n"
    lead  InnerDocComment 92..95 "//!"
    lead  Whitespace 95..96 "\n"
    lead  InnerDocComment 96..164 "//! A user `Money` with `impl Add`, …"
    lead  Whitespace 164..165 "\n"
    lead  InnerDocComment 165..233 "//! wolf-lang#5): `a + b` is `Add.ad…"
    lead  Whitespace 233..234 "\n"
    lead  InnerDocComment 234..307 "//! b)`, `-c` is `Neg.neg(c)` — the …"
    lead  Whitespace 307..308 "\n"
    lead  InnerDocComment 308..378 "//! operands are read arguments, so …"
    lead  Whitespace 378..379 "\n"
    lead  InnerDocComment 379..448 "//! `copy`. Homogeneous: `Money + Mo…"
    lead  Whitespace 448..449 "\n"
    lead  InnerDocComment 449..506 "//! no operator dispatch on a struct…"
    lead  Whitespace 506..508 "\n\n"
Kw(Struct) 508..514 "struct"
    trail Whitespace 514..515 " "
Ident 515..520 "Money"
    trail Whitespace 520..521 " "
Punct(LBrace) 521..522 "{"
    lead  Whitespace 522..527 "\n    "
Ident 527..532 "cents"
Punct(Colon) 532..533 ":"
    trail Whitespace 533..534 " "
Ident 534..537 "int"
Punct(Comma) 537..538 ","
    lead  Whitespace 538..539 "\n"
Punct(RBrace) 539..540 "}"
Term 540..541 "\n"
    lead  Whitespace 541..542 "\n"
Kw(Trait) 542..547 "trait"
    trail Whitespace 547..548 " "
Ident 548..551 "Add"
    trail Whitespace 551..552 " "
Punct(LBrace) 552..553 "{"
    lead  Whitespace 553..558 "\n    "
Kw(Fn) 558..560 "fn"
    trail Whitespace 560..561 " "
Ident 561..564 "add"
Punct(LParen) 564..565 "("
Ident 565..569 "self"
Punct(Comma) 569..570 ","
    trail Whitespace 570..571 " "
Ident 571..576 "other"
Punct(Colon) 576..577 ":"
    trail Whitespace 577..578 " "
Ident 578..582 "Self"
Punct(RParen) 582..583 ")"
    trail Whitespace 583..584 " "
Punct(Arrow) 584..586 "->"
    trail Whitespace 586..587 " "
Ident 587..591 "Self"
Term 591..592 "\n"
Punct(RBrace) 592..593 "}"
Term 593..594 "\n"
    lead  Whitespace 594..595 "\n"
Kw(Trait) 595..600 "trait"
    trail Whitespace 600..601 " "
Ident 601..604 "Sub"
    trail Whitespace 604..605 " "
Punct(LBrace) 605..606 "{"
    lead  Whitespace 606..611 "\n    "
Kw(Fn) 611..613 "fn"
    trail Whitespace 613..614 " "
Ident 614..617 "sub"
Punct(LParen) 617..618 "("
Ident 618..622 "self"
Punct(Comma) 622..623 ","
    trail Whitespace 623..624 " "
Ident 624..629 "other"
Punct(Colon) 629..630 ":"
    trail Whitespace 630..631 " "
Ident 631..635 "Self"
Punct(RParen) 635..636 ")"
    trail Whitespace 636..637 " "
Punct(Arrow) 637..639 "->"
    trail Whitespace 639..640 " "
Ident 640..644 "Self"
Term 644..645 "\n"
Punct(RBrace) 645..646 "}"
Term 646..647 "\n"
    lead  Whitespace 647..648 "\n"
Kw(Trait) 648..653 "trait"
    trail Whitespace 653..654 " "
Ident 654..657 "Neg"
    trail Whitespace 657..658 " "
Punct(LBrace) 658..659 "{"
    lead  Whitespace 659..664 "\n    "
Kw(Fn) 664..666 "fn"
    trail Whitespace 666..667 " "
Ident 667..670 "neg"
Punct(LParen) 670..671 "("
Ident 671..675 "self"
Punct(RParen) 675..676 ")"
    trail Whitespace 676..677 " "
Punct(Arrow) 677..679 "->"
    trail Whitespace 679..680 " "
Ident 680..684 "Self"
Term 684..685 "\n"
Punct(RBrace) 685..686 "}"
Term 686..687 "\n"
    lead  Whitespace 687..688 "\n"
Kw(Impl) 688..692 "impl"
    trail Whitespace 692..693 " "
Ident 693..696 "Add"
    trail Whitespace 696..697 " "
Kw(For) 697..700 "for"
    trail Whitespace 700..701 " "
Ident 701..706 "Money"
    trail Whitespace 706..707 " "
Punct(LBrace) 707..708 "{"
    lead  Whitespace 708..713 "\n    "
Kw(Fn) 713..715 "fn"
    trail Whitespace 715..716 " "
Ident 716..719 "add"
Punct(LParen) 719..720 "("
Ident 720..724 "self"
Punct(Comma) 724..725 ","
    trail Whitespace 725..726 " "
Ident 726..731 "other"
Punct(Colon) 731..732 ":"
    trail Whitespace 732..733 " "
Ident 733..737 "Self"
Punct(RParen) 737..738 ")"
    trail Whitespace 738..739 " "
Punct(Arrow) 739..741 "->"
    trail Whitespace 741..742 " "
Ident 742..746 "Self"
    trail Whitespace 746..747 " "
Punct(LBrace) 747..748 "{"
    lead  Whitespace 748..757 "\n        "
Ident 757..762 "Money"
    trail Whitespace 762..763 " "
Punct(LBrace) 763..764 "{"
    trail Whitespace 764..765 " "
Ident 765..770 "cents"
Punct(Colon) 770..771 ":"
    trail Whitespace 771..772 " "
Ident 772..776 "self"
Punct(Dot) 776..777 "."
Ident 777..782 "cents"
    trail Whitespace 782..783 " "
Punct(Plus) 783..784 "+"
    trail Whitespace 784..785 " "
Ident 785..790 "other"
Punct(Dot) 790..791 "."
Ident 791..796 "cents"
    trail Whitespace 796..797 " "
Punct(RBrace) 797..798 "}"
Term 798..799 "\n"
    lead  Whitespace 799..803 "    "
Punct(RBrace) 803..804 "}"
Term 804..805 "\n"
Punct(RBrace) 805..806 "}"
Term 806..807 "\n"
    lead  Whitespace 807..808 "\n"
Kw(Impl) 808..812 "impl"
    trail Whitespace 812..813 " "
Ident 813..816 "Sub"
    trail Whitespace 816..817 " "
Kw(For) 817..820 "for"
    trail Whitespace 820..821 " "
Ident 821..826 "Money"
    trail Whitespace 826..827 " "
Punct(LBrace) 827..828 "{"
    lead  Whitespace 828..833 "\n    "
Kw(Fn) 833..835 "fn"
    trail Whitespace 835..836 " "
Ident 836..839 "sub"
Punct(LParen) 839..840 "("
Ident 840..844 "self"
Punct(Comma) 844..845 ","
    trail Whitespace 845..846 " "
Ident 846..851 "other"
Punct(Colon) 851..852 ":"
    trail Whitespace 852..853 " "
Ident 853..857 "Self"
Punct(RParen) 857..858 ")"
    trail Whitespace 858..859 " "
Punct(Arrow) 859..861 "->"
    trail Whitespace 861..862 " "
Ident 862..866 "Self"
    trail Whitespace 866..867 " "
Punct(LBrace) 867..868 "{"
    lead  Whitespace 868..877 "\n        "
Ident 877..882 "Money"
    trail Whitespace 882..883 " "
Punct(LBrace) 883..884 "{"
    trail Whitespace 884..885 " "
Ident 885..890 "cents"
Punct(Colon) 890..891 ":"
    trail Whitespace 891..892 " "
Ident 892..896 "self"
Punct(Dot) 896..897 "."
Ident 897..902 "cents"
    trail Whitespace 902..903 " "
Punct(Minus) 903..904 "-"
    trail Whitespace 904..905 " "
Ident 905..910 "other"
Punct(Dot) 910..911 "."
Ident 911..916 "cents"
    trail Whitespace 916..917 " "
Punct(RBrace) 917..918 "}"
Term 918..919 "\n"
    lead  Whitespace 919..923 "    "
Punct(RBrace) 923..924 "}"
Term 924..925 "\n"
Punct(RBrace) 925..926 "}"
Term 926..927 "\n"
    lead  Whitespace 927..928 "\n"
Kw(Impl) 928..932 "impl"
    trail Whitespace 932..933 " "
Ident 933..936 "Neg"
    trail Whitespace 936..937 " "
Kw(For) 937..940 "for"
    trail Whitespace 940..941 " "
Ident 941..946 "Money"
    trail Whitespace 946..947 " "
Punct(LBrace) 947..948 "{"
    lead  Whitespace 948..953 "\n    "
Kw(Fn) 953..955 "fn"
    trail Whitespace 955..956 " "
Ident 956..959 "neg"
Punct(LParen) 959..960 "("
Ident 960..964 "self"
Punct(RParen) 964..965 ")"
    trail Whitespace 965..966 " "
Punct(Arrow) 966..968 "->"
    trail Whitespace 968..969 " "
Ident 969..973 "Self"
    trail Whitespace 973..974 " "
Punct(LBrace) 974..975 "{"
    lead  Whitespace 975..984 "\n        "
Ident 984..989 "Money"
    trail Whitespace 989..990 " "
Punct(LBrace) 990..991 "{"
    trail Whitespace 991..992 " "
Ident 992..997 "cents"
Punct(Colon) 997..998 ":"
    trail Whitespace 998..999 " "
Punct(Minus) 999..1000 "-"
Ident 1000..1004 "self"
Punct(Dot) 1004..1005 "."
Ident 1005..1010 "cents"
    trail Whitespace 1010..1011 " "
Punct(RBrace) 1011..1012 "}"
Term 1012..1013 "\n"
    lead  Whitespace 1013..1017 "    "
Punct(RBrace) 1017..1018 "}"
Term 1018..1019 "\n"
Punct(RBrace) 1019..1020 "}"
Term 1020..1021 "\n"
    lead  Whitespace 1021..1022 "\n"
Kw(Fn) 1022..1024 "fn"
    trail Whitespace 1024..1025 " "
Ident 1025..1029 "main"
Punct(LParen) 1029..1030 "("
Punct(RParen) 1030..1031 ")"
    trail Whitespace 1031..1032 " "
Punct(Arrow) 1032..1034 "->"
    trail Whitespace 1034..1035 " "
Punct(Not) 1035..1036 "!"
Ident 1036..1039 "int"
    trail Whitespace 1039..1040 " "
Punct(LBrace) 1040..1041 "{"
    lead  Whitespace 1041..1046 "\n    "
Kw(Let) 1046..1049 "let"
    trail Whitespace 1049..1050 " "
Ident 1050..1051 "a"
    trail Whitespace 1051..1052 " "
Punct(Eq) 1052..1053 "="
    trail Whitespace 1053..1054 " "
Ident 1054..1059 "Money"
    trail Whitespace 1059..1060 " "
Punct(LBrace) 1060..1061 "{"
    trail Whitespace 1061..1062 " "
Ident 1062..1067 "cents"
Punct(Colon) 1067..1068 ":"
    trail Whitespace 1068..1069 " "
Int 1069..1072 "100"
    trail Whitespace 1072..1073 " "
Punct(RBrace) 1073..1074 "}"
Term 1074..1075 "\n"
    lead  Whitespace 1075..1079 "    "
Kw(Let) 1079..1082 "let"
    trail Whitespace 1082..1083 " "
Ident 1083..1084 "b"
    trail Whitespace 1084..1085 " "
Punct(Eq) 1085..1086 "="
    trail Whitespace 1086..1087 " "
Ident 1087..1092 "Money"
    trail Whitespace 1092..1093 " "
Punct(LBrace) 1093..1094 "{"
    trail Whitespace 1094..1095 " "
Ident 1095..1100 "cents"
Punct(Colon) 1100..1101 ":"
    trail Whitespace 1101..1102 " "
Int 1102..1104 "50"
    trail Whitespace 1104..1105 " "
Punct(RBrace) 1105..1106 "}"
Term 1106..1107 "\n"
    lead  Whitespace 1107..1111 "    "
Kw(Let) 1111..1114 "let"
    trail Whitespace 1114..1115 " "
Ident 1115..1116 "c"
    trail Whitespace 1116..1117 " "
Punct(Eq) 1117..1118 "="
    trail Whitespace 1118..1119 " "
Ident 1119..1120 "a"
    trail Whitespace 1120..1121 " "
Punct(Plus) 1121..1122 "+"
    trail Whitespace 1122..1123 " "
Ident 1123..1124 "b"
Term 1124..1125 "\n"
    lead  Whitespace 1125..1129 "    "
Ident 1129..1134 "print"
Punct(LParen) 1134..1135 "("
StrBegin(Plain) 1135..1136 "\""
InterpOpen 1136..1137 "{"
Ident 1137..1138 "c"
Punct(Dot) 1138..1139 "."
Ident 1139..1144 "cents"
InterpClose 1144..1145 "}"
StrEnd { dedent: 0 } 1145..1146 "\""
Punct(RParen) 1146..1147 ")"
Term 1147..1148 "\n"
    lead  Whitespace 1148..1152 "    "
Kw(Let) 1152..1155 "let"
    trail Whitespace 1155..1156 " "
Ident 1156..1157 "d"
    trail Whitespace 1157..1158 " "
Punct(Eq) 1158..1159 "="
    trail Whitespace 1159..1160 " "
Punct(Minus) 1160..1161 "-"
Ident 1161..1162 "c"
Term 1162..1163 "\n"
    lead  Whitespace 1163..1167 "    "
Ident 1167..1172 "print"
Punct(LParen) 1172..1173 "("
StrBegin(Plain) 1173..1174 "\""
InterpOpen 1174..1175 "{"
Ident 1175..1176 "d"
Punct(Dot) 1176..1177 "."
Ident 1177..1182 "cents"
InterpClose 1182..1183 "}"
StrEnd { dedent: 0 } 1183..1184 "\""
Punct(RParen) 1184..1185 ")"
Term 1185..1186 "\n"
    lead  Whitespace 1186..1190 "    "
Kw(Let) 1190..1193 "let"
    trail Whitespace 1193..1194 " "
Ident 1194..1195 "e"
    trail Whitespace 1195..1196 " "
Punct(Eq) 1196..1197 "="
    trail Whitespace 1197..1198 " "
Ident 1198..1199 "a"
    trail Whitespace 1199..1200 " "
Punct(Minus) 1200..1201 "-"
    trail Whitespace 1201..1202 " "
Ident 1202..1203 "b"
Term 1203..1204 "\n"
    lead  Whitespace 1204..1208 "    "
Ident 1208..1213 "print"
Punct(LParen) 1213..1214 "("
StrBegin(Plain) 1214..1215 "\""
InterpOpen 1215..1216 "{"
Ident 1216..1217 "e"
Punct(Dot) 1217..1218 "."
Ident 1218..1223 "cents"
InterpClose 1223..1224 "}"
StrEnd { dedent: 0 } 1224..1225 "\""
Punct(RParen) 1225..1226 ")"
Term 1226..1227 "\n"
    lead  Whitespace 1227..1231 "    "
Int 1231..1232 "0"
Term 1232..1233 "\n"
Punct(RBrace) 1233..1234 "}"
Term 1234..1235 "\n"
Eof 1235..1235 ""
