---
source: crates/wolf_lex/tests/corpus_snapshots.rs
expression: lexed.dump(&bytes)
---
    lead  InnerDocComment 0..94 "//! check: run(exit=0, stdout=\"let\\n…"
    lead  Whitespace 94..95 "\n"
    lead  InnerDocComment 95..109 "//! phase: run"
    lead  Whitespace 109..110 "\n"
    lead  InnerDocComment 110..155 "//! conforms: mem.list.slice, mem.mo…"
    lead  Whitespace 155..156 "\n"
    lead  InnerDocComment 156..159 "//!"
    lead  Whitespace 159..160 "\n"
    lead  InnerDocComment 160..231 "//! s187 (wolf-lang#479\'s neighbours…"
    lead  Whitespace 231..232 "\n"
    lead  InnerDocComment 232..304 "//! (`g[gi()][lo()..hi()]`) runs the…"
    lead  Whitespace 304..305 "\n"
    lead  InnerDocComment 305..375 "//! to right. As a member base the c…"
    lead  Whitespace 375..376 "\n"
    lead  InnerDocComment 376..443 "//! (`.len`) and three times (in an …"
    lead  Whitespace 443..444 "\n"
    lead  InnerDocComment 444..511 "//! release ran them once. lupin 0.1…"
    lead  Whitespace 511..512 "\n"
    lead  InnerDocComment 512..590 "//! plain `let` and three times as a…"
    lead  Whitespace 590..591 "\n"
    lead  InnerDocComment 591..640 "//! the driver gate pins that answer…"
    lead  Whitespace 640..642 "\n\n"
Kw(Fn) 642..644 "fn"
    trail Whitespace 644..645 " "
Ident 645..647 "lo"
Punct(LParen) 647..648 "("
Punct(RParen) 648..649 ")"
    trail Whitespace 649..650 " "
Punct(Arrow) 650..652 "->"
    trail Whitespace 652..653 " "
Ident 653..656 "int"
    trail Whitespace 656..657 " "
Punct(LBrace) 657..658 "{"
    lead  Whitespace 658..663 "\n    "
Ident 663..668 "print"
Punct(LParen) 668..669 "("
StrBegin(Plain) 669..670 "\""
StrFragment 670..672 "lo"
StrEnd { dedent: 0 } 672..673 "\""
Punct(RParen) 673..674 ")"
Term 674..675 "\n"
    lead  Whitespace 675..679 "    "
Int 679..680 "1"
Term 680..681 "\n"
Punct(RBrace) 681..682 "}"
Term 682..683 "\n"
    lead  Whitespace 683..684 "\n"
Kw(Fn) 684..686 "fn"
    trail Whitespace 686..687 " "
Ident 687..689 "hi"
Punct(LParen) 689..690 "("
Punct(RParen) 690..691 ")"
    trail Whitespace 691..692 " "
Punct(Arrow) 692..694 "->"
    trail Whitespace 694..695 " "
Ident 695..698 "int"
    trail Whitespace 698..699 " "
Punct(LBrace) 699..700 "{"
    lead  Whitespace 700..705 "\n    "
Ident 705..710 "print"
Punct(LParen) 710..711 "("
StrBegin(Plain) 711..712 "\""
StrFragment 712..714 "hi"
StrEnd { dedent: 0 } 714..715 "\""
Punct(RParen) 715..716 ")"
Term 716..717 "\n"
    lead  Whitespace 717..721 "    "
Int 721..722 "3"
Term 722..723 "\n"
Punct(RBrace) 723..724 "}"
Term 724..725 "\n"
    lead  Whitespace 725..726 "\n"
Kw(Fn) 726..728 "fn"
    trail Whitespace 728..729 " "
Ident 729..731 "gi"
Punct(LParen) 731..732 "("
Punct(RParen) 732..733 ")"
    trail Whitespace 733..734 " "
Punct(Arrow) 734..736 "->"
    trail Whitespace 736..737 " "
Ident 737..740 "int"
    trail Whitespace 740..741 " "
Punct(LBrace) 741..742 "{"
    lead  Whitespace 742..747 "\n    "
Ident 747..752 "print"
Punct(LParen) 752..753 "("
StrBegin(Plain) 753..754 "\""
StrFragment 754..756 "gi"
StrEnd { dedent: 0 } 756..757 "\""
Punct(RParen) 757..758 ")"
Term 758..759 "\n"
    lead  Whitespace 759..763 "    "
Int 763..764 "1"
Term 764..765 "\n"
Punct(RBrace) 765..766 "}"
Term 766..767 "\n"
    lead  Whitespace 767..768 "\n"
Kw(Fn) 768..770 "fn"
    trail Whitespace 770..771 " "
Ident 771..775 "main"
Punct(LParen) 775..776 "("
Punct(RParen) 776..777 ")"
    trail Whitespace 777..778 " "
Punct(Arrow) 778..780 "->"
    trail Whitespace 780..781 " "
Punct(Not) 781..782 "!"
Ident 782..785 "int"
    trail Whitespace 785..786 " "
Punct(LBrace) 786..787 "{"
    lead  Whitespace 787..792 "\n    "
Kw(Var) 792..795 "var"
    trail Whitespace 795..796 " "
Ident 796..797 "g"
    trail Whitespace 797..798 " "
Punct(Eq) 798..799 "="
    trail Whitespace 799..800 " "
Punct(LBracket) 800..801 "["
Punct(LBracket) 801..802 "["
Int 802..803 "1"
Punct(Comma) 803..804 ","
    trail Whitespace 804..805 " "
Int 805..806 "2"
Punct(Comma) 806..807 ","
    trail Whitespace 807..808 " "
Int 808..809 "3"
Punct(Comma) 809..810 ","
    trail Whitespace 810..811 " "
Int 811..812 "4"
Punct(RBracket) 812..813 "]"
Punct(Comma) 813..814 ","
    trail Whitespace 814..815 " "
Punct(LBracket) 815..816 "["
Int 816..817 "5"
Punct(Comma) 817..818 ","
    trail Whitespace 818..819 " "
Int 819..820 "6"
Punct(Comma) 820..821 ","
    trail Whitespace 821..822 " "
Int 822..823 "7"
Punct(Comma) 823..824 ","
    trail Whitespace 824..825 " "
Int 825..826 "8"
Punct(RBracket) 826..827 "]"
Punct(RBracket) 827..828 "]"
Term 828..829 "\n"
    lead  Whitespace 829..833 "    "
Ident 833..838 "print"
Punct(LParen) 838..839 "("
StrBegin(Plain) 839..840 "\""
StrFragment 840..843 "let"
StrEnd { dedent: 0 } 843..844 "\""
Punct(RParen) 844..845 ")"
Term 845..846 "\n"
    lead  Whitespace 846..850 "    "
Kw(Let) 850..853 "let"
    trail Whitespace 853..854 " "
Ident 854..855 "s"
    trail Whitespace 855..856 " "
Punct(Eq) 856..857 "="
    trail Whitespace 857..858 " "
Ident 858..859 "g"
Punct(LBracket) 859..860 "["
Ident 860..862 "gi"
Punct(LParen) 862..863 "("
Punct(RParen) 863..864 ")"
Punct(RBracket) 864..865 "]"
Punct(LBracket) 865..866 "["
Ident 866..868 "lo"
Punct(LParen) 868..869 "("
Punct(RParen) 869..870 ")"
Punct(DotDot) 870..872 ".."
Ident 872..874 "hi"
Punct(LParen) 874..875 "("
Punct(RParen) 875..876 ")"
Punct(RBracket) 876..877 "]"
Term 877..878 "\n"
    lead  Whitespace 878..882 "    "
Ident 882..887 "print"
Punct(LParen) 887..888 "("
StrBegin(Plain) 888..889 "\""
InterpOpen 889..890 "{"
Ident 890..891 "s"
Punct(Dot) 891..892 "."
Ident 892..895 "len"
InterpClose 895..896 "}"
StrEnd { dedent: 0 } 896..897 "\""
Punct(RParen) 897..898 ")"
Term 898..899 "\n"
    lead  Whitespace 899..903 "    "
Ident 903..908 "print"
Punct(LParen) 908..909 "("
StrBegin(Plain) 909..910 "\""
StrFragment 910..913 "len"
StrEnd { dedent: 0 } 913..914 "\""
Punct(RParen) 914..915 ")"
Term 915..916 "\n"
    lead  Whitespace 916..920 "    "
Kw(Let) 920..923 "let"
    trail Whitespace 923..924 " "
Ident 924..925 "n"
    trail Whitespace 925..926 " "
Punct(Eq) 926..927 "="
    trail Whitespace 927..928 " "
Ident 928..929 "g"
Punct(LBracket) 929..930 "["
Ident 930..932 "gi"
Punct(LParen) 932..933 "("
Punct(RParen) 933..934 ")"
Punct(RBracket) 934..935 "]"
Punct(LBracket) 935..936 "["
Ident 936..938 "lo"
Punct(LParen) 938..939 "("
Punct(RParen) 939..940 ")"
Punct(DotDot) 940..942 ".."
Ident 942..944 "hi"
Punct(LParen) 944..945 "("
Punct(RParen) 945..946 ")"
Punct(RBracket) 946..947 "]"
Punct(Dot) 947..948 "."
Ident 948..951 "len"
Term 951..952 "\n"
    lead  Whitespace 952..956 "    "
Ident 956..961 "print"
Punct(LParen) 961..962 "("
StrBegin(Plain) 962..963 "\""
InterpOpen 963..964 "{"
Ident 964..965 "n"
InterpClose 965..966 "}"
StrEnd { dedent: 0 } 966..967 "\""
Punct(RParen) 967..968 ")"
Term 968..969 "\n"
    lead  Whitespace 969..973 "    "
Ident 973..978 "print"
Punct(LParen) 978..979 "("
StrBegin(Plain) 979..980 "\""
StrFragment 980..984 "hole"
StrEnd { dedent: 0 } 984..985 "\""
Punct(RParen) 985..986 ")"
Term 986..987 "\n"
    lead  Whitespace 987..991 "    "
Ident 991..996 "print"
Punct(LParen) 996..997 "("
StrBegin(Plain) 997..998 "\""
InterpOpen 998..999 "{"
Ident 999..1000 "g"
Punct(LBracket) 1000..1001 "["
Ident 1001..1003 "gi"
Punct(LParen) 1003..1004 "("
Punct(RParen) 1004..1005 ")"
Punct(RBracket) 1005..1006 "]"
Punct(LBracket) 1006..1007 "["
Ident 1007..1009 "lo"
Punct(LParen) 1009..1010 "("
Punct(RParen) 1010..1011 ")"
Punct(DotDot) 1011..1013 ".."
Ident 1013..1015 "hi"
Punct(LParen) 1015..1016 "("
Punct(RParen) 1016..1017 ")"
Punct(RBracket) 1017..1018 "]"
Punct(Dot) 1018..1019 "."
Ident 1019..1022 "len"
InterpClose 1022..1023 "}"
StrEnd { dedent: 0 } 1023..1024 "\""
Punct(RParen) 1024..1025 ")"
Term 1025..1026 "\n"
    lead  Whitespace 1026..1030 "    "
Int 1030..1031 "0"
Term 1031..1032 "\n"
Punct(RBrace) 1032..1033 "}"
Term 1033..1034 "\n"
Eof 1034..1034 ""
