---
source: crates/wolf_lex/tests/diagnostics.rs
expression: "format!(\"{:#?}\", lexed.diagnostics)"
---
[
    Diagnostic {
        code: E0101,
        severity: Error,
        message: "there is no `\\q` escape in wolf",
        primary: LabeledSpan {
            span: Span {
                file: FileId(
                    0,
                ),
                lo: 10,
                hi: 12,
            },
            label: "",
        },
        secondary: [],
        notes: [
            "the escapes wolf understands are `\\n`, `\\t`, `\\r`, `\\0`, `\\\\`, `\\\"`, `\\xNN`, and `\\u{…}`. For a literal backslash, write `\\\\`; for text with no escapes at all, use a raw string `r\"…\"`.",
        ],
        suggestions: [],
    },
]
