---
source: crates/wolf_parse/tests/ambiguity_trees.rs
expression: out
---
== tree ==
SourceFile 726..843
  StructDecl 726..749
    StructKw 726..732 "struct"
    Ident 733..738 "Point"
    LBrace 739..740 "{"
    StructField 741..747
      Ident 741..742 "x"
      Colon 742..743 ":"
      PathType 744..747
        Path 744..747
          Ident 744..747 "int"
    RBrace 748..749 "}"
  Term 749..750 "\n"
  FnDecl 751..842
    FnKw 751..753 "fn"
    Ident 754..758 "main"
    ParamList 758..760
      LParen 758..759 "("
      RParen 759..760 ")"
    RetType 761..768
      Arrow 761..763 "->"
      ErrorUnionType 764..768
        Not 764..765 "!"
        PathType 765..768
          Path 765..768
            Ident 765..768 "int"
    Block 769..842
      LBrace 769..770 "{"
      LetDecl 775..798
        LetKw 775..778 "let"
        IdentPat 779..780
          Ident 779..780 "p"
        Eq 781..782 "="
        StructLit 783..797
          PathExpr 783..788
            Ident 783..788 "Point"
          LBrace 789..790 "{"
          FieldInit 791..795
            Ident 791..792 "x"
            Colon 792..793 ":"
            LiteralExpr 794..795
              Int 794..795 "0"
          RBrace 796..797 "}"
        Term 797..798 "\n"
      LetDecl 802..827
        LetKw 802..805 "let"
        IdentPat 806..807
          Ident 806..807 "q"
        Eq 808..809 "="
        ParenExpr 810..826
          LParen 810..811 "("
          StructLit 811..825
            PathExpr 811..816
              Ident 811..816 "Point"
            LBrace 817..818 "{"
            FieldInit 819..823
              Ident 819..820 "x"
              Colon 820..821 ":"
              LiteralExpr 822..823
                Int 822..823 "0"
            RBrace 824..825 "}"
          RParen 825..826 ")"
        Term 826..827 "\n"
      ExprStmt 831..841
        BinExpr 831..840
          MemberExpr 831..834
            PathExpr 831..832
              Ident 831..832 "p"
            Dot 832..833 "."
            Ident 833..834 "x"
          Plus 835..836 "+"
          MemberExpr 837..840
            PathExpr 837..838
              Ident 837..838 "q"
            Dot 838..839 "."
            Ident 839..840 "x"
        Term 840..841 "\n"
      RBrace 841..842 "}"
  Term 842..843 "\n"
  Eof 843..843 ""
== diagnostics ==
