---
source: crates/wolf_parse/tests/corpus_decls.rs
expression: dump
---
StructDecl 323..353 name=Counter fields=1
ImplDecl 355..555 path=Counter
  FnDecl 374..416 name=get body=Block
  FnDecl 422..497 name=bump body=Block
  FnDecl 503..553 name=finish body=Block
FnDecl 557..726 name=main body=Block
