---
source: crates/wolf_mem/tests/mem_diagnostics.rs
expression: render_mem(src)
---
error[E1002]: `xs.len` is read for this call after `xs[0]` goes `mut` in it
 --> mem:///main.lu:6:21
  |
6 |     bump(mut xs[0], xs.len)
  |              ----- `xs[0]` is passed `mut` here
  |                     ^^^^^^ read of a place being mutated
  |
  = note: `xs[0]` and `xs.len` are an element and a member of one container; under a claim the
    member is read as the whole container, so the two still conflict [mem.model.place.elem].
    Read the value into a local before the call, or pass disjoint fields.
